05-14 15:27:13.002  3167  4205 V AlarmManager: sending alarm Alarm{e23a691 type 1 origWhen 1778752633002 whenElapsed 746058945 android} uid 1000 whenElapsed 746058945 windowLength 0 maxWhenElapsed 746058945 repeatInterval 0 action null component null tag StorgaeBandInfoAlarmTag flags 0x9 procName system_server
05-14 15:27:15.007  3167  4205 V AlarmManager: sending alarm Alarm{3d25d32 type 1 origWhen 1778752635006 whenElapsed 746060949 android} uid 1000 whenElapsed 746060949 windowLength 0 maxWhenElapsed 746060949 repeatInterval 0 action null component null tag StorgaeBandInfoAlarmTag flags 0x9 procName system_server
05-14 15:27:15.008  3167  4407 D NotificationService--OplusNotificationFixHelper: fixAppIcon: pkg=android
05-14 15:27:15.008  3167  4407 D NotificationService--OplusNotificationFixHelper: fixAppIcon: appIcon = null, pkg = android
05-14 15:27:15.010  3167  4407 I OplusStatusBarManagerServiceEnhance:  getTopIsFullscreen mTopIsFullscreen: false
05-14 15:27:15.020  3167  3167 D NotificationService--OplusNotificationManagerServiceExtImpl: isForwardToAssistants: false, case : Is in mMcsNotInterceptPkgList or is isSystemApp
05-14 15:27:15.020  3167  3167 D NotificationService: This application enqueue notifications is not need postDelayed
05-14 15:27:15.485  3167  6895 D ActivityManager: Async freezing 18637 com.android.vending
05-14 15:27:15.486  3167  6895 D ActivityManager: Async freezing 18918 com.android.vending:background
05-14 15:27:17.010  3167  4205 V AlarmManager: sending alarm Alarm{af07acf type 1 origWhen 1778752637009 whenElapsed 746062952 android} uid 1000 whenElapsed 746062952 windowLength 0 maxWhenElapsed 746062952 repeatInterval 0 action null component null tag StorgaeBandInfoAlarmTag flags 0x9 procName system_server
05-14 15:27:17.356  3167  4199 D ActivityManager: freezing 30446 com.oneplus.deskclock:clockWidget
05-14 15:27:17.358  3167  4199 D ActivityManager: Freeze process 30446, not check file locks
05-14 15:27:17.358  3167  4199 D ActivityManager: reportOneUidFrozenStateChanged uid 10211 frozen = true
05-14 15:27:17.742  3167  4983 W SettingsStatsUtil: Can not parse value to float: +network
05-14 15:27:18.046  3167  4291 V NetworkPolicy: updateNetworkEnabledNL() return
05-14 15:27:18.046  3167  4291 V NetworkPolicy: updateNotificationsNL not process
05-14 15:27:18.050  3167  4407 D NotificationService--OplusNotificationFixHelper: fixAppIcon: pkg=android
05-14 15:27:18.050  3167  4407 D NotificationService--OplusNotificationFixHelper: fixAppIcon: appIcon = null, pkg = android
05-14 15:27:18.051  3167  4407 I OplusStatusBarManagerServiceEnhance:  getTopIsFullscreen mTopIsFullscreen: false
05-14 15:27:18.055  3167  3167 D NotificationService--OplusNotificationManagerServiceExtImpl: isForwardToAssistants: false, case : Is in mMcsNotInterceptPkgList or is isSystemApp
05-14 15:27:18.055  3167  3167 D NotificationService: This application enqueue notifications is not need postDelayed
05-14 15:27:18.583  3167  4983 E OplusCustomizePackageManagerService: getAdbInstallUninstallDisabled start
05-14 15:27:19.020  3167  4205 V AlarmManager: sending alarm Alarm{fc0c731 type 1 origWhen 1778752639020 whenElapsed 746064963 android} uid 1000 whenElapsed 746064963 windowLength 0 maxWhenElapsed 746064963 repeatInterval 0 action null component null tag StorgaeBandInfoAlarmTag flags 0x9 procName system_server
05-14 15:27:20.257  3167  4056 D osense.compress: com.google.android.gms do shrink, target ratio = 58, final ratio = 70, cur ratio = 46
05-14 15:27:20.950  3167  4983 D PackageInstallerSessionExtImpl: no pre: undesired name
05-14 15:27:20.960  3167  4983 D OplusInstallAccelerateManager: startAccelerate()
05-14 15:27:20.960  3167  4983 D OplusInstallAccelerateManager: operateCpuBouncingIfNeeded()
05-14 15:27:20.960  3167  4983 D OplusInstallAccelerateManager: originatingPackageName = unknown
05-14 15:27:20.960  3167  4983 D OplusInstallAccelerateManager: initiatingPackageName = com.android.shell
05-14 15:27:20.960  3167  4983 D OplusInstallAccelerateManager: installerPackageName = unknown
05-14 15:27:20.960  3167  4983 D OplusInstallAccelerateManager: disableCpuBouncing()
05-14 15:27:20.979  3167  4045 D PackageInstallerSessionExtImpl: not get pre-parsed ret
05-14 15:27:21.023  3167  4205 V AlarmManager: sending alarm Alarm{b60dea1 type 1 origWhen 1778752641023 whenElapsed 746066966 android} uid 1000 whenElapsed 746066966 windowLength 0 maxWhenElapsed 746066966 repeatInterval 0 action null component null tag StorgaeBandInfoAlarmTag flags 0x9 procName system_server
05-14 15:27:21.075  3167  4407 D NotificationService--OplusNotificationFixHelper: fixAppIcon: pkg=android
05-14 15:27:21.075  3167  4407 D NotificationService--OplusNotificationFixHelper: fixAppIcon: appIcon = null, pkg = android
05-14 15:27:21.076  3167  4407 I OplusStatusBarManagerServiceEnhance:  getTopIsFullscreen mTopIsFullscreen: false
05-14 15:27:21.077  3167  4045 I PackageInstallerSessionExtImpl: not Mainline update session, skip
05-14 15:27:21.082  3167  3167 D NotificationService--OplusNotificationManagerServiceExtImpl: isForwardToAssistants: false, case : Is in mMcsNotInterceptPkgList or is isSystemApp
05-14 15:27:21.082  3167  3167 D NotificationService: This application enqueue notifications is not need postDelayed
05-14 15:27:21.088  3167  3442 D PackageInstallerSessionExtImpl: hasPreExtract: false
05-14 15:27:21.094  3167  3442 I Watchdog: Pausing HandlerChecker: i/o thread for reason: extract_native_libraries. Pause count: 1
05-14 15:27:21.109  3167  3442 I Watchdog: Resuming HandlerChecker: i/o thread for reason: extract_native_libraries. Pause count: 0
05-14 15:27:21.126  3167  3507 D ActivityManager: Cancel freezing 18637 com.android.vending
05-14 15:27:21.127  3167  3507 D ActivityManager: Cancel freezing 18918 com.android.vending:background
05-14 15:27:21.220 18637 18827 I AconfigFlags: Using new flag storage
05-14 15:27:21.228 21650 21743 V Configuration: Updating configuration, locales updated from [] to [en_GB]
05-14 15:27:21.229 21650 21743 D ParsingPackageUtilsExtImpl: adjustXmlValidator skip verify tag packageName: com.profujjwal007.FRename , bootCompleted: true
05-14 15:27:21.229 18637 18827 V Configuration: Updating configuration, locales updated from [] to [en_GB]
05-14 15:27:21.231 18637 18827 D ParsingPackageUtilsExtImpl: adjustXmlValidator skip verify tag packageName: com.profujjwal007.FRename , bootCompleted: true
05-14 15:27:21.963  3167  3462 W ProcessStats: Tracking association SourceState{5f1dc13 com.oplus.pantanal.ums/10163 BFgs #1429028} whose proc state 4 is better than process ProcessState{ad11b5d com.oplus.wirelesssettings:seed/1000 pkg=com.oplus.wirelesssettings} proc state 14 (1 skipped)
05-14 15:27:22.547  3167  3507 I PackageManager: Continuing with installation of file:///data/app/vmdl2141681532.tmp
05-14 15:27:22.548  3167  4045 D InstallDependencyHelper: No missing dependency for com.profujjwal007.FRename
05-14 15:27:22.549  3167  4045 D OplusPackageInstallInterceptManager: installStage send adb install pkg:com.profujjwal007.FRename   path: /data/app/vmdl2141681532.tmp/base.apk installFlags:4194482
05-14 15:27:22.549  3167  4045 D OplusPackageInstallInterceptManager: installStage send adb replace install, silent
05-14 15:27:22.549  3167  4045 D PackageManager: installStage com.profujjwal007.FRename, dir=/data/app/vmdl2141681532.tmp, installerPackageName=null, installerUid=2000, full=false
05-14 15:27:22.550  3167  4045 D PackageManager: installStage com.profujjwal007.FRename0
05-14 15:27:22.556  3167  3507 D PackageManager: installStage use for0
05-14 15:27:22.578  3167  3507 V Configuration: Updating configuration, locales updated from [] to [en_GB]
05-14 15:27:22.579  3167  3507 D ParsingPackageUtilsExtImpl: adjustXmlValidator skip verify tag packageName: com.profujjwal007.FRename , bootCompleted: true
05-14 15:27:22.589  3167  3507 W OplusCustomizePmsFeature: getCustomDisallowInstallListFromPolicy disallowInstallList: []
05-14 15:27:22.596  3167  3507 W ContextImpl: Calling a method in the system process without a qualified user: android.app.ContextImpl.sendBroadcast:1296 com.android.server.pm.PackageManagerServiceExtImpl.sendOplusBroadcastForDownloadLink:4713 com.android.server.pm.InstallPackageHelper.preparePackage:2127 com.android.server.pm.InstallPackageHelper.prepareInstallPackages:1350 com.android.server.pm.InstallPackageHelper.installPackagesTraced:1096 
05-14 15:27:22.601  3167  3507 I PackageManager: Update package com.profujjwal007.FRename code path from /data/app/~~GqotA4I_CZcmCD0wlA0atQ==/com.profujjwal007.FRename-rMOARBe89kBIy6Q1BoaGxA== to /data/app/vmdl2141681532.tmp; Retain data and using new
05-14 15:27:22.824  3167 18383 D OplusDexSceneManager:  High temp 399 with highTemperatureThreshold 380 pkg:com.profujjwal007.FRename reason: install
05-14 15:27:22.824  3167 18383 D OplusDexSceneManager: High temp for : com.profujjwal007.FRename install
05-14 15:27:22.831  3167 18383 W OplusSingleDexoptContainerImpl: oplus checkAndSetBeforeStart success: packageName= com.profujjwal007.FRename priority= 60 compilerFilter= skip
05-14 15:27:22.857  3167  3507 I AppsFilter: interaction: PackageSetting{84b086e com.android.microdroid.empty_payload/10300} -> PackageSetting{b5f4c74 com.profujjwal007.FRename/10472} BLOCKED
05-14 15:27:22.859  3167  3507 I AppsFilter: interaction: PackageSetting{57219eb com.oplus.locationproxy/10221} -> PackageSetting{b5f4c74 com.profujjwal007.FRename/10472} BLOCKED
05-14 15:27:22.859  3167  3507 I AppsFilter: interaction: PackageSetting{c3312c com.android.certinstaller/10264} -> PackageSetting{b5f4c74 com.profujjwal007.FRename/10472} BLOCKED
05-14 15:27:22.859  3167  3507 I AppsFilter: interaction: PackageSetting{3102904 com.oplus.location/10282} -> PackageSetting{b5f4c74 com.profujjwal007.FRename/10472} BLOCKED
05-14 15:27:22.860  3167  3507 I AppsFilter: interaction: PackageSetting{84b086e com.android.microdroid.empty_payload/10300} -> PackageSetting{1862d3d com.profujjwal007.FRename/10472} BLOCKED
05-14 15:27:22.861  3167  3507 I AppsFilter: interaction: PackageSetting{57219eb com.oplus.locationproxy/10221} -> PackageSetting{1862d3d com.profujjwal007.FRename/10472} BLOCKED
05-14 15:27:22.861  3167  3507 I AppsFilter: interaction: PackageSetting{c3312c com.android.certinstaller/10264} -> PackageSetting{1862d3d com.profujjwal007.FRename/10472} BLOCKED
05-14 15:27:22.861  3167  3507 I AppsFilter: interaction: PackageSetting{3102904 com.oplus.location/10282} -> PackageSetting{1862d3d com.profujjwal007.FRename/10472} BLOCKED
05-14 15:27:22.868  3167  3507 W PackageManager: Skipping non-preload apk path: /data/app/~~GqotA4I_CZcmCD0wlA0atQ==/com.profujjwal007.FRename-rMOARBe89kBIy6Q1BoaGxA==/base.apk
05-14 15:27:22.894  3167  3507 I AppsFilter: interaction: PackageSetting{1862d3d com.profujjwal007.FRename/10472} -> PackageSetting{b582f56 com.meesho.supply/10397} queries component
05-14 15:27:22.894  3167  3507 I AppsFilter: interaction: PackageSetting{1862d3d com.profujjwal007.FRename/10472} -> PackageSetting{bc2f553 com.snapchat.android/10468} queries component
05-14 15:27:22.894  3167  3507 I AppsFilter: interaction: PackageSetting{1862d3d com.profujjwal007.FRename/10472} -> PackageSetting{2dc4571 com.oplus.nfcengineertest/10273} force queryable
05-14 15:27:22.894  3167  3507 I AppsFilter: interaction: PackageSetting{1862d3d com.profujjwal007.FRename/10472} -> PackageSetting{dc6c718 com.google.android.photopicker/10315} queries component
05-14 15:27:22.894  3167  3507 I AppsFilter: interaction: PackageSetting{1862d3d com.profujjwal007.FRename/10472} -> PackageSetting{706d58f com.android.cellbroadcastreceiver.overlay.common/10017} force queryable
05-14 15:27:22.894  3167  3507 I AppsFilter: interaction: PackageSetting{1862d3d com.profujjwal007.FRename/10472} -> PackageSetting{9fbde87 com.android.providers.contacts/10079} force queryable
05-14 15:27:22.894  3167  3507 I AppsFilter: interaction: PackageSetting{1862d3d com.profujjwal007.FRename/10472} -> PackageSetting{bc2aef5 com.oplus.plugin/10249} force queryable
05-14 15:27:22.894  3167  3507 I AppsFilter: interaction: PackageSetting{1862d3d com.profujjwal007.FRename/10472} -> PackageSetting{f687fdf com.qualcomm.timeservice/10104} force queryable
05-14 15:27:22.894  3167  3507 I AppsFilter: interaction: PackageSetting{1862d3d com.profujjwal007.FRename/10472} -> PackageSetting{83ace7e com.oneplus.colorx/10177} force queryable
05-14 15:27:22.894  3167  3507 I AppsFilter: interaction: PackageSetting{1862d3d com.profujjwal007.FRename/10472} -> PackageSetting{446c839 com.ttee.leeplayer/10412} queries component
05-14 15:27:22.894  3167  3507 I AppsFilter: interaction: PackageSetting{1862d3d com.profujjwal007.FRename/10472} -> PackageSetting{561f800 com.qualcomm.qti.gpudrivers.pineapple.api34/10105} force queryable
05-14 15:27:22.894  3167  3507 I AppsFilter: interaction: PackageSetting{1862d3d com.profujjwal007.FRename/10472} -> PackageSetting{194d132 com.oplus.nrMode/10246} force queryable
05-14 15:27:22.894  3167  3507 I AppsFilter: interaction: PackageSetting{1862d3d com.profujjwal007.FRename/10472} -> PackageSetting{159153d com.qti.qcc/10285} force queryable
05-14 15:27:22.894  3167  3507 I AppsFilter: interaction: PackageSetting{1862d3d com.profujjwal007.FRename/10472} -> PackageSetting{a310694 com.qti.dcf/10259} force queryable
05-14 15:27:22.894  3167  3507 I AppsFilter: interaction: PackageSetting{1862d3d com.profujjwal007.FRename/10472} -> PackageSetting{f0450a6 com.qualcomm.qti.qms.service.trustzoneaccess/10106} force queryable
05-14 15:27:22.894  3167  3507 I AppsFilter: interaction: PackageSetting{1862d3d com.profujjwal007.FRename/10472} -> PackageSetting{b29da01 com.oplus.linker/10158} force queryable
05-14 15:27:22.894  3167  3507 I AppsFilter: interaction: PackageSetting{1862d3d com.profujjwal007.FRename/10472} -> PackageSetting{2f9f90b com.android.traceur/10102} force queryable
05-14 15:27:22.894  3167  3507 I AppsFilter: interaction: PackageSetting{1862d3d com.profujjwal007.FRename/10472} -> PackageSetting{f787cef com.oplus.appsense/10404} force queryable
05-14 15:27:22.894  3167  3507 I AppsFilter: interaction: PackageSetting{1862d3d com.profujjwal007.FRename/10472} -> PackageSetting{3c5ca93 com.google.android.ondevicepersonalization.services/10321} force queryable
05-14 15:27:22.895  3167  3507 I AppsFilter: interaction: PackageSetting{1862d3d com.profujjwal007.FRename/10472} -> PackageSetting{b7f3fee com.android.systemui/10254} force queryable
05-14 15:27:22.895  3167  3507 I AppsFilter: interaction: PackageSetting{1862d3d com.profujjwal007.FRename/10472} -> PackageSetting{933bc64 com.qualcomm.qti.xrcb/10261} force queryable
05-14 15:27:22.895  3167  3507 I AppsFilter: interaction: PackageSetting{1862d3d com.profujjwal007.FRename/10472} -> PackageSetting{bac4ff0 com.android.emergency/10111} force queryable
05-14 15:27:22.895  3167  3507 I AppsFilter: interaction: PackageSetting{1862d3d com.profujjwal007.FRename/10472} -> PackageSetting{2468cb8 com.oplus.camera/10192} force queryable
05-14 15:27:22.895  3167  3507 I AppsFilter: interaction: PackageSetting{1862d3d com.profujjwal007.FRename/10472} -> PackageSetting{9448033 com.android.providers.userdictionary/10079} force queryable
05-14 15:27:22.895  3167  3507 I AppsFilter: interaction: PackageSetting{1862d3d com.profujjwal007.FRename/10472} -> PackageSetting{5080ba2 com.android.providers.blockednumber/10079} force queryable
05-14 15:27:22.895  3167  3507 I AppsFilter: interaction: PackageSetting{1862d3d com.profujjwal007.FRename/10472} -> PackageSetting{c7f3fcc com.android.wallpaperbackup/10101} force queryable
05-14 15:27:22.895  3167  3507 I AppsFilter: interaction: PackageSetting{1862d3d com.profujjwal007.FRename/10472} -> PackageSetting{70da959 com.oplus.cosa/10206} force queryable
05-14 15:27:22.895  3167  3507 I AppsFilter: interaction: PackageSetting{1862d3d com.profujjwal007.FRename/10472} -> PackageSetting{ea129a0 com.oplus.cast/10143} force queryable
05-14 15:27:22.895  3167  3507 I AppsFilter: interaction: PackageSetting{1862d3d com.profujjwal007.FRename/10472} -> PackageSetting{7e2f2a3 com.oplus.blur/10240} force queryable
05-14 15:27:22.895  3167  3507 I AppsFilter: interaction: PackageSetting{1862d3d com.profujjwal007.FRename/10472} -> PackageSetting{c225e34 com.oplus.aicall/10110} force queryable
05-14 15:27:22.895  3167  3507 I AppsFilter: interaction: PackageSetting{1862d3d com.profujjwal007.FRename/10472} -> PackageSetting{3233d7a com.fido.uafclient/10289} force queryable
05-14 15:27:22.895  3167  3507 I AppsFilter: interaction: PackageSetting{1862d3d com.profujjwal007.FRename/10472} -> PackageSetting{bf7e5a5 com.android.vpndialogs/10255} force queryable
05-14 15:27:22.895  3167  3507 I AppsFilter: interaction: PackageSetting{1862d3d com.profujjwal007.FRename/10472} -> PackageSetting{e94b01c android.framework.res.rro.oneplus/10061} force queryable
05-14 15:27:22.895  3167  3507 I AppsFilter: interaction: PackageSetting{1862d3d com.profujjwal007.FRename/10472} -> PackageSetting{f50b79c com.oplus.gesture/10281} force queryable
05-14 15:27:22.895  3167  3507 I AppsFilter: interaction: PackageSetting{1862d3d com.profujjwal007.FRename/10472} -> PackageSetting{7984b0f com.oplus.tai.wifiqoe/10287} force queryable
05-14 15:27:22.895  3167  3507 I AppsFilter: interaction: PackageSetting{1862d3d com.profujjwal007.FRename/10472} -> PackageSetting{49fb425 com.qualcomm.qti.uimGbaApp/10174} force queryable
05-14 15:27:22.895  3167  3507 I AppsFilter: interaction: PackageSetting{1862d3d com.profujjwal007.FRename/10472} -> PackageSetting{2504c22 com.oplus.motionsense/10407} force queryable
05-14 15:27:22.895  3167  3507 I AppsFilter: interaction: PackageSetting{1862d3d com.profujjwal007.FRename/10472} -> PackageSetting{c9ae5ed com.heytap.accessory/10137} force queryable
05-14 15:27:22.895  3167  3507 I AppsFilter: interaction: PackageSetting{1862d3d com.profujjwal007.FRename/10472} -> PackageSetting{a8129fa com.google.android.overlay.modules.modulemetadata.forframework/10031} force queryable
05-14 15:27:22.895  3167  3507 I AppsFilter: interaction: PackageSetting{1862d3d com.profujjwal007.FRename/10472} -> PackageSetting{f4d7017 com.coloros.video/10380} queries component
05-14 15:27:22.901  3167  3507 I AppsFilter: interaction: PackageSetting{1862d3d com.profujjwal007.FRename/10472} -> PackageSetting{e2a4535 com.oplus.engineercamera/10275} force queryable
05-14 15:27:22.901  3167  3507 I AppsFilter: interaction: PackageSetting{1862d3d com.profujjwal007.FRename/10472} -> PackageSetting{5253bab com.qualcomm.location/10258} force queryable
05-14 15:27:22.901  3167  3507 I AppsFilter: interaction: PackageSetting{1862d3d com.profujjwal007.FRename/10472} -> PackageSetting{6aa1c1f com.oplus.multiapp/10280} force queryable
05-14 15:27:22.901  3167  3507 I AppsFilter: interaction: PackageSetting{1862d3d com.profujjwal007.FRename/10472} -> PackageSetting{9cc33be com.oplus.virtualcomm/10247} force queryable
05-14 15:27:22.902  3167  3507 I AppsFilter: interaction: PackageSetting{1862d3d com.profujjwal007.FRename/10472} -> PackageSetting{5d57a79 com.myntra.android/10399} queries component
05-14 15:27:22.902  3167  3507 I AppsFilter: interaction: PackageSetting{1862d3d com.profujjwal007.FRename/10472} -> PackageSetting{a4ab208 com.google.android.overlay.modules.captiveportallogin.forframework/10020} force queryable
05-14 15:27:22.902  3167  3507 I AppsFilter: interaction: PackageSetting{1862d3d com.profujjwal007.FRename/10472} -> PackageSetting{57ad6c3 com.heytap.browser/10208} queries component
05-14 15:27:22.902  3167  3507 I AppsFilter: interaction: PackageSetting{1862d3d com.profujjwal007.FRename/10472} -> PackageSetting{e95237d com.google.android.apps.nbu.paisa.user/10179} queries component
05-14 15:27:22.902  3167  3507 I AppsFilter: interaction: PackageSetting{1862d3d com.profujjwal007.FRename/10472} -> PackageSetting{5f30043 com.qualcomm.qti.cne/10103} force queryable
05-14 15:27:22.902  3167  3507 I AppsFilter: interaction: PackageSetting{1862d3d com.profujjwal007.FRename/10472} -> PackageSetting{cd23934 com.linkedin.android/10345} queries component
05-14 15:27:22.902  3167  3507 I AppsFilter: interaction: PackageSetting{1862d3d com.profujjwal007.FRename/10472} -> PackageSetting{b006f27 com.android.storagemanager/10251} force queryable
05-14 15:27:22.902  3167  3507 I AppsFilter: interaction: PackageSetting{1862d3d com.profujjwal007.FRename/10472} -> PackageSetting{b74894b com.google.android.gms.supervision/10115} force queryable
05-14 15:27:22.902  3167  3507 I AppsFilter: interaction: PackageSetting{1862d3d com.profujjwal007.FRename/10472} -> PackageSetting{cacaa1a com.oplus.keyguard.clock.graffiti/10271} force queryable
05-14 15:27:22.902  3167  3507 I AppsFilter: interaction: PackageSetting{1862d3d com.profujjwal007.FRename/10472} -> PackageSetting{e3c6da1 com.android.safetycenter.styles.overlay/10012} force queryable
05-14 15:27:22.902  3167  3507 I AppsFilter: interaction: PackageSetting{1862d3d com.profujjwal007.FRename/10472} -> PackageSetting{aa03d09 com.google.mainline.adservices/10171} force queryable
05-14 15:27:22.902  3167  3507 I AppsFilter: interaction: PackageSetting{1862d3d com.profujjwal007.FRename/10472} -> PackageSetting{577cba4 com.oplus.remotecontrol/10128} force queryable
05-14 15:27:22.902  3167  3507 I AppsFilter: interaction: PackageSetting{1862d3d com.profujjwal007.FRename/10472} -> PackageSetting{e2e8a37 com.oplus.keyguard.clock.magazine/10272} force queryable
05-14 15:27:22.902  3167  3507 I AppsFilter: interaction: PackageSetting{1862d3d com.profujjwal007.FRename/10472} -> PackageSetting{b4ac4d1 com.android.wallpaper.livepicker/10292} force queryable
05-14 15:27:22.902  3167  3507 I AppsFilter: interaction: PackageSetting{1862d3d com.profujjwal007.FRename/10472} -> PackageSetting{cac27f8 com.fido.fido2client/10266} force queryable
05-14 15:27:22.902  3167  3507 I AppsFilter: interaction: PackageSetting{1862d3d com.profujjwal007.FRename/10472} -> PackageSetting{4a7ebc6 com.android.role.notes.enabled/10034} force queryable
05-14 15:27:22.902  3167  3507 I AppsFilter: interaction: PackageSetting{1862d3d com.profujjwal007.FRename/10472} -> PackageSetting{8062e5e com.oplus.stdsp/10236} force queryable
05-14 15:27:22.902  3167  3507 I AppsFilter: interaction: PackageSetting{1862d3d com.profujjwal007.FRename/10472} -> PackageSetting{9663b99 com.android.devicediagnostics/10376} force queryable
05-14 15:27:22.902  3167  3507 I AppsFilter: interaction: PackageSetting{1862d3d com.profujjwal007.FRename/10472} -> PackageSetting{eb6129d com.oplus.keyguard.style.widgets/10400} force queryable
05-14 15:27:22.902  3167  3507 I AppsFilter: interaction: PackageSetting{1862d3d com.profujjwal007.FRename/10472} -> PackageSetting{679e787 com.google.android.permissioncontroller.overlay.oplus/10009} force queryable
05-14 15:27:22.902  3167  3507 I AppsFilter: interaction: PackageSetting{1862d3d com.profujjwal007.FRename/10472} -> PackageSetting{fdce6b4 com.android.wifi.resources.overlay.pineapple/10075} force queryable
05-14 15:27:22.902  3167  3507 I AppsFilter: interaction: PackageSetting{1862d3d com.profujjwal007.FRename/10472} -> PackageSetting{29142dd com.oplus.framework.rro.oneplus/10068} force queryable
05-14 15:27:22.903  3167  3507 I AppsFilter: interaction: PackageSetting{1862d3d com.profujjwal007.FRename/10472} -> PackageSetting{f771486 com.google.mainline.telemetry/10169} force queryable
05-14 15:27:22.903  3167  3507 I AppsFilter: interaction: PackageSetting{1862d3d com.profujjwal007.FRename/10472} -> PackageSetting{79bfcc8 com.oplus.beaconlink/10204} force queryable
05-14 15:27:22.903  3167  3507 I AppsFilter: interaction: PackageSetting{1862d3d com.profujjwal007.FRename/10472} -> PackageSetting{a95f96b com.application.zomato/10452} queries component
05-14 15:27:22.903  3167  3507 I AppsFilter: interaction: PackageSetting{1862d3d com.profujjwal007.FRename/10472} -> PackageSetting{deb46ba com.google.android.documentsui/10082} queries component
05-14 15:27:22.903  3167  3507 I AppsFilter: interaction: PackageSetting{1862d3d com.profujjwal007.FRename/10472} -> PackageSetting{ca14be5 com.ubercab/10353} queries component
05-14 15:27:22.903  3167  3507 I AppsFilter: interaction: PackageSetting{1862d3d com.profujjwal007.FRename/10472} -> PackageSetting{742cedc com.spotify.music/10355} queries component
05-14 15:27:22.903  3167  3507 I AppsFilter: interaction: PackageSetting{1862d3d com.profujjwal007.FRename/10472} -> PackageSetting{2b3374f com.android.managedprovisioning/10083} force queryable
05-14 15:27:22.903  3167  3507 I AppsFilter: interaction: PackageSetting{1862d3d com.profujjwal007.FRename/10472} -> PackageSetting{b08fdae com.oplus.networksense/10402} force queryable
05-14 15:27:22.903  3167  3507 I AppsFilter: interaction: PackageSetting{1862d3d com.profujjwal007.FRename/10472} -> PackageSetting{ea07629 com.google.android.apps.photos/10197} queries component
05-14 15:27:22.903  3167  3507 I AppsFilter: interaction: PackageSetting{1862d3d com.profujjwal007.FRename/10472} -> PackageSetting{e26fe52 com.oplus.framework.res.overlay/10070} force queryable
05-14 15:27:22.903  3167  3507 I AppsFilter: interaction: PackageSetting{1862d3d com.profujjwal007.FRename/10472} -> PackageSetting{d837523 com.google.android.overlay.modules.permissioncontroller.forframework/10030} force queryable
05-14 15:27:22.903  3167  3507 I AppsFilter: interaction: PackageSetting{1862d3d com.profujjwal007.FRename/10472} -> PackageSetting{64702cb com.android.providers.contactkeys/10079} force queryable
05-14 15:27:22.903  3167  3507 I AppsFilter: interaction: PackageSetting{1862d3d com.profujjwal007.FRename/10472} -> PackageSetting{eca89d6 com.qualcomm.qti.workloadclassifier/10293} force queryable
05-14 15:27:22.903  3167  3507 I AppsFilter: interaction: PackageSetting{1862d3d com.profujjwal007.FRename/10472} -> PackageSetting{661fd98 com.android.intentresolver/10084} force queryable
05-14 15:27:22.903  3167  3507 I AppsFilter: interaction: PackageSetting{1862d3d com.profujjwal007.FRename/10472} -> PackageSetting{abbba20 com.google.android.wifi.resources.overlay.pineapple/10074} force queryable
05-14 15:27:22.903  3167  3507 I AppsFilter: interaction: PackageSetting{1862d3d com.profujjwal007.FRename/10472} -> PackageSetting{9fb070a com.android.proxyhandler/10086} force queryable
05-14 15:27:22.903  3167  3507 I AppsFilter: interaction: PackageSetting{1862d3d com.profujjwal007.FRename/10472} -> PackageSetting{10ceebc com.qualcomm.qti.devicestatisticsservice/10168} force queryable
05-14 15:27:22.903  3167  3507 I AppsFilter: interaction: PackageSetting{1862d3d com.profujjwal007.FRename/10472} -> PackageSetting{d4b62ac com.android.credentialmanager/10080} force queryable
05-14 15:27:22.903  3167  3507 I AppsFilter: interaction: PackageSetting{1862d3d com.profujjwal007.FRename/10472} -> PackageSetting{515785f com.oplus.uxdesign/10291} force queryable
05-14 15:27:22.903  3167  3507 I AppsFilter: interaction: PackageSetting{1862d3d com.profujjwal007.FRename/10472} -> PackageSetting{21658fe com.qualcomm.qti.powersavemode/10283} force queryable
05-14 15:27:22.903  3167  3507 I AppsFilter: interaction: PackageSetting{1862d3d com.profujjwal007.FRename/10472} -> PackageSetting{687ecb9 com.aiunit.aon/10176} force queryable
05-14 15:27:22.903  3167  3507 I AppsFilter: interaction: PackageSetting{1862d3d com.profujjwal007.FRename/10472} -> PackageSetting{616de80 com.android.carrierdefaultapp/10095} force queryable
05-14 15:27:22.903  3167  3507 I AppsFilter: interaction: PackageSetting{1862d3d com.profujjwal007.FRename/10472} -> PackageSetting{c3cef03 com.oplus.ambient.livealert/10390} force queryable
05-14 15:27:22.903  3167  3507 I AppsFilter: interaction: PackageSetting{1862d3d com.profujjwal007.FRename/10472} -> PackageSetting{9642fd9 com.android.server.telecom.overlay.common/10038} force queryable
05-14 15:27:22.903  3167  3507 I AppsFilter: interaction: PackageSetting{1862d3d com.profujjwal007.FRename/10472} -> PackageSetting{c38f1bd com.android.cameraextensions/10094} force queryable
05-14 15:27:22.903  3167  3507 I AppsFilter: interaction: PackageSetting{1862d3d com.profujjwal007.FRename/10472} -> PackageSetting{112ad9e com.android.systemui.overlay.common/10039} force queryable
05-14 15:27:22.903  3167  3507 I AppsFilter: interaction: PackageSetting{1862d3d com.profujjwal007.FRename/10472} -> PackageSetting{e6b628e com.android.calllogbackup/10079} force queryable
05-14 15:27:22.903  3167  3507 I AppsFilter: interaction: PackageSetting{1862d3d com.profujjwal007.FRename/10472} -> PackageSetting{c0e407f com.android.carrierconfig.overlay.common/10018} force queryable
05-14 15:27:22.903  3167  3507 I AppsFilter: interaction: PackageSetting{1862d3d com.profujjwal007.FRename/10472} -> PackageSetting{af2584c com.android.phone.overlay.common/10041} force queryable
05-14 15:27:22.903  3167  3507 I AppsFilter: interaction: PackageSetting{1862d3d com.profujjwal007.FRename/10472} -> PackageSetting{bacee81 com.google.android.tts/10191} force queryable
05-14 15:27:22.903  3167  3507 I AppsFilter: interaction: PackageSetting{1862d3d com.profujjwal007.FRename/10472} -> PackageSetting{cebe289 com.google.android.gsf/10132} force queryable
05-14 15:27:22.903  3167  3507 I AppsFilter: interaction: PackageSetting{1862d3d com.profujjwal007.FRename/10472} -> PackageSetting{17cc990 com.google.android.gms/10132} force queryable
05-14 15:27:22.903  3167  3507 I AppsFilter: interaction: PackageSetting{1862d3d com.profujjwal007.FRename/10472} -> PackageSetting{304d98b com.google.android.packageinstaller/10295} force queryable
05-14 15:27:22.903  3167  3507 I AppsFilter: interaction: PackageSetting{1862d3d com.profujjwal007.FRename/10472} -> PackageSetting{88fe705 com.oneplus.filemanager/10219} queries component
05-14 15:27:22.903  3167  3507 I AppsFilter: interaction: PackageSetting{1862d3d com.profujjwal007.FRename/10472} -> PackageSetting{6def095 com.android.systemui.overlay.fingerprint.anim.stripe/10057} force queryable
05-14 15:27:22.903  3167  3507 I AppsFilter: interaction: PackageSetting{1862d3d com.profujjwal007.FRename/10472} -> PackageSetting{27805aa com.google.android.overlay.modules.healthfitness.forframework/10029} force queryable
05-14 15:27:22.904  3167  3507 I AppsFilter: interaction: PackageSetting{1862d3d com.profujjwal007.FRename/10472} -> PackageSetting{8f88150 com.android.chrome/10181} queries component
05-14 15:27:22.904  3167  3507 I AppsFilter: interaction: PackageSetting{1862d3d com.profujjwal007.FRename/10472} -> PackageSetting{a50659b aon.frameworkres.overlay.product/10066} force queryable
05-14 15:27:22.904  3167  3507 I AppsFilter: interaction: PackageSetting{1862d3d com.profujjwal007.FRename/10472} -> PackageSetting{412ad38 com.android.systemui.overlay.fingerprint.anim.ripple/10056} force queryable
05-14 15:27:22.904  3167  3507 I AppsFilter: interaction: PackageSetting{1862d3d com.profujjwal007.FRename/10472} -> PackageSetting{e0b0111 com.android.SystemUIResOverlay/10065} force queryable
05-14 15:27:22.904  3167  3507 I AppsFilter: interaction: PackageSetting{1862d3d com.profujjwal007.FRename/10472} -> PackageSetting{928d276 android.frameworkres.overlay.Network/10015} force queryable
05-14 15:27:22.904  3167  3507 I AppsFilter: interaction: PackageSetting{1862d3d com.profujjwal007.FRename/10472} -> PackageSetting{a052e95 com.oplus.pscanvas/10278} force queryable
05-14 15:27:22.904  3167  3507 I AppsFilter: interaction: PackageSetting{1862d3d com.profujjwal007.FRename/10472} -> PackageSetting{18ece7f com.android.cellbroadcastreceiver/10077} force queryable
05-14 15:27:22.904  3167  3507 I AppsFilter: interaction: PackageSetting{1862d3d com.profujjwal007.FRename/10472} -> PackageSetting{304a452 com.oplus.keyguard.clock.base/10269} force queryable
05-14 15:27:22.904  3167  3507 I AppsFilter: interaction: PackageSetting{1862d3d com.profujjwal007.FRename/10472} -> PackageSetting{95c9cb4 com.oplus.aiwriter/10386} force queryable
05-14 15:27:22.904  3167  3507 I AppsFilter: interaction: PackageSetting{1862d3d com.profujjwal007.FRename/10472} -> PackageSetting{ed731c6 com.google.android.modulemetadata/10170} force queryable
05-14 15:27:22.904  3167  3507 I AppsFilter: interaction: PackageSetting{1862d3d com.profujjwal007.FRename/10472} -> PackageSetting{81b0808 com.google.android.apps.maps/10195} queries component
05-14 15:27:22.904  3167  3507 I AppsFilter: interaction: PackageSetting{1862d3d com.profujjwal007.FRename/10472} -> PackageSetting{d6c329c com.google.android.apps.docs/10330} queries component
05-14 15:27:22.904  3167  3507 I AppsFilter: interaction: PackageSetting{1862d3d com.profujjwal007.FRename/10472} -> PackageSetting{d4929ab com.google.android.apps.bard/10182} queries component
05-14 15:27:22.904  3167  3507 I AppsFilter: interaction: PackageSetting{1862d3d com.profujjwal007.FRename/10472} -> PackageSetting{3c5c077 com.android.settings.overlay.common/10036} force queryable
05-14 15:27:22.904  3167  3507 I AppsFilter: interaction: PackageSetting{1862d3d com.profujjwal007.FRename/10472} -> PackageSetting{4c7b869 com.twitter.android/10417} queries component
05-14 15:27:22.904  3167  3507 I AppsFilter: interaction: PackageSetting{1862d3d com.profujjwal007.FRename/10472} -> PackageSetting{1e0733 com.google.android.apps.classroom/10358} queries component
05-14 15:27:22.904  3167  3507 I AppsFilter: interaction: PackageSetting{1862d3d com.profujjwal007.FRename/10472} -> PackageSetting{6c74ea2 com.oplus.nwestimate/10403} force queryable
05-14 15:27:22.904  3167  3507 I AppsFilter: interaction: PackageSetting{1862d3d com.profujjwal007.FRename/10472} -> PackageSetting{3f8a84 com.oplus.sense.netprediction/10396} force queryable
05-14 15:27:22.904  3167  3507 I AppsFilter: interaction: PackageSetting{1862d3d com.profujjwal007.FRename/10472} -> PackageSetting{b147897 com.google.android.apps.nbu.files/10118} queries component
05-14 15:27:22.904  3167  3507 I AppsFilter: interaction: PackageSetting{1862d3d com.profujjwal007.FRename/10472} -> PackageSetting{d5cd716 com.oplus.virtualcomm2/10253} force queryable
05-14 15:27:22.904  3167  3507 I AppsFilter: interaction: PackageSetting{1862d3d com.profujjwal007.FRename/10472} -> PackageSetting{5a7004a com.android.bips/10242} queries component
05-14 15:27:22.904  3167  3507 I AppsFilter: interaction: PackageSetting{1862d3d com.profujjwal007.FRename/10472} -> PackageSetting{618b1b5 com.coloros.translate.engine/10160} force queryable
05-14 15:27:22.904  3167  3507 I AppsFilter: interaction: PackageSetting{1862d3d com.profujjwal007.FRename/10472} -> PackageSetting{a593e3e com.instagram.barcelona/10365} queries component
05-14 15:27:22.904  3167  3507 I AppsFilter: interaction: PackageSetting{1862d3d com.profujjwal007.FRename/10472} -> PackageSetting{c9e1ef9 com.fido.asm/10265} force queryable
05-14 15:27:22.904  3167  3507 I AppsFilter: interaction: PackageSetting{1862d3d com.profujjwal007.FRename/10472} -> PackageSetting{d3971c0 com.google.android.apps.wellbeing/10134} force queryable
05-14 15:27:22.904  3167  3507 I AppsFilter: interaction: PackageSetting{1862d3d com.profujjwal007.FRename/10472} -> PackageSetting{ee164e4 com.android.systemui.overlay.fingerprint.anim.cosmos/10054} force queryable
05-14 15:27:22.905  3167  3507 I AppsFilter: interaction: PackageSetting{1862d3d com.profujjwal007.FRename/10472} -> PackageSetting{f0d9d4d com.google.android.overlay.modules.ext.services/10027} force queryable
05-14 15:27:22.905  3167  3507 I AppsFilter: interaction: PackageSetting{1862d3d com.profujjwal007.FRename/10472} -> PackageSetting{547a002 com.android.wifi.resources.overlay.common/10040} force queryable
05-14 15:27:22.905  3167  3507 I AppsFilter: interaction: PackageSetting{1862d3d com.profujjwal007.FRename/10472} -> PackageSetting{25018c1 com.coloros.accessibilityassistant/10213} force queryable
05-14 15:27:22.905  3167  3507 I AppsFilter: interaction: PackageSetting{1862d3d com.profujjwal007.FRename/10472} -> PackageSetting{c763c9a net.oneplus.forums/10336} queries component
05-14 15:27:22.905  3167  3507 I AppsFilter: interaction: PackageSetting{1862d3d com.profujjwal007.FRename/10472} -> PackageSetting{2f7e1af com.oplus.eyeprotect/10277} force queryable
05-14 15:27:22.905  3167  3507 I AppsFilter: interaction: PackageSetting{1862d3d com.profujjwal007.FRename/10472} -> PackageSetting{de6558e com.android.oemextensions/10098} force queryable
05-14 15:27:22.905  3167  3507 I AppsFilter: interaction: PackageSetting{1862d3d com.profujjwal007.FRename/10472} -> PackageSetting{423c490 com.oplus.sense.netscore/10401} force queryable
05-14 15:27:22.905  3167  3507 I AppsFilter: interaction: PackageSetting{1862d3d com.profujjwal007.FRename/10472} -> PackageSetting{146353 com.android.sharedstoragebackup/10085} force queryable
05-14 15:27:22.905  3167  3507 I AppsFilter: interaction: PackageSetting{1862d3d com.profujjwal007.FRename/10472} -> PackageSetting{cab0742 com.oplus.cell.map/10405} force queryable
05-14 15:27:22.905  3167  3507 I AppsFilter: interaction: PackageSetting{1862d3d com.profujjwal007.FRename/10472} -> PackageSetting{e068860 com.qualcomm.qcrilmsgtunnel/10168} force queryable
05-14 15:27:22.905  3167  3507 I AppsFilter: interaction: PackageSetting{1862d3d com.profujjwal007.FRename/10472} -> PackageSetting{64d198d com.google.android.setupwizard/10296} queries component
05-14 15:27:22.905  3167  3507 I AppsFilter: interaction: PackageSetting{1862d3d com.profujjwal007.FRename/10472} -> PackageSetting{5cbed13 com.google.android.wifi.resources.overlay.common/10042} force queryable
05-14 15:27:22.905  3167  3507 I AppsFilter: interaction: PackageSetting{1862d3d com.profujjwal007.FRename/10472} -> PackageSetting{9c1eb50 com.android.carrierconfig.oplus.overlay/10035} force queryable
05-14 15:27:22.905  3167  3507 I AppsFilter: interaction: PackageSetting{1862d3d com.profujjwal007.FRename/10472} -> PackageSetting{c3c2a24 com.oplus.tai.borderpresearch/10286} force queryable
05-14 15:27:22.905  3167  3507 I AppsFilter: interaction: PackageSetting{1862d3d com.profujjwal007.FRename/10472} -> PackageSetting{6e752b7 com.google.android.permissioncontroller/10303} force queryable
05-14 15:27:22.905  3167  3507 I AppsFilter: interaction: PackageSetting{1862d3d com.profujjwal007.FRename/10472} -> PackageSetting{29f3951 com.android.systemui.accessibility.accessibilitymenu/10263} force queryable
05-14 15:27:22.905  3167  3507 I AppsFilter: interaction: PackageSetting{1862d3d com.profujjwal007.FRename/10472} -> PackageSetting{d23c149 com.android.systemui.overlay.fingerprint.anim.huanying/10373} force queryable
05-14 15:27:22.905  3167  3507 I AppsFilter: interaction: PackageSetting{1862d3d com.profujjwal007.FRename/10472} -> PackageSetting{493ba4e com.google.android.cellbroadcastservice.overlay/10005} force queryable
05-14 15:27:22.905  3167  3507 I AppsFilter: interaction: PackageSetting{1862d3d com.profujjwal007.FRename/10472} -> PackageSetting{4aac4ea com.android.settings.intelligence/10248} force queryable
05-14 15:27:22.905  3167  3507 I AppsFilter: interaction: PackageSetting{1862d3d com.profujjwal007.FRename/10472} -> PackageSetting{bfe476f android.overlay.target/10073} force queryable
05-14 15:27:22.905  3167  3507 I AppsFilter: interaction: PackageSetting{1862d3d com.profujjwal007.FRename/10472} -> PackageSetting{b22a019 com.google.android.gm/10190} queries component
05-14 15:27:22.905  3167  3507 I AppsFilter: interaction: PackageSetting{1862d3d com.profujjwal007.FRename/10472} -> PackageSetting{ef61592 com.android.statementservice/10087} force queryable
05-14 15:27:22.905  3167  3507 I AppsFilter: interaction: PackageSetting{1862d3d com.profujjwal007.FRename/10472} -> PackageSetting{3e26c7c org.codeaurora.ims/10260} force queryable
05-14 15:27:22.905  3167  3507 I AppsFilter: interaction: PackageSetting{1862d3d com.profujjwal007.FRename/10472} -> PackageSetting{3780f06 com.coloros.assistantscreen/10205} force queryable
05-14 15:27:22.905  3167  3507 I AppsFilter: interaction: PackageSetting{1862d3d com.profujjwal007.FRename/10472} -> PackageSetting{ff615e1 com.instagram.android/10262} queries component
05-14 15:27:22.905  3167  3507 I AppsFilter: interaction: PackageSetting{1862d3d com.profujjwal007.FRename/10472} -> PackageSetting{85e2905 com.google.android.cellbroadcastreceiver.overlay/10006} force queryable
05-14 15:27:22.905  3167  3507 I AppsFilter: interaction: PackageSetting{1862d3d com.profujjwal007.FRename/10472} -> PackageSetting{c3cd348 com.android.backupconfirm/10078} force queryable
05-14 15:27:22.905  3167  3507 I AppsFilter: interaction: PackageSetting{1862d3d com.profujjwal007.FRename/10472} -> PackageSetting{ed73c06 com.android.mtp/10076} force queryable
05-14 15:27:22.906  3167  3507 I AppsFilter: interaction: PackageSetting{1862d3d com.profujjwal007.FRename/10472} -> PackageSetting{519993a com.android.egg/10096} force queryable
05-14 15:27:22.906  3167  3507 I AppsFilter: interaction: PackageSetting{1862d3d com.profujjwal007.FRename/10472} -> PackageSetting{6235865 com.google.android.sdksandbox/10309} force queryable
05-14 15:27:22.906  3167  3507 I AppsFilter: interaction: PackageSetting{1862d3d com.profujjwal007.FRename/10472} -> PackageSetting{8bf282e com.oplus.keyguard.personality.clocks/10394} force queryable
05-14 15:27:22.906  3167  3507 I AppsFilter: interaction: PackageSetting{1862d3d com.profujjwal007.FRename/10472} -> PackageSetting{4056e30 com.oneplus.gallery/10166} force queryable
05-14 15:27:22.906  3167  3507 I AppsFilter: interaction: PackageSetting{1862d3d com.profujjwal007.FRename/10472} -> PackageSetting{f722f73 com.qualcomm.wfd.service/10257} force queryable
05-14 15:27:22.906  3167  3507 I AppsFilter: interaction: PackageSetting{1862d3d com.profujjwal007.FRename/10472} -> PackageSetting{21dc0ad com.oplus.systemui.plugins/10288} force queryable
05-14 15:27:22.906  3167  3507 I AppsFilter: interaction: PackageSetting{1862d3d com.profujjwal007.FRename/10472} -> PackageSetting{d8a9cd7 com.oplus.phonemanager/10164} force queryable
05-14 15:27:22.906  3167  3507 I AppsFilter: interaction: PackageSetting{1862d3d com.profujjwal007.FRename/10472} -> PackageSetting{a0db2eb com.qti.qualcomm.datastatusnotification/10168} force queryable
05-14 15:27:22.906  3167  3507 I AppsFilter: interaction: PackageSetting{1862d3d com.profujjwal007.FRename/10472} -> PackageSetting{2adae71 us.zoom.videomeetings/10381} queries component
05-14 15:27:22.906  3167  3507 I AppsFilter: interaction: PackageSetting{1862d3d com.profujjwal007.FRename/10472} -> PackageSetting{b9e3bfb com.brave.browser/10398} queries component
05-14 15:27:22.906  3167  3507 I AppsFilter: interaction: PackageSetting{1862d3d com.profujjwal007.FRename/10472} -> PackageSetting{557b98a com.google.android.marvin.talkback/10202} force queryable
05-14 15:27:22.906  3167  3507 I AppsFilter: interaction: PackageSetting{1862d3d com.profujjwal007.FRename/10472} -> PackageSetting{f752d5a com.gms.android.ncm.overlay.common/10290} force queryable
05-14 15:27:22.906  3167  3507 I AppsFilter: interaction: PackageSetting{1862d3d com.profujjwal007.FRename/10472} -> PackageSetting{1f87f5 com.android.carrierconfig/10243} force queryable
05-14 15:27:22.906  3167  3507 I AppsFilter: interaction: PackageSetting{1862d3d com.profujjwal007.FRename/10472} -> PackageSetting{651eb8b com.oplus.framework_bluetooth.overlay/10010} force queryable
05-14 15:27:22.906  3167  3507 I AppsFilter: interaction: PackageSetting{1862d3d com.profujjwal007.FRename/10472} -> PackageSetting{c3312c com.android.certinstaller/10264} force queryable
05-14 15:27:22.906  3167  3507 I AppsFilter: interaction: PackageSetting{1862d3d com.profujjwal007.FRename/10472} -> PackageSetting{86970df com.flipkart.android/10352} queries component
05-14 15:27:22.906  3167  3507 I AppsFilter: interaction: PackageSetting{1862d3d com.profujjwal007.FRename/10472} -> PackageSetting{bd4e37e com.oplus.cellularqoe/10406} force queryable
05-14 15:27:22.906  3167  3507 I AppsFilter: interaction: PackageSetting{1862d3d com.profujjwal007.FRename/10472} -> PackageSetting{f27d468 android.overlay.common/10025} force queryable
05-14 15:27:22.906  3167  3507 I AppsFilter: interaction: PackageSetting{1862d3d com.profujjwal007.FRename/10472} -> PackageSetting{d36c500 com.microsoftsdk.crossdeviceservicebroker/10092} force queryable
05-14 15:27:22.906  3167  3507 I AppsFilter: interaction: PackageSetting{1862d3d com.profujjwal007.FRename/10472} -> PackageSetting{6ea5f83 com.google.android.adservices.api/10308} force queryable
05-14 15:27:22.906  3167  3507 I AppsFilter: interaction: PackageSetting{1862d3d com.profujjwal007.FRename/10472} -> PackageSetting{4630394 com.android.pacprocessor/10097} force queryable
05-14 15:27:22.906  3167  3507 I AppsFilter: interaction: PackageSetting{1862d3d com.profujjwal007.FRename/10472} -> PackageSetting{9c4ebe7 com.android.vending/10130} force queryable
05-14 15:27:22.906  3167  3507 I AppsFilter: interaction: PackageSetting{1862d3d com.profujjwal007.FRename/10472} -> PackageSetting{a150965 com.android.providers.downloads.ui/10076} force queryable
05-14 15:27:22.906  3167  4897 I NativeFreezeManager: getCPULoad cpu Loading: 50
05-14 15:27:22.906  3167  3507 I AppsFilter: interaction: PackageSetting{1862d3d com.profujjwal007.FRename/10472} -> PackageSetting{adf0301 com.google.ar.lens/10184} queries component
05-14 15:27:22.906  3167  3507 I AppsFilter: interaction: PackageSetting{1862d3d com.profujjwal007.FRename/10472} -> PackageSetting{71d5081 com.android.se.overlay.target/10072} force queryable
05-14 15:27:22.906  3167  3507 I AppsFilter: interaction: PackageSetting{1862d3d com.profujjwal007.FRename/10472} -> PackageSetting{ac8c526 com.qualcomm.uimremoteserver/10173} force queryable
05-14 15:27:22.906  3167  3507 I AppsFilter: interaction: PackageSetting{1862d3d com.profujjwal007.FRename/10472} -> PackageSetting{dba25da com.android.avatarpicker/10392} force queryable
05-14 15:27:22.906  3167  3507 I AppsFilter: interaction: PackageSetting{1862d3d com.profujjwal007.FRename/10472} -> PackageSetting{6fb90fc com.oplus.keyguard.clock.gallery/10270} force queryable
05-14 15:27:22.906  3167  3507 I AppsFilter: interaction: PackageSetting{1862d3d com.profujjwal007.FRename/10472} -> PackageSetting{9eb2def com.google.android.providers.media.module/10316} force queryable
05-14 15:27:22.906  3167  3507 I AppsFilter: interaction: PackageSetting{1862d3d com.profujjwal007.FRename/10472} -> PackageSetting{d222ace in.amazon.mShop.android.shopping/10357} queries component
05-14 15:27:22.906  3167  3507 I AppsFilter: interaction: PackageSetting{1862d3d com.profujjwal007.FRename/10472} -> PackageSetting{661125c vendor.qti.iwlan/10103} force queryable
05-14 15:27:22.906  3167  3507 I AppsFilter: interaction: PackageSetting{1862d3d com.profujjwal007.FRename/10472} -> PackageSetting{d3c7964 com.oplus.vdc/10256} force queryable
05-14 15:27:22.906  3167  3507 I AppsFilter: interaction: PackageSetting{1862d3d com.profujjwal007.FRename/10472} -> PackageSetting{d4bb2f6 com.oplus.ota/10274} force queryable
05-14 15:27:22.906  3167  3507 I AppsFilter: interaction: PackageSetting{1862d3d com.profujjwal007.FRename/10472} -> PackageSetting{631391 com.oplus.eid/10267} force queryable
05-14 15:27:22.906  3167  3507 I AppsFilter: interaction: PackageSetting{1862d3d com.profujjwal007.FRename/10472} -> PackageSetting{49c86ff com.cv.docscanner/10349} queries component
05-14 15:27:22.907  3167  3507 I AppsFilter: interaction: PackageSetting{1862d3d com.profujjwal007.FRename/10472} -> PackageSetting{4f1b567 android.frameworkres.overlay.display.product/10062} force queryable
05-14 15:27:22.907  3167  3507 I AppsFilter: interaction: PackageSetting{1862d3d com.profujjwal007.FRename/10472} -> PackageSetting{4d9cf14 com.android.bluetooth.oplus.overlay/10011} force queryable
05-14 15:27:22.907  3167  3507 I AppsFilter: interaction: PackageSetting{1862d3d com.profujjwal007.FRename/10472} -> PackageSetting{9f7a873 com.qualcomm.qti.telephonyservice/10168} force queryable
05-14 15:27:22.907  3167  3507 I AppsFilter: interaction: PackageSetting{1862d3d com.profujjwal007.FRename/10472} -> PackageSetting{ac253a3 com.oplus.deepthinker/10245} force queryable
05-14 15:27:22.907  3167  3507 I AppsFilter: interaction: PackageSetting{1862d3d com.profujjwal007.FRename/10472} -> PackageSetting{8ae51ad vendor.qti.hardware.cacert.server/10103} force queryable
05-14 15:27:22.907  3167  3507 I AppsFilter: interaction: PackageSetting{1862d3d com.profujjwal007.FRename/10472} -> PackageSetting{2d1db34 com.google.android.apps.messaging/10131} queries component
05-14 15:27:22.907  3167  3507 I AppsFilter: interaction: PackageSetting{1862d3d com.profujjwal007.FRename/10472} -> PackageSetting{b4d73bd com.android.systemui.overlay.fingerprint.anim.none/10058} force queryable
05-14 15:27:22.907  3167  3507 I AppsFilter: interaction: PackageSetting{1862d3d com.profujjwal007.FRename/10472} -> PackageSetting{a6c0db2 com.android.systemui.overlay.fingerprint.anim.halo/10060} force queryable
05-14 15:27:22.907  3167  3507 I AppsFilter: interaction: PackageSetting{1862d3d com.profujjwal007.FRename/10472} -> PackageSetting{e7a85d7 com.android.providers.downloads/10076} force queryable
05-14 15:27:22.907  3167  3507 I AppsFilter: interaction: PackageSetting{1862d3d com.profujjwal007.FRename/10472} -> PackageSetting{bffe27a com.android.companiondevicemanager/10093} force queryable
05-14 15:27:22.907  3167  3507 I AppsFilter: interaction: PackageSetting{1862d3d com.profujjwal007.FRename/10472} -> PackageSetting{5da4103 com.android.safetycenter.resources.overlay/10014} force queryable
05-14 15:27:22.907  3167  3507 I AppsFilter: interaction: PackageSetting{1862d3d com.profujjwal007.FRename/10472} -> PackageSetting{37bfea5 com.whatsapp/10363} queries component
