05-14 15:26:57.386  4567  4642 V WindowManagerShell: Playing animation for (#8975) android.os.BinderProxy@9a9bd2e@0
05-14 15:26:57.386  4567  4642 V WindowManagerShell:  try firstHandler com.android.wm.shell.transition.DefaultMixedHandler@e0f2fee
05-14 15:26:57.386  3167  3444 I TaskOrganizerController: onTaskInfoChanged taskid 13114 config { mBounds=Rect(0, 0 - 1080, 2378) mAppBounds=Rect(0, 0 - 1080, 2378) mMaxBounds=Rect(0, 0 - 1080, 2378) mDisplayRotation=ROTATION_0 mWindowingMode=fullscreen mActivityType=standard mAlwaysOnTop=undefined mRotation=ROTATION_0}
05-14 15:26:57.386  4567  4642 V WindowManagerShell: Mixed transition for opening an intent with a remote transition and PIP or Desktop #8975
05-14 15:26:57.386  4567  4642 V WindowManagerShell: tryAnimateOpenIntentWithRemoteAndPipOrDesktop
05-14 15:26:57.386  4567  4642 V WindowManagerShell:  Delegate animation for (#8975) to RemoteTransition { remoteTransition = android.window.IRemoteTransition$Stub$Proxy@26ab165, appThread = android.app.IApplicationThread$Stub$Proxy@2987e3a, debugName = QuickstepLaunch }
05-14 15:26:57.387  3167  3444 D OplusVisibleTasks:  notifyTasksNumChange no need to notify.
05-14 15:26:57.387  3167  3444 D OplusFlexibleDragToSplitAnimController: visibleFlexibleTaskInfos delete:13114
05-14 15:26:57.387  3167  3444 E FlexibleWindowManagerService: notifyTaskObserverToAttachController not need to notify!
05-14 15:26:57.387  3167  3444 I FlexibleWindowManagerService: onFlexibleWindowTaskInfoChanged, return for cur task not embedded
05-14 15:26:57.388  4567  4642 V WindowManagerShell:  animated by firstHandler
05-14 15:26:57.400  3167  3492 D OplusFeatureReduceBrightness: setAnimating : animating = true
05-14 15:26:57.400  3167  3492 D OplusBrightnessAmbientAdapter: setAnimating: from false to true
05-14 15:26:57.402  3167  3444 D CoreBackPreview:  return markWindowHasDrawn mComposed: false  mWaitTransition: false
05-14 15:26:57.402  3167  3444 D ActivityTaskManager: Clearing startingData for activity=ActivityRecord{73533606 u0 com.android.launcher/.Launcher t5} mStartingData=null mStartingSurface=null
05-14 15:26:57.403  3167  4052 I BLASTSyncEngine: onCommitted syncId: 8975, timeout: false ran: false
05-14 15:26:57.405  3167  3440 V WindowManager: Sent Transition (#8975) createdAt=05-14 15:26:57.351 via request=TransitionRequestInfo { type = TO_FRONT, triggerTask = TaskInfo{userId=0 taskId=13114 effectiveUid=10262 displayId=0 isRunning=true baseIntent=Intent { dat=ig://direct_v2/... flg=0x14000000 pkg=com.instagram.android cmp=com.instagram.android/com.instagram.mainactivity.InstagramMainActivity mCallingUid=1000 mRealCallingUid=10254 mRealCallingPid=4567 } baseActivity=ComponentInfo{com.instagram.android/com.instagram.mainactivity.InstagramMainActivity} topActivity=ComponentInfo{com.instagram.android/com.instagram.mainactivity.InstagramMainActivity} origActivity=null realActivity=ComponentInfo{com.instagram.android/com.instagram.mainactivity.InstagramMainActivity}
05-14 15:26:57.405  3167  3440 V WindowManager:  numActivities=1 lastActiveTime=746043300 supportsSplitScreenMultiWindow=true supportsMultiWindow=true supportsPocketStudioMultiWindow=true isInFlexibleEmbedded = false uid = 10262 pid = 836 resizeMode=2 isResizeable=true minWidth=-1 minHeight=-1 defaultMinSize=220 token=WCT{RemoteToken{d9eaaec Task{ca4b651 #13114 type=standard A=10262:com.instagram.android}}} topActivityType=1 pictureInPictureParams=null shouldDockBigOverlays=false launchIntoPipHostTaskId=-1 lastParentTaskIdBeforePip=-1 displayCutoutSafeInsets=Rect(0, 0 - 0, 0)
05-14 15:26:57.405  3167  3440 V WindowManager:  topActivityInfo=ActivityInfo{6b72ca4 com.instagram.mainactivity.InstagramMainActivity} launchCookies=[] positionInParent=Point(0, 0) parentTaskId=-1 isFocused=true isVisible=false isVisibleRequested=true isTopActivityNoDisplay=false isSleeping=false locusId=null displayAreaFeatureId=1 isTopActivityTransparent=false isActivityStackTransparent=false lastNonFullscreenBounds=Rect(277, 685 - 804, 1765) capturedLink=null capturedLinkTimestamp=0 requestedVisibleTypes=-9 topActivityRequestOpenInBrowserEducationTimestamp=0
05-14 15:26:57.405  3167  3440 V WindowManager:  appCompatTaskInfo=AppCompatTaskInfo { topActivityInSizeCompat=false topActivityInOplusCompatMode=false eligibleForLetterboxEducation= false isLetterboxEducationEnabled= false isLetterboxDoubleTapEnabled= false eligibleForUserAspectRatioButton= false topActivityBoundsLetterboxed= false isFromLetterboxDoubleTap= false topActivityLetterboxVerticalPosition= -1 topActivityLetterboxHorizontalPosition= -1 topActivityLetterboxWidth=-1 topActivityLetterboxHeight=-1 topActivityAppBounds=Rect(0, 0 - 1080, 2378) isUserFullscreenOverrideEnabled=false isSystemFullscreenOverrideEnabled=false hasMinAspectRatioOverride=false topActivityLetterboxBounds=null cameraCompatTaskInfo=CameraCompatTaskInfo { freeformCameraCompatMode=inactive}} topActivityMainWindowFrame=null topActivityLetterboxInsets=Rect(0, 0 - 0, 0)
05-14 15:26:57.405  3167  3440 V WindowManager:  mOplusExtraBundle = Bundle[{androidx.flexible.taskFrame=Rect(0, 0 - 0, 0), topOpaqueSystemBarsAppearance=0, androidx.flexible.Alpha=1.0, androidx.activity.task.attach.blur=0, androidx.activity.LaunchInsensible=0, androidx.activity.LaunchCornerRadius=0, key_flexible_task_state=0, topActivitySupportAppInnerSplit=false, key_flexible_task_animating_type=-1, key_flexible_task_root_activity_processname=com.instagram.android, androidx.activity.LaunchScenario=0, is_oplus_clone_task=false, flexible_super_mini_state=false, topRunningActivityHash=229130966, androidx.activity.LaunchScale=1.0, androidx.activity.LaunchShadowRadius=0, is_transient_hide_for_task_info=false, key_flexible_task_root_activity_pid=836, key_flexible_task_root_activity_uid=10262}]}, pipChange = null, remoteTransition = RemoteTransition { remoteTransition = android.window.IRemoteTransition$Stub$Proxy@a14424d, appThread = android.app.IApplicationThread$Stub$Proxy@b61e102, debugName = QuickstepLaunch }, displayChange = null, flags = 0, debugId = 8975 }
05-14 15:26:57.405  3167  3440 V WindowManager:     startWCT=WindowContainerTransaction { changes= {} hops= [] errorCallbackToken=null taskFragmentOrganizer=null }
05-14 15:26:57.406  3167  3440 V WindowManager:     info={id=8975 t=TO_FRONT f=0x0 trk=0 r=[0@Point(0, 0)] c=[
05-14 15:26:57.406  3167  3440 V WindowManager:         {WCT{RemoteToken{d9eaaec Task{ca4b651 #13114 type=standard A=10262:com.instagram.android}}} m=TO_FRONT f=MOVE_TO_TOP leash=Surface(name=Task=13114)/@0xef7b131 sb=Rect(0, 0 - 1080, 2378) eb=Rect(0, 0 - 1080, 2378) epz=Point(1080, 2378) d=0 taskParent=-1},
05-14 15:26:57.406  3167  3440 V WindowManager:         {WCT{RemoteToken{ebaf032 Task{a9c6a34 #1 type=home}}} m=TO_BACK f=SHOW_WALLPAPER leash=Surface(name=Task=1)/@0x39b6501 sb=Rect(0, 0 - 1080, 2378) eb=Rect(0, 0 - 1080, 2378) epz=Point(1080, 2378) d=0 taskParent=-1}
05-14 15:26:57.406  3167  3440 V WindowManager:     ] 
05-14 15:26:57.406  3167  3440 V WindowManager: extendInfo=[
05-14 15:26:57.406  3167  3440 V WindowManager:  OplusTransitionExtendedInfo{mTmpFinishT=null, mInOplusCompatMode=false, mIsProcessRunning=true, mHasMismatchBoundsTarget=false, mRecentsController=null, mRemoteTransition=null, mIsTranslucentActivityToHome=false, mAvoidInterceptKeyEventToHome=false, mIsFromHome=true, mParentLeash=null, mBackAnimClosingLeash=null, mIsOplusAnimRes=false, mKeepBgForContinuous=false, mIsBalAllow=false, mTaskNotInRecent=false, mIsPredictiveBackAnim=false, mIsMergedWithPredictive=false, mIsLaunchFromSpruce=false, mIsLaunchFromDrive=false, mGlobalSearchPageSwitch=false, mNeedNoAlphaGlobalSearchScene=false, mAssistScreenShowing=false, mSwipeUpBrowserScreenShowing=false, mUserIdTransition=0
05-14 15:26:57.406  3167  3440 V WindowManager: , mInRemoteScene=false, mInPreReady=false, mPreStart=false, mToken=null, mAbortByRemoteFromHome=false, mShellApplyToken=null, mRequestTransitionTaskId=13114, mAbortTransitionOnShell=0, mStartFromShortcut=false, mRemovedTaskId=-1, mTransitionInterruptType=0, mMergeSecondTaskId=-1, mTaskIdStartFromRecents=13114, mTransitionId=8975, mCanUseSpringSlideAnim=false, mTransitionLaunchFrom=0, mFoldChangeType=-1, mAnimStartingPosition=[0, 0, 0, 0], mIsOpeningStkDialogActivity=false, mSecondaryHomeToFrontWhenUnFolding=false, mIsNeedApplyStartTForEmbedded=false
05-14 15:26:57.406  3167  3440 V WindowManager: , mNeedCanvasExitAnim=false, mMergeSecondTaskAnimation=false, mIsLaunchUnityStart=false, mIsLaunchFromAssistantByDefault=false, mSkipRemoteTransitionfalse, mIsStartFromKeyguard=false flags=0x0, mWCT=null, mIsOpenMergeToInValidPredictive=false, mPromoteTaskWhenKeyguard-1, mRootLayerZOrderArray={}}]}
05-14 15:26:57.408  3167  3492 D DpcExtImpl[display=0]: Animating brightness: hdrBrightness target=1461.0->1427.4763,sdrBrightness target=1461.0->1427.4763,rate=17->24,rate type = app->app,byUser=false local:4630946292893219971 , brightness from dpc = 1461.2756
05-14 15:26:57.424  3167  3443 D FlexibleTaskController: check task which not have enough child, isInSingleWhiteList:false isCloneTask:false
05-14 15:26:57.425  3167  3474 E OplusThermalStats: Error getting package info: com.instagram.android
05-14 15:26:57.425  3167  3492 D OplusBiometricsDisplayHelper: isFold: false, isUnblockByFp: null
05-14 15:26:57.425  3167  3443 D FlexibleTaskController: check task which not have enough child, isInSingleWhiteList:false isCloneTask:false
05-14 15:26:57.426  3167  3492 D AnimationProvider[display=0][Primary][AnimationDuration]: update=true AmountInfo:seq[false,app],levChange[1461->1427:1427] aniStart[1461],rate=24.0,verbose[sameInterrupt=false,levChange[1460->1427],nitChange[82.57->82.54->78.33]
05-14 15:26:57.426  3167  3492 D AnimationProvider[display=0][Primary][AnimationDuration]: putStringForUser ProviderInfo:
05-14 15:26:57.426  3167  3492 D AnimationProvider[display=0][Primary][AnimationDuration]: 	 mType = other
05-14 15:26:57.426  3167  3492 D AnimationProvider[display=0][Primary][AnimationDuration]: 	 mAnimStartTime = 746043369
05-14 15:26:57.426  3167  3492 D AnimationProvider[display=0][Primary][AnimationDuration]: 	 mPendingDb = false
05-14 15:26:57.426  3167  3492 D AnimationProvider[display=0][Primary][AnimationDuration]: 	 mStartBtn = 1461
05-14 15:26:57.426  3167  3492 D AnimationProvider[display=0][Primary][AnimationDuration]: 	 mScaleStartBtn = 1460
05-14 15:26:57.426  3167  3492 D AnimationProvider[display=0][Primary][AnimationDuration]: 	 mProviderBtn = 1427
05-14 15:26:57.426  3167  3492 D AnimationProvider[display=0][Primary][AnimationDuration]: 	 mProviderNit = 78.328
05-14 15:26:57.426  3167  3492 D AnimationProvider[display=0][Primary][AnimationDuration]: 	 mDuration = 1375
05-14 15:26:57.426  3167  3492 D AnimationProvider[display=0][Primary][AnimationDuration]: 	 mAnimStartBtn = 1460
05-14 15:26:57.427  3167  3445 D OplusWallpaperSurfaceAnimation: resetEnable curState: STARTED
05-14 15:26:57.427  3167  3445 D OplusWallpaperAnimationManager: onAnimationEnd
05-14 15:26:57.427  3167  3445 D OplusWallpaperAnimationManager: setSkipUpdateWallpaperPosition skip: false, wallpaper: Window{d24bd0b u0 com.android.systemui.wallpapers.ImageWallpaper}
05-14 15:26:57.427  3167  3445 D OplusWallpaperSurfaceAnimation: setAnimationState curState: IDLE
05-14 15:26:57.434  3167  3498 D VRR [OPlusRefreshRateService]: handleFrontAppChange pkgName: null
05-14 15:26:57.436  3167  5061 D OplusEapManager: mTargetExitName :com.android.launcher
05-14 15:26:57.438  3167  5125 V WindowManager: Relayout Window{63a22a u0 com.instagram.android/com.instagram.mainactivity.InstagramMainActivity}: viewVisibility=0, oldvis=8, req=1080x2378 , apr = 0, vsysui=LAYOUT_STABLE LAYOUT_HIDE_NAVIGATION LAYOUT_FULLSCREEN, x=0, y=0
05-14 15:26:57.438  3167  5125 I WindowManager: Window{63a22a u0 com.instagram.android/com.instagram.mainactivity.InstagramMainActivity} state from NO_SURFACE to DRAW_PENDING; reason: resetDrawState
05-14 15:26:57.440  3167  5125 D WindowManager: NFW_findFocusedWindowIfNeeded:Window{63a22a u0 com.instagram.android/com.instagram.mainactivity.InstagramMainActivity} mCurrentFocus:null
05-14 15:26:57.440  3167  5125 D WindowManager: attachImeScreenshotOnTargetIfNeeded, mImeHiding = false, requestedVisibleTypes = -9
05-14 15:26:57.440  3167  5125 V WindowManager: Changing focus from null to Window{63a22a u0 com.instagram.android/com.instagram.mainactivity.InstagramMainActivity},diplayid=0
05-14 15:26:57.442   836   836 D VRI[InstagramMainActivity]: relayoutWindow result, sizeChanged:false, surfaceControlChanged:true, transformHintChanged:false, mSurfaceSize:Point(1080, 2378), mLastSurfaceSize:Point(1080, 2378), mWidth:1080, mHeight:2378, requestedWidth:1080, requestedHeight:2378, transformHint:0, installOrientation:0, displayRotation:0, isSurfaceValid:true, attr.flag:-2122251904, tmpFrames:ClientWindowFrames{frame=[0,0][1080,2378] display=[0,0][1080,2378] parentFrame=[0,0][0,0]}, relayoutAsync:false, mSyncSeqId:0
05-14 15:26:57.442   836   836 W VRI[InstagramMainActivity]: updateBlastSurfaceIfNeeded, surfaceSize:Point(1080, 2378), lastSurfaceSize:Point(1080, 2378), format:-3, blastBufferQueue:null
05-14 15:26:57.443  3167  3444 D CoreBackPreview:  return markWindowHasDrawn mComposed: false  mWaitTransition: false
05-14 15:26:57.443  3167  3444 D ActivityTaskManager: Clearing startingData for activity=ActivityRecord{73533606 u0 com.android.launcher/.Launcher t5} mStartingData=null mStartingSurface=null
05-14 15:26:57.444  3167  4052 D OplusAONSmartDim: onWakeLockAcquireLocked: lock=51551592, flags=0xa, packageName=com.instagram.android, tag="GrootPlayer:WakeLock", ws=null, uid=10262, pid=836
05-14 15:26:57.444  3167  4364 D BackgroundInstallControlService: Package event received: 0
05-14 15:26:57.451  3167  4534 D OplusStartingWindowManager: updateRecordSurfaceViewState windowToken = android.os.BinderProxy@5fd2f15, surfaceState = true, attachedToWindow = true, inList = false, win = Window{63a22a u0 com.instagram.android/com.instagram.mainactivity.InstagramMainActivity}
05-14 15:26:57.460  3167  6894 I WindowManager: Window{63a22a u0 com.instagram.android/com.instagram.mainactivity.InstagramMainActivity} state from DRAW_PENDING to COMMIT_DRAW_PENDING; reason: finishDrawingLocked
05-14 15:26:57.461   836   836 D ResourcesManagerExtImpl: applyConfigurationToAppResourcesLocked app.getDisplayId() return callback.displayId:0
05-14 15:26:57.463  3167  3444 I WindowManager: Window{63a22a u0 com.instagram.android/com.instagram.mainactivity.InstagramMainActivity} state from COMMIT_DRAW_PENDING to READY_TO_SHOW; reason: commitFinishDrawingLocked
05-14 15:26:57.463  3167  3444 D CoreBackPreview:  return markWindowHasDrawn mComposed: false  mWaitTransition: false
05-14 15:26:57.463  3167  3444 D ActivityTaskManager: Clearing startingData for activity=ActivityRecord{229130966 u0 com.instagram.android/com.instagram.mainactivity.InstagramMainActivity t13114} mStartingData=null mStartingSurface=null
05-14 15:26:57.463  3167  3444 D QuickBackInputPolicy: setAppLaunchEndTime update timePair=Pair{ActivityRecord{229130966 u0 com.instagram.android/com.instagram.mainactivity.InstagramMainActivity t13114} 330746785}
05-14 15:26:57.463  3167  3444 I WindowManager: Window{63a22a u0 com.instagram.android/com.instagram.mainactivity.InstagramMainActivity} state from READY_TO_SHOW to HAS_DRAWN; reason: performShowLocked
05-14 15:26:57.467  3167  3443 W ProcessStats: Tracking association SourceState{5f1dc13 com.oplus.pantanal.ums/10163 BFgs #1428896} whose proc state 4 is better than process ProcessState{ad11b5d com.oplus.wirelesssettings:seed/1000 pkg=com.oplus.wirelesssettings} proc state 14 (41 skipped)
05-14 15:26:57.468  3167  4395 D JobSchedulerServiceExtImpl: updateOsenseRestrictMode for 1 false false
05-14 15:26:57.469  3167  6894 D OplusStartingWindowManager: isLayerMatchToStartingWindow , activityHasSurfaceView:false, isLayerMatchToRecord:false, isSurfaceViewLayer:false, layerName:com.instagram.android/com.instagram.mainactivity.InstagramMainActivity#122854, mStartingRecords:[UniqueWeakReference@8bd9072[null]]
05-14 15:26:57.474  3167  3444 D CoreBackPreview:  return markWindowHasDrawn mComposed: false  mWaitTransition: false
05-14 15:26:57.476  3167  3444 D ActivityTaskManager: Clearing startingData for activity=ActivityRecord{73533606 u0 com.android.launcher/.Launcher t5} mStartingData=null mStartingSurface=null
05-14 15:26:57.476  3167  3444 D CoreBackPreview:  return markWindowHasDrawn mComposed: false  mWaitTransition: false
05-14 15:26:57.477  4567  4642 D WindowManagerShell: onActivityRestartAttempt: topActivity=ComponentInfo{com.instagram.android/com.instagram.mainactivity.InstagramMainActivity}, wasVisible=false
05-14 15:26:57.484  3167  4534 D ActivityTaskManagerServiceExtImpl: preBindApplication record is null
05-14 15:26:57.484  3167  5061 D OplusAppSwitchRuleInfo: generateAppEnterInfo - launch_source_type = launcherRecentTask , launch_source_traceid = 
05-14 15:26:57.484  3167  5061 D OplusAppSwitchRuleInfo: generateAppEnterInfo - launch_source_type = launcherRecentTask , launch_source_traceid = 
05-14 15:26:57.484  3167  5061 D OplusEapManager: mTargetEnterName :com.instagram.android
05-14 15:26:57.485  3167  3445 D SurfaceAnimationRunner: onAnimationStart:Surface(name=Surface(name=OplusStartingSurface)/@0x1038487 - animation-leash of window_animation)/@0x469b180
05-14 15:26:57.488  3167  3498 D VRR [OPlusRefreshRateService]: handleFrontAppChange pkgName: com.instagram.android
05-14 15:26:57.494  3167  4245 D InputMethodManagerService: isSecurity: attribute.packageName = com.instagram.android mCurMethodId = com.google.android.inputmethod.latin/com.android.inputmethod.latin.LatinIME isSecurity = false ( enable = true needShow = false inBlackList = false isExist = true )
05-14 15:26:57.495  3167  3492 D OplusFeatureReduceBrightness: ReduceBrightness display[0]=82.573-->78.48677
05-14 15:26:57.495  3167  3492 D OplusBiometricsDisplayHelper: isFold: false, isUnblockByFp: null
05-14 15:26:57.510  3167  4969 W PackageConfigPersister: App-specific configuration not found for packageName: com.instagram.android and userId: 0
05-14 15:26:57.514  3167  4364 D BackgroundInstallControlService: Package event received: 0
05-14 15:26:57.515  3167  5965 E KernelCpuUidFreqTimeReader: Negative delta from freq time for uid: 90000, delta: -484
05-14 15:26:57.517  3167  3444 D CoreBackPreview:  return markWindowHasDrawn mComposed: false  mWaitTransition: false
05-14 15:26:57.517  3167  3444 D ActivityTaskManager: Clearing startingData for activity=ActivityRecord{73533606 u0 com.android.launcher/.Launcher t5} mStartingData=null mStartingSurface=null
05-14 15:26:57.527  3167  5061 D OplusAppSwitchRuleInfo: generateAppEnterInfo - launch_source_type = launcherRecentTask , launch_source_traceid = 
05-14 15:26:57.527  3167  5061 D OplusAppSwitchRuleInfo: generateAppEnterInfo - launch_source_type = launcherRecentTask , launch_source_traceid = 
05-14 15:26:57.527  3167  5061 D OplusAppSwitchRuleInfo: generateAppEnterInfo - launch_source_type = launcherRecentTask , launch_source_traceid = 
05-14 15:26:57.527  3167  5061 D OplusAppSwitchRuleInfo: generateAppEnterInfo - launch_source_type = launcherRecentTask , launch_source_traceid = 
05-14 15:26:57.527  3167  5061 D OplusAppSwitchRuleInfo: generateAppEnterInfo - launch_source_type = launcherRecentTask , launch_source_traceid = 
05-14 15:26:57.527  3167  5061 D OplusAppSwitchRuleInfo: generateAppEnterInfo - launch_source_type = launcherRecentTask , launch_source_traceid = 
05-14 15:26:57.527  3167  5061 D OplusAppSwitchRuleInfo: generateAppEnterInfo - launch_source_type = launcherRecentTask , launch_source_traceid = 
05-14 15:26:57.528  3167  5061 D OplusAppSwitchRuleInfo: generateActivityEnterInfo - launch_source_type = launcherRecentTask , launch_source_traceid = 
05-14 15:26:57.529  3167  6894 D OplusBatteryServiceFeature: setSmartCoolDown: coolDown = 2, normalCoolDown = 2, pkgName = com.instagram.android
05-14 15:26:57.536  3167  4052 D FlexibleTaskController: check task which not have enough child, isInSingleWhiteList:false isCloneTask:false
05-14 15:26:57.536  3167  4052 D FlexibleTaskController: check task which not have enough child, isInSingleWhiteList:false isCloneTask:false
05-14 15:26:57.544  3167  5125 D ActivityTaskManager: Skipping, invisible task: Task{2d712fb #5 type=home I=com.android.launcher/.Launcher}
05-14 15:26:57.544  3167  5125 D ActivityTaskManager: Skipping, invisible task: Task{bd6acdd #13125 type=standard A=10201:com.google.android.youtube}
05-14 15:26:57.544  3167  5125 D OplusSplitScreenManagerService: net.one97.paytm unSupportsSplitScreen by blockList or ForbidActivityList
05-14 15:26:57.544  3167  5125 D OplusSplitScreenManagerService: com.android.settings unSupportsSplitScreen by blockList or ForbidActivityList
05-14 15:26:57.544  3167  5125 D OplusSplitScreenManagerService: com.android.settings unSupportsSplitScreen by blockList or ForbidActivityList
05-14 15:26:57.545  3167  5125 D ActivityTaskManager: after skip size:11,pre-Filtered:com.instagram.android # com.profujjwal007.FRename # com.whatsapp # com.oplus.stdsp # net.one97.paytm # com.oneplus.filemanager # com.android.settings # com.oneplus.deskclock # com.netflix.mediaclient # com.amazon.avod.thirdpartyclient # com.oppo.quicksearchbox # 
05-14 15:26:57.574 19299 19299 V Configuration: Updating configuration, locales updated from [] to [en_GB]
05-14 15:26:57.576  3167  4969 I AS.FadeOutManager: unfadeOutUid() uid:10262
05-14 15:26:57.577 12116 12116 I AudioManager: dispatching onAudioFocusChange(-2) to android.media.AudioManager@f853b05andl@cc03c5e
05-14 15:26:57.581  3167  4595 E AppOps  : attributionTag  not declared in manifest of com.google.android.youtube
05-14 15:26:57.581  3167  5125 I TaskOrganizerController: onTaskInfoChanged taskid 13125 config { mBounds=Rect(442, 1950 - 1032, 2282) mAppBounds=Rect(442, 1950 - 1032, 2282) mMaxBounds=Rect(0, 0 - 1080, 2378) mDisplayRotation=ROTATION_0 mWindowingMode=pinned mActivityType=standard mAlwaysOnTop=undefined mRotation=ROTATION_0}
05-14 15:26:57.581  3167  4595 E AppOps  : attributionTag  not declared in manifest of com.google.android.youtube
05-14 15:26:57.581  3167  5125 D OplusFlexibleDragToSplitAnimController: visibleFlexibleTaskInfos delete:13125
05-14 15:26:57.581  3167  5125 E FlexibleWindowManagerService: notifyTaskObserverToAttachController not need to notify!
05-14 15:26:57.581  3167  5125 I FlexibleWindowManagerService: onFlexibleWindowTaskInfoChanged, return for cur task not embedded
05-14 15:26:57.582  3167  5125 I TaskOrganizerController: onTaskInfoChanged taskid 13125 config { mBounds=Rect(442, 1950 - 1032, 2282) mAppBounds=Rect(442, 1950 - 1032, 2282) mMaxBounds=Rect(0, 0 - 1080, 2378) mDisplayRotation=ROTATION_0 mWindowingMode=pinned mActivityType=standard mAlwaysOnTop=undefined mRotation=ROTATION_0}
05-14 15:26:57.583  3167  5125 D OplusFlexibleDragToSplitAnimController: visibleFlexibleTaskInfos delete:13125
05-14 15:26:57.583  3167  5125 E FlexibleWindowManagerService: notifyTaskObserverToAttachController not need to notify!
05-14 15:26:57.583  3167  5125 I FlexibleWindowManagerService: onFlexibleWindowTaskInfoChanged, return for cur task not embedded
05-14 15:26:57.584  4567  4642 D WindowManagerShell: onTaskInfoChanged: ComponentInfo{com.google.android.youtube/com.google.android.apps.youtube.app.watchwhile.MainActivity}, state=PipTransitionState(mState=entered-pip, mInSwipePipToHomeTransition=false) oldParams=PictureInPictureParams( aspectRatio=16/9 expandedAspectRatio=null sourceRectHint=Rect(3978, 17550 - 4568, 17882) hasSetActions=true hasSetCloseAction=false isAutoPipEnabled=true isSeamlessResizeEnabled=true title=null subtitle=null isLaunchIntoPip=false) newParams=PictureInPictureParams( aspectRatio=16/9 expandedAspectRatio=null sourceRectHint=Rect(4420, 19500 - 5010, 19832) hasSetActions=true hasSetCloseAction=false isAutoPipEnabled=false isSeamlessResizeEnabled=true title=null subtitle=null isLaunchIntoPip=false)
05-14 15:26:57.584  4567  4642 D WindowManagerShell: PipTaskOrganizer: PIP remote actions=[Go to background|Play/Pause|Next]
05-14 15:26:57.584  4567  4642 D WindowManagerShell: onTaskInfoChanged: ComponentInfo{com.google.android.youtube/com.google.android.apps.youtube.app.watchwhile.MainActivity}, state=PipTransitionState(mState=entered-pip, mInSwipePipToHomeTransition=false) oldParams=PictureInPictureParams( aspectRatio=16/9 expandedAspectRatio=null sourceRectHint=Rect(4420, 19500 - 5010, 19832) hasSetActions=true hasSetCloseAction=false isAutoPipEnabled=false isSeamlessResizeEnabled=true title=null subtitle=null isLaunchIntoPip=false) newParams=PictureInPictureParams( aspectRatio=16/9 expandedAspectRatio=null sourceRectHint=Rect(4862, 21450 - 5452, 21782) hasSetActions=true hasSetCloseAction=false isAutoPipEnabled=false isSeamlessResizeEnabled=true title=null subtitle=null isLaunchIntoPip=false)
05-14 15:26:57.585  4567  4642 D WindowManagerShell: PipTaskOrganizer: PIP remote actions=[Go to background|Play/Pause|Next]
05-14 15:26:57.595  3167  4052 I StatusBarManagerService: disableLocked, what:0, pkg:com.android.launcher userId: 0 token:android.os.BinderProxy@7bde253 net1:0 net2:0
05-14 15:26:57.600  4567  4642 V WindowManagerShell: Transition animation finished (aborted=false), notifying core (#8975) android.os.BinderProxy@9a9bd2e@0
05-14 15:26:57.600  4567  4642 D SplitScreen-->AppLockManager: setStartFromSafeControl mStartFromSafeControl=false
05-14 15:26:57.602  3167  3462 D NotificationService--OplusNotificationFixHelper: fixAppIcon: pkg=com.google.android.youtube
05-14 15:26:57.602  3167  3462 D NotificationService--OplusNotificationFixHelper: fixAppIcon: appIcon = null, pkg = com.google.android.youtube
05-14 15:26:57.602 12116 12116 D VRI[Shell$HomeActivity]: relayoutWindow result, sizeChanged:false, surfaceControlChanged:false, transformHintChanged:false, mSurfaceSize:Point(590, 332), mLastSurfaceSize:Point(590, 332), mWidth:590, mHeight:332, requestedWidth:590, requestedHeight:332, transformHint:0, installOrientation:0, displayRotation:0, isSurfaceValid:true, attr.flag:-2122252032, tmpFrames:ClientWindowFrames{frame=[442,1950][1032,2282] display=[442,1950][1032,2282] parentFrame=[442,1950][1032,2282]}, relayoutAsync:true, mSyncSeqId:4
05-14 15:26:57.602 12116 12116 W VRI[Shell$HomeActivity]: updateBlastSurfaceIfNeeded, surfaceSize:Point(590, 332), lastSurfaceSize:Point(590, 332), format:-3, blastBufferQueue:android.graphics.BLASTBufferQueue@1fcbaf8
05-14 15:26:57.603  3167  4595 V WindowManager: Relayout Window{986dd79 u0 com.google.android.youtube/com.google.android.youtube.app.honeycomb.Shell$HomeActivity}: viewVisibility=0, oldvis=0, req=590x332 , apr = 0, vsysui=LAYOUT_STABLE LAYOUT_HIDE_NAVIGATION LAYOUT_FULLSCREEN IMMERSIVE_STICKY, x=0, y=0
05-14 15:26:57.605  3167  4595 D Transition: finishTransition ar ActivityRecord{73533606 u0 com.android.launcher/.Launcher t5}, isVisibleRequested=false, state=PAUSED, visibleAtTransitionEndTokens={WallpaperWindowToken{b99d6d3 showWhenLocked=false}, ActivityRecord{229130966 u0 com.instagram.android/com.instagram.mainactivity.InstagramMainActivity t13114}}, this=TransitionRecord{a3c1937 id=8975 track=0 type=TO_FRONT flags=0x0 state=2 c=[
05-14 15:26:57.605  3167  4595 D Transition:    ChangeInfo{2cfaea4 container=Task{2d712fb #5 type=home I=com.android.launcher/.Launcher} flags=0x10}
05-14 15:26:57.605  3167  4595 D Transition:    ChangeInfo{7b840d container=ActivityRecord{73533606 u0 com.android.launcher/.Launcher t5} flags=0x0}
05-14 15:26:57.605  3167  4595 D Transition:    ChangeInfo{5e15fc2 container=DefaultTaskDisplayArea@141608693 flags=0x0}
05-14 15:26:57.605  3167  4595 D Transition:    ChangeInfo{6ef26aa container=Task{a9c6a34 #1 type=home} flags=0x10}
05-14 15:26:57.605  3167  4595 D Transition:    ChangeInfo{e2f11d3 container=WallpaperWindowToken{b99d6d3 showWhenLocked=false} flags=0x0}
05-14 15:26:57.605  3167  4595 D Transition:    ChangeInfo{e29f595 container=Task{ca4b651 #13114 type=standard A=10262:com.instagram.android} flags=0x30}
05-14 15:26:57.605  3167  4595 D Transition:    ChangeInfo{dab1110 container=ActivityRecord{229130966 u0 com.instagram.android/com.instagram.mainactivity.InstagramMainActivity t13114} flags=0x0}
05-14 15:26:57.605  3167  4595 D Transition:    ChangeInfo{3695409 container=WallpaperWindowToken{f3b4d4b showWhenLocked=true} flags=0x0}
05-14 15:26:57.605  3167  4595 D Transition:    ChangeInfo{369b60e container=Display{#0 state=ON size=1080x2378 ROTATION_0} flags=0x0}
05-14 15:26:57.605  3167  4595 D Transition: ]
05-14 15:26:57.605  3167  4595 D Transition: }
05-14 15:26:57.606  3167  4595 D ActivityTaskManager: commitVisibility: ActivityRecord{73533606 u0 com.android.launcher/.Launcher t5}: visible=false visibleRequested=false, isInTransition=false 
05-14 15:26:57.606  3167  4595 D WindowManager: NFW_setClientVisible:ActivityRecord{73533606 u0 com.android.launcher/.Launcher t5} clientVisible:false
05-14 15:26:57.607  3167  4595 D Transition: finishTransition ar ActivityRecord{229130966 u0 com.instagram.android/com.instagram.mainactivity.InstagramMainActivity t13114}, isVisibleRequested=true, state=RESUMED, visibleAtTransitionEndTokens={WallpaperWindowToken{b99d6d3 showWhenLocked=false}, ActivityRecord{229130966 u0 com.instagram.android/com.instagram.mainactivity.InstagramMainActivity t13114}}, this=TransitionRecord{a3c1937 id=8975 track=0 type=TO_FRONT flags=0x0 state=2 c=[
05-14 15:26:57.607  3167  4595 D Transition:    ChangeInfo{2cfaea4 container=Task{2d712fb #5 type=home I=com.android.launcher/.Launcher} flags=0x10}
05-14 15:26:57.607  3167  4595 D Transition:    ChangeInfo{7b840d container=ActivityRecord{73533606 u0 com.android.launcher/.Launcher t5} flags=0x0}
05-14 15:26:57.607  3167  4595 D Transition:    ChangeInfo{5e15fc2 container=DefaultTaskDisplayArea@141608693 flags=0x0}
05-14 15:26:57.607  3167  4595 D Transition:    ChangeInfo{6ef26aa container=Task{a9c6a34 #1 type=home} flags=0x10}
05-14 15:26:57.607  3167  4595 D Transition:    ChangeInfo{e2f11d3 container=WallpaperWindowToken{b99d6d3 showWhenLocked=false} flags=0x0}
05-14 15:26:57.607  3167  4595 D Transition:    ChangeInfo{e29f595 container=Task{ca4b651 #13114 type=standard A=10262:com.instagram.android} flags=0x30}
05-14 15:26:57.607  3167  4595 D Transition:    ChangeInfo{dab1110 container=ActivityRecord{229130966 u0 com.instagram.android/com.instagram.mainactivity.InstagramMainActivity t13114} flags=0x0}
05-14 15:26:57.607  3167  4595 D Transition:    ChangeInfo{3695409 container=WallpaperWindowToken{f3b4d4b showWhenLocked=true} flags=0x0}
05-14 15:26:57.607  3167  4595 D Transition:    ChangeInfo{369b60e container=Display{#0 state=ON size=1080x2378 ROTATION_0} flags=0x0}
05-14 15:26:57.607  3167  4595 D Transition: ]
05-14 15:26:57.607  3167  4595 D Transition: }
05-14 15:26:57.607  3167  4595 D WindowManager: NFW_setClientVisible:WallpaperWindowToken{b99d6d3 showWhenLocked=false} clientVisible:false
05-14 15:26:57.607  3167  4595 I OplusAppSwitchManagerService:  handleAppVisible , r = ActivityRecord{229130966 u0 com.instagram.android/com.instagram.mainactivity.InstagramMainActivity t13114}
05-14 15:26:57.608  3167  4595 D OplusTransitionController: finishTransition, transition: TransitionRecord{a3c1937 id=8975 track=0 type=TO_FRONT flags=0x0 state=4 c=[
05-14 15:26:57.608  3167  4595 D OplusTransitionController:    ChangeInfo{2cfaea4 container=Task{2d712fb #5 type=home I=com.android.launcher/.Launcher} flags=0x10}
05-14 15:26:57.608  3167  4595 D OplusTransitionController:    ChangeInfo{7b840d container=ActivityRecord{73533606 u0 com.android.launcher/.Launcher t5} flags=0x0}
05-14 15:26:57.608  3167  4595 D OplusTransitionController:    ChangeInfo{5e15fc2 container=DefaultTaskDisplayArea@141608693 flags=0x0}
05-14 15:26:57.608  3167  4595 D OplusTransitionController:    ChangeInfo{6ef26aa container=Task{a9c6a34 #1 type=home} flags=0x10}
05-14 15:26:57.608  3167  4595 D OplusTransitionController:    ChangeInfo{e2f11d3 container=WallpaperWindowToken{b99d6d3 showWhenLocked=false} flags=0x0}
05-14 15:26:57.608  3167  4595 D OplusTransitionController:    ChangeInfo{e29f595 container=Task{ca4b651 #13114 type=standard A=10262:com.instagram.android} flags=0x30}
05-14 15:26:57.608  3167  4595 D OplusTransitionController:    ChangeInfo{dab1110 container=ActivityRecord{229130966 u0 com.instagram.android/com.instagram.mainactivity.InstagramMainActivity t13114} flags=0x0}
05-14 15:26:57.608  3167  4595 D OplusTransitionController:    ChangeInfo{3695409 container=WallpaperWindowToken{f3b4d4b showWhenLocked=true} flags=0x0}
05-14 15:26:57.608  3167  4595 D OplusTransitionController:    ChangeInfo{369b60e container=Display{#0 state=ON size=1080x2378 ROTATION_0} flags=0x0}
05-14 15:26:57.608  3167  4595 D OplusTransitionController: ]
05-14 15:26:57.608  3167  4595 D OplusTransitionController: }
05-14 15:26:57.608  3167  4595 I OplusRecentsAnimationController: finishTransition transition.mType=3,task=Task{527479a #13065 type=standard A=10136:android.task.contacts}
05-14 15:26:57.608  3167  4595 I TaskFragmentExtImpl: reset pause in recents anim for mTaskFragment: Task{527479a #13065 type=standard A=10136:android.task.contacts}
05-14 15:26:57.608  3167  4595 D FlexibleTaskTransitionController:  finishTransition pendingRecentToFlexibleTask:null,isRotationTransition:false ,pendingRecentToFlexible:null ,transition:TransitionRecord{a3c1937 id=8975 track=0 type=TO_FRONT flags=0x0 state=4 c=[
05-14 15:26:57.608  3167  4595 D FlexibleTaskTransitionController:    ChangeInfo{2cfaea4 container=Task{2d712fb #5 type=home I=com.android.launcher/.Launcher} flags=0x10}
05-14 15:26:57.608  3167  4595 D FlexibleTaskTransitionController:    ChangeInfo{7b840d container=ActivityRecord{73533606 u0 com.android.launcher/.Launcher t5} flags=0x0}
05-14 15:26:57.608  3167  4595 D FlexibleTaskTransitionController:    ChangeInfo{5e15fc2 container=DefaultTaskDisplayArea@141608693 flags=0x0}
05-14 15:26:57.608  3167  4595 D FlexibleTaskTransitionController:    ChangeInfo{6ef26aa container=Task{a9c6a34 #1 type=home} flags=0x10}
05-14 15:26:57.608  3167  4595 D FlexibleTaskTransitionController:    ChangeInfo{e2f11d3 container=WallpaperWindowToken{b99d6d3 showWhenLocked=false} flags=0x0}
05-14 15:26:57.608  3167  4595 D FlexibleTaskTransitionController:    ChangeInfo{e29f595 container=Task{ca4b651 #13114 type=standard A=10262:com.instagram.android} flags=0x30}
05-14 15:26:57.608  3167  4595 D FlexibleTaskTransitionController:    ChangeInfo{dab1110 container=ActivityRecord{229130966 u0 com.instagram.android/com.instagram.mainactivity.InstagramMainActivity t13114} flags=0x0}
05-14 15:26:57.608  3167  4595 D FlexibleTaskTransitionController:    ChangeInfo{3695409 container=WallpaperWindowToken{f3b4d4b showWhenLocked=true} flags=0x0}
05-14 15:26:57.608  3167  4595 D FlexibleTaskTransitionController:    ChangeInfo{369b60e container=Display{#0 state=ON size=1080x2378 ROTATION_0} flags=0x0}
05-14 15:26:57.608  3167  4595 D FlexibleTaskTransitionController: ]
05-14 15:26:57.608  3167  4595 D FlexibleTaskTransitionController: }
05-14 15:26:57.609  3167  4595 D SnapshotCache: removeRunningEntry id: 13114, callers=com.android.server.wm.SnapshotCache.onIdRemoved:107 com.android.server.wm.TaskSnapshotController.removeAndDeleteSnapshot:398 com.android.server.wm.SnapshotController.onTransitionFinish:254 
05-14 15:26:57.609  3167  4595 D RefreshRate: ***** request traversal for refresh rate change, reason is highTempRefreshRateChanged: false, windowRefreshRateChanged: true, flexibleWindowStateChanged: false, has float/zoom window *****
05-14 15:26:57.609  3167  4595 D TransitionControllerExtImpl: NFW_send RECOMPUTE_FOCUS in finishTransition
05-14 15:26:57.609  3167  4752 D Transition: finishTransaction-onCommitted syncId=8975
05-14 15:26:57.610  4567  4642 D ShellTaskOrganizer: onTransitionFinish, isRecent:false
05-14 15:26:57.610  4567  4642 V WindowManagerShell: Track 0 became idle
05-14 15:26:57.610  4567  4642 V WindowManagerShell: All active transition animations finished
05-14 15:26:57.610  3167  3444 D CoreBackPreview:  return markWindowHasDrawn mComposed: false  mWaitTransition: false
05-14 15:26:57.610  3167  3444 D ActivityTaskManager: Clearing startingData for activity=ActivityRecord{73533606 u0 com.android.launcher/.Launcher t5} mStartingData=null mStartingSurface=null
05-14 15:26:57.611  3167  3462 I OplusStatusBarManagerServiceEnhance:  getTopIsFullscreen mTopIsFullscreen: false
05-14 15:26:57.612  3167  3444 I TaskOrganizerController: onTaskInfoChanged taskid 1 config { mBounds=Rect(0, 0 - 1080, 2378) mAppBounds=Rect(0, 0 - 1080, 2378) mMaxBounds=Rect(0, 0 - 1080, 2378) mDisplayRotation=ROTATION_0 mWindowingMode=fullscreen mActivityType=home mAlwaysOnTop=undefined mRotation=ROTATION_0}
05-14 15:26:57.613  3167  3444 D OplusFlexibleDragToSplitAnimController: visibleFlexibleTaskInfos delete:1
05-14 15:26:57.613  3167  3444 E FlexibleWindowManagerService: notifyTaskObserverToAttachController not need to notify!
05-14 15:26:57.613  3167  3444 I FlexibleWindowManagerService: onFlexibleWindowTaskInfoChanged, return for cur task not embedded
05-14 15:26:57.618  3167  3443 D WindowManager: NFW_findFocusedWindowIfNeeded:Window{63a22a u0 com.instagram.android/com.instagram.mainactivity.InstagramMainActivity} mCurrentFocus:Window{63a22a u0 com.instagram.android/com.instagram.mainactivity.InstagramMainActivity}
05-14 15:26:57.622  3167  3444 D CoreBackPreview:  return markWindowHasDrawn mComposed: false  mWaitTransition: false
05-14 15:26:57.622  3167  3444 D ActivityTaskManager: Clearing startingData for activity=ActivityRecord{73533606 u0 com.android.launcher/.Launcher t5} mStartingData=null mStartingSurface=null
05-14 15:26:57.623  3167  3457 I UserAwareMgr: handleAppChangedToBg, pkgName: com.android.launcher, pid: 4794
05-14 15:26:57.634  3167  4534 D OplusStartingWindowManager: skip remove starting window for activity = ActivityRecord{73533606 u0 com.android.launcher/.Launcher t5} ,ar != topActivityContainsStartingWindow on activityStopped
05-14 15:26:57.640  3167  4364 D BackgroundInstallControlService: Package event received: 0
05-14 15:26:57.640  3167  3457 W UserAwareMgr: event can not be released, id: 5005, count: 2, releasePid: 3167
05-14 15:26:57.653  3167  3167 D NotificationService--OplusNotificationManagerServiceExtImpl: isForwardToAssistants: true, case : Is local notification
05-14 15:26:57.653  3167  3167 D NotificationService: This application enqueue notifications is need postDelayed mcsAssistantDelayTime: 200
05-14 15:26:57.657  3167  3167 D RefreshRate: app switch boost timeout,transition isPlaying:false isInInterruptScene:false
05-14 15:26:57.658  3167  3444 D RefreshRate: Refresh rate changing from 120.00001 to 90.0,maxRefreshRate=90.0 FOR:{
05-14 15:26:57.658  3167  3444 D RefreshRate:     | COURSE[; Win preferred rateId=1, appReqFirst=false, data= RateData{PreferredRefreshRateData{mPreferredRefreshRateId=[1, 1, 2, 3],isAnimBoost=true}} ;win name:com.instagram.android/com.instagram.mainactivity.InstagramMainActivity]
05-14 15:26:57.658  3167  3444 D RefreshRate:     | VOTES[PRIORITY_WINDOW_REQUEST -> Vote{mRefreshRate=90.0, mMinRefreshRate=90.0, mRequestSource=null};]
05-14 15:26:57.658  3167  3444 D RefreshRate:     | TIME:2026-05-14 09:56:57}
05-14 15:26:57.658  3167  3444 D DisplayModeDirector: setAppRequest displayId : 0  modeId: 3  requestedRefreshRate: 0.0  requestedMinRefreshRateRange: 0.0  requestedMaxRefreshRateRange: 90.0
05-14 15:26:57.660  3167  3443 D DisplayManagerServiceExtImpl: scheduleTraversalLocked intraversal=false
05-14 15:26:57.661  3167  3443 D DisplayManagerService: MSG_REQUEST_TRAVERSAL pendingCompleted=false
05-14 15:26:57.662  3167  3444 D DisplayManagerService: performTraversalInternal pendingTraversal
05-14 15:26:57.662  3167  3444 D DisplayDevice: setLayerStackLocked id=local:4630946292893219971 token=android.os.BinderProxy@41e3bec stack=0->0
05-14 15:26:57.664  3167  3498 D VRR [OPlusRefreshRateService]:  setDirectorStates [flag: 1, state: 0, directorStateOff: 0]
05-14 15:26:57.664  3167  3498 D LocalDisplayAdapter: setDesiredDisplayModeSpecsAsync: display unique id = local:4630946292893219971, display mode specs = defaultMode=2 allowGroupSwitching=false primaryRanges=physical: (0.0 144.0) render:  (0.0 90.0) appRequestRanges=physical: (0.0 144.0) render:  (0.0 90.0) idleScreenRefreshRate=null
05-14 15:26:57.668  3167  3444 D CoreBackPreview:  return markWindowHasDrawn mComposed: false  mWaitTransition: false
05-14 15:26:57.668  3167  3444 D ActivityTaskManager: Clearing startingData for activity=ActivityRecord{73533606 u0 com.android.launcher/.Launcher t5} mStartingData=null mStartingSurface=null
05-14 15:26:57.675  3167  3496 D OplusFeatureDMR[display=0]: onConfigChanged threadId=70 threadName=OplusDisplayWorkHandler physicalDisplayId=4630946292893219971 modeId=0  
05-14 15:26:57.676  3167  3496 D OplusFeatureDMR[display=0]: onConfigChanged threadId=70 threadName=OplusDisplayWorkHandler physicalDisplayId=4630946292893219971 modeId=2  
05-14 15:26:57.686  3167  3445 D SurfaceAnimationRunner: onAnimationEnd:Surface(name=Surface(name=OplusStartingSurface)/@0x1038487 - animation-leash of window_animation)/@0x469b180
05-14 15:26:57.700  3167  3443 I DisplayDeviceRepository: Display device changed render timings: "Built-in Screen", renderFrameRate=90.0, presentationDeadlineNanos=16111111, appVsyncOffsetNanos=4555556, frameRateOverrides=[]
05-14 15:26:57.700  3167  3443 D LogicalDisplayExt: set displayInfo flag FLAG_ROTATES_WITH_CONTENT
05-14 15:26:57.701  3167  3443 D DisplayManagerService: Delivering display event: displayId=0, event=EVENT_DISPLAY_REFRESH_RATE_CHANGED
05-14 15:26:57.702  3167  3444 D CoreBackPreview:  return markWindowHasDrawn mComposed: false  mWaitTransition: false
05-14 15:26:57.702  3167  3444 D ActivityTaskManager: Clearing startingData for activity=ActivityRecord{73533606 u0 com.android.launcher/.Launcher t5} mStartingData=null mStartingSurface=null
05-14 15:26:57.715  3167  3441 D WindowManager: DeferredDisplayUpdater: partially applying DisplayInfo(1272 x 2800) immediately
05-14 15:26:57.731  3167  3441 D OplusVFXScreenEffectFeature: notifySFCompatWindowStateChange entered false
05-14 15:26:57.731  3167  3441 D FSS_FoldScreenBlackCoverController: displayChangeToOn, dc:Display{#0 state=ON size=1080x2378 ROTATION_0}
05-14 15:26:57.735  3167  3444 D CoreBackPreview:  return markWindowHasDrawn mComposed: false  mWaitTransition: false
05-14 15:26:57.735  3167  3444 D ActivityTaskManager: Clearing startingData for activity=ActivityRecord{73533606 u0 com.android.launcher/.Launcher t5} mStartingData=null mStartingSurface=null
05-14 15:26:57.739  3167  3444 D CoreBackPreview:  return markWindowHasDrawn mComposed: false  mWaitTransition: false
05-14 15:26:57.739  3167  3444 D ActivityTaskManager: Clearing startingData for activity=ActivityRecord{73533606 u0 com.android.launcher/.Launcher t5} mStartingData=null mStartingSurface=null
05-14 15:26:57.740  3167  3498 D VRR [OPlusRefreshRateService]: handleConfigIdChange physicalDisplayId: 4630946292893219971 configId: 2 renderPeriod: 11111111
05-14 15:26:57.858  3167  4534 I ActivityManager: Death received, pid = 18609, processName = in.amazon.mShop.android.shopping:upiSdkProcess for thread android.os.BinderProxy@2ea1d8d
05-14 15:26:57.859  3167  4670 I ActivityManager: Process in.amazon.mShop.android.shopping:upiSdkProcess (pid 18609) has died: cch+35 CEM 
05-14 15:26:57.893  3167  3457 W QosScheduler: getScenario failed! scenarios is null, mask=32
05-14 15:26:57.893  3167  3457 W QosScheduler: executeSceneQosStrategy get scenario failed! scenario is null
05-14 15:26:57.893  3167  3457 W QosScheduler: getScenario failed! scenarios is null, mask=64
05-14 15:26:57.893  3167  3457 W QosScheduler: executeSceneQosStrategy get scenario failed! scenario is null
05-14 15:26:57.894  3167  5151 E AppOps  : attributionTag  not declared in manifest of com.instagram.android
05-14 15:26:57.894  3167  5151 E AppOps  : attributionTag  not declared in manifest of com.instagram.android
05-14 15:26:57.974  3167  3493 D PowerManagerService: userActivityNoUpdateLocked: groupId=0, eventTime=330747290, event=touch, flags=0x0, uid=1000
05-14 15:26:57.975  3167  3493 D PowerManagerService: userActivityNoUpdateLocked: groupId=0, eventTime=330747290, event=touch, flags=0x0, uid=1000
05-14 15:26:58.100  3167  3457 W QosScheduler: getScenario failed! scenarios is null, mask=32
05-14 15:26:58.100  3167  3457 W QosScheduler: executeSceneQosStrategy get scenario failed! scenario is null
05-14 15:26:58.100  3167  3457 W QosScheduler: getScenario failed! scenarios is null, mask=64
05-14 15:26:58.100  3167  3457 W QosScheduler: executeSceneQosStrategy get scenario failed! scenario is null
05-14 15:26:58.113  3167  4752 D CompatChangeReporter: Compat change id reported: 311208629; UID 10357; state: ENABLED
05-14 15:26:58.196  3167  4752 I WindowManager: addWindow: New client android.os.BinderProxy@8367ba6 : window=Window{14369e7 u0 KHCD.CGF}
05-14 15:26:58.198  3167  3444 D CoreBackPreview:  return markWindowHasDrawn mComposed: false  mWaitTransition: false
05-14 15:26:58.199  3167  3444 D ActivityTaskManager: Clearing startingData for activity=ActivityRecord{73533606 u0 com.android.launcher/.Launcher t5} mStartingData=null mStartingSurface=null
05-14 15:26:58.239  3167  5151 V WindowManager: Relayout Window{14369e7 u0 KHCD.CGF}: viewVisibility=0, oldvis=0, req=1x2210 , apr = 0, vsysui=, x=0, y=0
05-14 15:26:58.239  3167  5151 I WindowManager: Window{14369e7 u0 KHCD.CGF} state from NO_SURFACE to DRAW_PENDING; reason: resetDrawState
05-14 15:26:58.239  3167  3457 W SmartWindowScene: updateWindowState fail! invalid window type: -1
05-14 15:26:58.240  3167  3457 W SmartWindowScene: updateWindowState fail! invalid window type: -1
05-14 15:26:58.243  3167  5151 D WindowManager: NFW_findFocusedWindowIfNeeded:Window{63a22a u0 com.instagram.android/com.instagram.mainactivity.InstagramMainActivity} mCurrentFocus:Window{63a22a u0 com.instagram.android/com.instagram.mainactivity.InstagramMainActivity}
05-14 15:26:58.243  3167  4752 D CoreBackPreview: Window{14369e7 u0 KHCD.CGF}: Setting back callback OnBackInvokedCallbackInfo{mCallback=android.window.IOnBackInvokedCallback$Stub$Proxy@579aedf, mPriority=0, mIsAnimationCallback=false, mOverrideBehavior=0}
05-14 15:26:58.253  3167  4752 I WindowManager: Window{14369e7 u0 KHCD.CGF} state from DRAW_PENDING to COMMIT_DRAW_PENDING; reason: finishDrawingLocked
05-14 15:26:58.254  3167  3444 D CoreBackPreview:  return markWindowHasDrawn mComposed: false  mWaitTransition: false
05-14 15:26:58.254  3167  3444 D ActivityTaskManager: Clearing startingData for activity=ActivityRecord{73533606 u0 com.android.launcher/.Launcher t5} mStartingData=null mStartingSurface=null
05-14 15:26:58.259  3167  3444 I WindowManager: Window{14369e7 u0 KHCD.CGF} state from COMMIT_DRAW_PENDING to READY_TO_SHOW; reason: commitFinishDrawingLocked
05-14 15:26:58.259  3167  3444 D CoreBackPreview:  return markWindowHasDrawn mComposed: false  mWaitTransition: false
05-14 15:26:58.259  3167  3444 D ActivityTaskManager: Clearing startingData for activity=ActivityRecord{229130966 u0 com.instagram.android/com.instagram.mainactivity.InstagramMainActivity t13114} mStartingData=null mStartingSurface=null
05-14 15:26:58.259  3167  3444 I WindowManager: Window{14369e7 u0 KHCD.CGF} state from READY_TO_SHOW to HAS_DRAWN; reason: performShowLocked
05-14 15:26:58.271  3167  3444 D CoreBackPreview:  return markWindowHasDrawn mComposed: false  mWaitTransition: false
05-14 15:26:58.271  3167  3444 D ActivityTaskManager: Clearing startingData for activity=ActivityRecord{73533606 u0 com.android.launcher/.Launcher t5} mStartingData=null mStartingSurface=null
05-14 15:26:58.279  3167  3444 D CoreBackPreview:  return markWindowHasDrawn mComposed: false  mWaitTransition: false
05-14 15:26:58.282  3167  3444 D CoreBackPreview:  return markWindowHasDrawn mComposed: false  mWaitTransition: false
05-14 15:26:58.282  3167  3444 D ActivityTaskManager: Clearing startingData for activity=ActivityRecord{73533606 u0 com.android.launcher/.Launcher t5} mStartingData=null mStartingSurface=null
05-14 15:26:58.287  3167  3444 D CoreBackPreview:  return markWindowHasDrawn mComposed: false  mWaitTransition: false
05-14 15:26:58.287  3167  3444 D ActivityTaskManager: Clearing startingData for activity=ActivityRecord{73533606 u0 com.android.launcher/.Launcher t5} mStartingData=null mStartingSurface=null
05-14 15:26:58.293  3167  3463 I ActivityManager: Start proc 19405:com.google.android.webview:webview_service/u0a194 for service {com.google.android.webview/org.chromium.android_webview.services.VariationsSeedServer}
05-14 15:26:58.294  3167  3441 I ActivityManager: ProcessObserver broadcast disabled
05-14 15:26:58.295  3167  4056 I MemoryOperationUtils: add 19405 to inactive
05-14 15:26:58.338  3167  4752 D ActivityTaskManagerServiceExtImpl: preBindApplication record is null
05-14 15:26:58.401  3167  3454 D AppProfilerExtImpl: Skipped pss collection for CPU busy
05-14 15:26:58.418 19405 19405 V Configuration: Updating configuration, locales updated from [] to [en_GB]
05-14 15:26:58.424  3167  3493 D PowerManagerService: userActivityNoUpdateLocked: groupId=0, eventTime=330747740, event=touch, flags=0x0, uid=1000
05-14 15:26:58.425  3167  3493 D PowerManagerService: userActivityNoUpdateLocked: groupId=0, eventTime=330747740, event=touch, flags=0x0, uid=1000
05-14 15:26:58.456  3167  3457 W QosScheduler: getScenario failed! scenarios is null, mask=4
05-14 15:26:58.456  3167  3457 W QosScheduler: executeSceneQosStrategy get scenario failed! scenario is null
