05-14 15:26:52.653  3167  5452 E OplusAthenaAm: AthenaAmManagerInternal transact code hello:4,flags:0
05-14 15:26:52.653  3167  5452 E OplusAthenaAm: AthenaAmManagerInternal transact code hello:4,flags:0
05-14 15:26:52.655  3167  5452 D FlexibleTaskController: check task which not have enough child, isInSingleWhiteList:false isCloneTask:false
05-14 15:26:52.655  3167  5452 D FlexibleTaskController: check task which not have enough child, isInSingleWhiteList:false isCloneTask:false
05-14 15:26:52.655 30446 30446 I AppWidgetManager: updateAppWidgetIds, mPackageName: com.oneplus.deskclock, appWidgetIds: [2], views:android.widget.RemoteViews@8bd10e3
05-14 15:26:52.657  3167  4858 D OplusBatteryServiceFeature: setSmartCoolDown: coolDown = 4, normalCoolDown = 4, pkgName = com.android.launcher
05-14 15:26:52.658  3167  4969 D AppWidgetServiceImpl: updateAppWidgetIds remoteViews = android.widget.RemoteViews@40201bb
05-14 15:26:52.658  3167  4969 D AppWidgetServiceImpl: action size = 41
05-14 15:26:52.658  3167  4969 I AppWidgetServiceImpl: lookupWidgetLocked widgetId=2, uid=10211, packageName=com.oneplus.deskclock, mWidgets.size=2
05-14 15:26:52.658  3167  4969 I AppWidgetServiceImpl: isDifferentPackageFromProvider provider.id=ProviderId{user:0, app:10211, cmp:ComponentInfo{com.oneplus.deskclock/com.coloros.widget.smallweather.OxygenWeatherSingle}}, provider.id.componentName=ComponentInfo{com.oneplus.deskclock/com.coloros.widget.smallweather.OxygenWeatherSingle}, packageName=com.oneplus.deskclock, providerpackgename=com.oneplus.deskclock
05-14 15:26:52.658  3167  4969 I AppWidgetServiceImpl: updateViews: 50587352 widget:AppWidgetId{2:Host{HostId{user:0, app:10250, hostId:1024, pkg:com.android.launcher}}:Provider{ProviderId{user:0, app:10211, cmp:ComponentInfo{com.oneplus.deskclock/com.coloros.widget.smallweather.OxygenWeatherSingle}}}}
05-14 15:26:52.658  3167  4341 I AppWidgetServiceImpl: handleNotifyUpdateAppWidget,appWidgetId: 2,packageName:com.oneplus.deskclock
05-14 15:26:52.658  3167  4341 D AppWidgetServiceImpl: Trying to notify widget update for package com.oneplus.deskclock with widget id: 2 callbacks:com.android.internal.appwidget.IAppWidgetHost$Stub$Proxy@c0f4a31
05-14 15:26:52.659  3167  5061 D OplusAppSwitchRuleInfo: generateAppEnterInfo - launch_source_type =  , launch_source_traceid = 
05-14 15:26:52.661  3167  4103 D CompatChangeReporter: Compat change id reported: 151861875; UID 10357; state: ENABLED
05-14 15:26:52.666  4794  4794 D AppWidgetHostView: inflateAsync(rvToApply), appWidgetId: 2
05-14 15:26:52.666  3167  3463 I ActivityManager: Start proc 18124:com.axis.mobile/u0a359 for service {com.axis.mobile/androidx.work.impl.background.systemjob.SystemJobService}
05-14 15:26:52.667  3167  3463 W ContextImpl: Calling a method in the system process without a qualified user: android.app.ContextImpl.sendBroadcast:1281 com.android.server.am.OplusAppStartupConfig.sendAbnormalNotify:2301 com.android.server.am.OplusAppStartupConfig.notifyAbnormalInfo:2234 com.android.server.am.OplusAppStartupManager.handleStartAppInfo:5824 com.android.server.am.ProcessListExtImpl.hookHandleProcessStart:338 
05-14 15:26:52.667  3167  3441 I ActivityManager: ProcessObserver broadcast disabled
05-14 15:26:52.669  3167  5061 D OplusAppSwitchRuleInfo: generateAppEnterInfo - launch_source_type =  , launch_source_traceid = 
05-14 15:26:52.669  3167  3498 D VRR [OPlusRefreshRateService]: handleFrontAppChange pkgName: com.android.launcher
05-14 15:26:52.669  3167  5061 D OplusEapManager: mTargetEnterName :com.android.launcher
05-14 15:26:52.669  3167  5061 D OplusAppSwitchRuleInfo: generateAppEnterInfo - launch_source_type =  , launch_source_traceid = 
05-14 15:26:52.669  3167  5061 D OplusAppSwitchRuleInfo: generateAppEnterInfo - launch_source_type =  , launch_source_traceid = 
05-14 15:26:52.669  3167  5061 D OplusAppSwitchRuleInfo: generateAppEnterInfo - launch_source_type =  , launch_source_traceid = 
05-14 15:26:52.669  3167  5061 D OplusAppSwitchRuleInfo: generateAppEnterInfo - launch_source_type =  , launch_source_traceid = 
05-14 15:26:52.669  3167  5061 D OplusAppSwitchRuleInfo: generateAppEnterInfo - launch_source_type =  , launch_source_traceid = 
05-14 15:26:52.670  3167  5061 D OplusAppSwitchRuleInfo: generateAppEnterInfo - launch_source_type =  , launch_source_traceid = 
05-14 15:26:52.670  3167  5061 D OplusAppSwitchRuleInfo: generateAppEnterInfo - launch_source_type =  , launch_source_traceid = 
05-14 15:26:52.670  3167  5061 D OplusAppSwitchRuleInfo: generateAppEnterInfo - launch_source_type =  , launch_source_traceid = 
05-14 15:26:52.670  3167  5061 D OplusAppSwitchRuleInfo: generateActivityEnterInfo - launch_source_type =  , launch_source_traceid = 
05-14 15:26:52.670  3167  5061 D OplusAppSwitchRuleInfo: generateActivityEnterInfo - launch_source_type =  , launch_source_traceid = 
05-14 15:26:52.670  3167  5061 D OplusAppSwitchRuleInfo: generateActivityEnterInfo - launch_source_type =  , launch_source_traceid = 
05-14 15:26:52.674  3167  4056 I MemoryOperationUtils: add 18124 to com.axis.mobile
05-14 15:26:52.685  3167  3440 W Looper  : Slow dispatch took 128ms android.fg app=system_server main=false group=SKIP h=android.os.Handler c=com.android.server.wm.ActivityMetricsLogger$$ExternalSyntheticLambda0@a183e20 m=0
05-14 15:26:52.685  3167  3440 V WindowManager: Sent Transition (#8974) createdAt=05-14 15:26:52.522
05-14 15:26:52.685  3167  3440 V WindowManager:     startWCT=WindowContainerTransaction { changes= {} hops= [{pendingIntent: options=Bundle[{android.activity.splashScreenStyle=-1, android.activity.sourceInfo=android.app.ActivityOptions$SourceInfo@c0063d9, deviceintegration:remotetask.launchOption=-1, android:activity.animAbortListener=null, trigger_preBoot_limit_size=-1, androidx.activity.extra=Bundle[{flexibleStartFrom=}], android.activity.transientLaunch=true, android:activity.mZoomLaunchFlags=0}]}] errorCallbackToken=null taskFragmentOrganizer=null }
05-14 15:26:52.686  3167  3440 V WindowManager:     info={id=8974 t=TO_FRONT f=0x80 trk=0 r=[0@Point(0, 0)] c=[
05-14 15:26:52.686  3167  3440 V WindowManager:         {WCT{RemoteToken{ebaf032 Task{a9c6a34 #1 type=home}}} m=TO_FRONT f=SHOW_WALLPAPER|MOVE_TO_TOP leash=Surface(name=Task=1)/@0x39b6501 sb=Rect(0, 0 - 1080, 2378) eb=Rect(0, 0 - 1080, 2378) epz=Point(1080, 2378) d=0 taskParent=-1},
05-14 15:26:52.686  3167  3440 V WindowManager:         {WCT{RemoteToken{d9eaaec Task{ca4b651 #13114 type=standard A=10262:com.instagram.android}}} m=TO_BACK f=NONE leash=Surface(name=Task=13114)/@0xef7b131 sb=Rect(0, 0 - 1080, 2378) eb=Rect(0, 0 - 1080, 2378) epz=Point(1080, 2378) d=0 taskParent=-1},
05-14 15:26:52.686  3167  3440 V WindowManager:         {m=TO_FRONT f=IS_WALLPAPER leash=Surface(name=WallpaperWindowToken{b99d6d3 showWhenLocked=false})/@0x1b67fa6 sb=Rect(0, 0 - 1080, 2378) eb=Rect(0, 0 - 1080, 2378) epz=Point(1080, 2378) d=0}
05-14 15:26:52.686  3167  3440 V WindowManager:     ] 
05-14 15:26:52.686  3167  3440 V WindowManager: extendInfo=[
05-14 15:26:52.686  3167  3440 V WindowManager:  OplusTransitionExtendedInfo{mTmpFinishT=null, mInOplusCompatMode=false, mIsProcessRunning=true, mHasMismatchBoundsTarget=false, mRecentsController=null, mRemoteTransition=null, mIsTranslucentActivityToHome=false, mAvoidInterceptKeyEventToHome=false, mIsFromHome=false, mParentLeash=null, mBackAnimClosingLeash=null, mIsOplusAnimRes=false, mKeepBgForContinuous=false, mIsBalAllow=false, mTaskNotInRecent=false, mIsPredictiveBackAnim=false, mIsMergedWithPredictive=false, mIsLaunchFromSpruce=false, mIsLaunchFromDrive=false, mGlobalSearchPageSwitch=false, mNeedNoAlphaGlobalSearchScene=false, mAssistScreenShowing=false, mSwipeUpBrowserScreenShowing=false, mUserIdTransition=0
05-14 15:26:52.686  3167  3440 V WindowManager: , mInRemoteScene=false, mInPreReady=false, mPreStart=false, mToken=null, mAbortByRemoteFromHome=false, mShellApplyToken=null, mRequestTransitionTaskId=-1, mAbortTransitionOnShell=0, mStartFromShortcut=false, mRemovedTaskId=-1, mTransitionInterruptType=0, mMergeSecondTaskId=-1, mTaskIdStartFromRecents=0, mTransitionId=8974, mCanUseSpringSlideAnim=false, mTransitionLaunchFrom=0, mFoldChangeType=-1, mAnimStartingPosition=[0, 0, 0, 0], mIsOpeningStkDialogActivity=false, mSecondaryHomeToFrontWhenUnFolding=false, mIsNeedApplyStartTForEmbedded=false
05-14 15:26:52.686  3167  3440 V WindowManager: , mNeedCanvasExitAnim=false, mMergeSecondTaskAnimation=false, mIsLaunchUnityStart=false, mIsLaunchFromAssistantByDefault=false, mSkipRemoteTransitionfalse, mIsStartFromKeyguard=false flags=0x0, mWCT=null, mIsOpenMergeToInValidPredictive=false, mPromoteTaskWhenKeyguard-1, mRootLayerZOrderArray={}}]}
05-14 15:26:52.689  3167  3463 I ActivityManager: Start proc 18126:net.one97.paytm/u0a361 for service {net.one97.paytm/androidx.work.impl.background.systemjob.SystemJobService}
05-14 15:26:52.690  3167  4056 I MemoryOperationUtils: add 18126 to net.one97.paytm
05-14 15:26:52.693  3167  3441 I ActivityManager: ProcessObserver broadcast disabled
05-14 15:26:52.702  3167  3463 I ActivityManager: Start proc 18131:com.ril.ajio/u0a393 for service {com.ril.ajio/androidx.work.impl.background.systemjob.SystemJobService}
05-14 15:26:52.702  3167  4056 I MemoryOperationUtils: add 18131 to com.ril.ajio
05-14 15:26:52.705  3167  3441 I ActivityManager: ProcessObserver broadcast disabled
05-14 15:26:52.713  3167  3287 I AppWidgetServiceImpl: lookupWidgetLocked widgetId=2, uid=10211, packageName=com.oneplus.deskclock, mWidgets.size=2
05-14 15:26:52.716  3167  3287 I AppWidgetServiceImpl: isDifferentPackageFromProvider provider.id=ProviderId{user:0, app:10211, cmp:ComponentInfo{com.oneplus.deskclock/com.coloros.widget.smallweather.OxygenWeatherSingle}}, provider.id.componentName=ComponentInfo{com.oneplus.deskclock/com.coloros.widget.smallweather.OxygenWeatherSingle}, packageName=com.oneplus.deskclock, providerpackgename=com.oneplus.deskclock
05-14 15:26:52.716  3167  3463 W ActivityManager: Slow operation: 61ms so far, now at startProcess: returned from zygote!
05-14 15:26:52.717  3167  3463 W ActivityManager: Slow operation: 63ms so far, now at startProcess: done updating battery stats
05-14 15:26:52.717  3167  3463 W ActivityManager: Slow operation: 64ms so far, now at startProcess: building log message
05-14 15:26:52.717  3167  3463 I ActivityManager: Start proc 18135:com.google.android.partnersetup/u0a120 for service {com.google.android.partnersetup/com.google.android.partnersetup.InstalledAppJobService}
05-14 15:26:52.717  3167  3463 W ActivityManager: Slow operation: 64ms so far, now at startProcess: starting to update pids map
05-14 15:26:52.717  3167  3463 W ActivityManager: Slow operation: 64ms so far, now at startProcess: done updating pids map
05-14 15:26:52.717  3167  3463 W ActivityManager: Slow operation: 56ms so far, now at startProcess: asking zygote to start proc
05-14 15:26:52.717  3167  3441 I ActivityManager: ProcessObserver broadcast disabled
05-14 15:26:52.718  3167  4056 I MemoryOperationUtils: add 18135 to inactive
05-14 15:26:52.729 30446 12012 I AppWidgetManager: updateAppWidgetIds, mPackageName: com.oneplus.deskclock, appWidgetIds: [2], views:android.widget.RemoteViews@e409037
05-14 15:26:52.731  3167  3463 W ActivityManager: Slow operation: 70ms so far, now at startProcess: returned from zygote!
05-14 15:26:52.732  3167  3463 W ActivityManager: Slow operation: 71ms so far, now at startProcess: done updating battery stats
05-14 15:26:52.732  3167  3463 W ActivityManager: Slow operation: 71ms so far, now at startProcess: building log message
05-14 15:26:52.732  3167  3463 I ActivityManager: Start proc 18151:in.amazon.mShop.android.shopping/u0a357 for service {in.amazon.mShop.android.shopping/androidx.work.impl.background.systemjob.SystemJobService}
05-14 15:26:52.732  3167  3463 W ActivityManager: Slow operation: 71ms so far, now at startProcess: starting to update pids map
05-14 15:26:52.732  3167  3463 W ActivityManager: Slow operation: 71ms so far, now at startProcess: done updating pids map
05-14 15:26:52.732  3167  3463 W ActivityManager: Slow operation: 69ms so far, now at startProcess: asking zygote to start proc
05-14 15:26:52.733  3167  3441 I ActivityManager: ProcessObserver broadcast disabled
05-14 15:26:52.735  3167  4056 I MemoryOperationUtils: add 18151 to in.amazon.mShop.android.shopping
05-14 15:26:52.735  3167  4969 D AppWidgetServiceImpl: updateAppWidgetIds remoteViews = android.widget.RemoteViews@3a50113
05-14 15:26:52.735  3167  4969 D AppWidgetServiceImpl: action size = 41
05-14 15:26:52.735  3167  4969 I AppWidgetServiceImpl: lookupWidgetLocked widgetId=2, uid=10211, packageName=com.oneplus.deskclock, mWidgets.size=2
05-14 15:26:52.735  3167  4969 I AppWidgetServiceImpl: isDifferentPackageFromProvider provider.id=ProviderId{user:0, app:10211, cmp:ComponentInfo{com.oneplus.deskclock/com.coloros.widget.smallweather.OxygenWeatherSingle}}, provider.id.componentName=ComponentInfo{com.oneplus.deskclock/com.coloros.widget.smallweather.OxygenWeatherSingle}, packageName=com.oneplus.deskclock, providerpackgename=com.oneplus.deskclock
05-14 15:26:52.736  3167  4969 I AppWidgetServiceImpl: updateViews: 189230928 widget:AppWidgetId{2:Host{HostId{user:0, app:10250, hostId:1024, pkg:com.android.launcher}}:Provider{ProviderId{user:0, app:10211, cmp:ComponentInfo{com.oneplus.deskclock/com.coloros.widget.smallweather.OxygenWeatherSingle}}}}
05-14 15:26:52.736  3167  4341 I AppWidgetServiceImpl: handleNotifyUpdateAppWidget,appWidgetId: 2,packageName:com.oneplus.deskclock
05-14 15:26:52.736  3167  4341 D AppWidgetServiceImpl: Trying to notify widget update for package com.oneplus.deskclock with widget id: 2 callbacks:com.android.internal.appwidget.IAppWidgetHost$Stub$Proxy@c0f4a31
05-14 15:26:52.745  3167  3463 W ActivityManager: Slow operation: 82ms so far, now at startProcess: returned from zygote!
05-14 15:26:52.745  3167  3463 W ActivityManager: Slow operation: 82ms so far, now at startProcess: done updating battery stats
05-14 15:26:52.745  3167  3463 W ActivityManager: Slow operation: 82ms so far, now at startProcess: building log message
05-14 15:26:52.745  3167  3463 I ActivityManager: Start proc 18165:com.google.android.apps.walletnfcrel/u0a187 for service {com.google.android.apps.walletnfcrel/androidx.work.impl.background.systemjob.SystemJobService}
05-14 15:26:52.745  3167  3463 W ActivityManager: Slow operation: 82ms so far, now at startProcess: starting to update pids map
05-14 15:26:52.745  3167  3463 W ActivityManager: Slow operation: 82ms so far, now at startProcess: done updating pids map
05-14 15:26:52.746  3167  3441 I ActivityManager: ProcessObserver broadcast disabled
05-14 15:26:52.748  3167  4056 I MemoryOperationUtils: add 18165 to com.google.android.apps.walletnfcrel
05-14 15:26:52.751  4794  4794 D AppWidgetHostView: inflateAsync(rvToApply), appWidgetId: 2
05-14 15:26:52.758  3167  4992 D ActivityTaskManagerServiceExtImpl: preBindApplication record is null
05-14 15:26:52.776  3167  4595 D ActivityTaskManagerServiceExtImpl: preBindApplication record is null
05-14 15:26:52.789  3167  4103 W JobServiceContext: Sending onNetworkChanged for a job that isn't started. JobStatus{4c1780f androidx.work.systemjobscheduler:u0a359/1284 @androidx.work.systemjobscheduler@com.axis.mobile/androidx.work.impl.background.systemjob.SystemJobService u=0 s=10359 TIME=-1m55s289ms:none NET BATNOTLOW READY}
05-14 15:26:52.791 18124 18124 V Configuration: Updating configuration, locales updated from [] to [en_GB]
05-14 15:26:52.798  3167  3287 D ActivityTaskManagerServiceExtImpl: preBindApplication record is null
05-14 15:26:52.799  3167  4103 W JobServiceContext: Sending onNetworkChanged for a job that isn't started. JobStatus{80081e3 androidx.work.systemjobscheduler:u0a393/208 @androidx.work.systemjobscheduler@com.ril.ajio/androidx.work.impl.background.systemjob.SystemJobService u=0 s=10393 TIME=-1m53s650ms:none NET BATNOTLOW READY}
05-14 15:26:52.810  3167  5703 D ActivityTaskManagerServiceExtImpl: preBindApplication record is null
05-14 15:26:52.810 18131 18131 V Configuration: Updating configuration, locales updated from [] to [en_GB]
05-14 15:26:52.812 18135 18135 V Configuration: Updating configuration, locales updated from [] to [en_GB]
05-14 15:26:52.828  3167  4858 D ActivityTaskManagerServiceExtImpl: preBindApplication record is null
05-14 15:26:52.844 18165 18165 V Configuration: Updating configuration, locales updated from [] to [en_GB]
05-14 15:26:52.861 18151 18151 V Configuration: Updating configuration, locales updated from [] to [en_GB]
05-14 15:26:52.864  3167  4103 W JobServiceContext: Sending onNetworkChanged for a job that isn't started. JobStatus{5ff3765 androidx.work.systemjobscheduler:u0a361/12992 @androidx.work.systemjobscheduler@net.one97.paytm/androidx.work.impl.background.systemjob.SystemJobService u=0 s=10361 TIME=-1m54s233ms:none NET BATNOTLOW READY}
05-14 15:26:52.867 18126 18126 V Configuration: Updating configuration, locales updated from [] to [en_GB]
05-14 15:26:52.914 18124 18124 E LoadedApk: Unable to instantiate appComponentFactory
05-14 15:26:52.914 18124 18124 E LoadedApk: java.lang.ClassNotFoundException: Didn't find class "com.axis.mobile.whateverString" on path: DexPathList[[zip file "/data/app/~~IvtDAnIMVDGjkkhS8BBjBA==/com.axis.mobile-WOUDRbnbZEFc7G-ttuKB5g==/base.apk", zip file "/data/app/~~IvtDAnIMVDGjkkhS8BBjBA==/com.axis.mobile-WOUDRbnbZEFc7G-ttuKB5g==/split_config.arm64_v8a.apk", zip file "/data/app/~~IvtDAnIMVDGjkkhS8BBjBA==/com.axis.mobile-WOUDRbnbZEFc7G-ttuKB5g==/split_config.xxxhdpi.apk"],nativeLibraryDirectories=[/data/app/~~IvtDAnIMVDGjkkhS8BBjBA==/com.axis.mobile-WOUDRbnbZEFc7G-ttuKB5g==/lib/arm64, /data/app/~~IvtDAnIMVDGjkkhS8BBjBA==/com.axis.mobile-WOUDRbnbZEFc7G-ttuKB5g==/base.apk!/lib/arm64-v8a, /data/app/~~IvtDAnIMVDGjkkhS8BBjBA==/com.axis.mobile-WOUDRbnbZEFc7G-ttuKB5g==/split_config.arm64_v8a.apk!/lib/arm64-v8a, /data/app/~~IvtDAnIMVDGjkkhS8BBjBA==/com.axis.mobile-WOUDRbnbZEFc7G-ttuKB5g==/split_config.xxxhdpi.apk!/lib/arm64-v8a, /system/lib64, /system_ext/lib64]]
05-14 15:26:52.914 18124 18124 E LoadedApk: 	at dalvik.system.BaseDexClassLoader.findClass(BaseDexClassLoader.java:259)
05-14 15:26:52.914 18124 18124 E LoadedApk: 	at java.lang.ClassLoader.loadClass(ClassLoader.java:642)
05-14 15:26:52.914 18124 18124 E LoadedApk: 	at java.lang.ClassLoader.loadClass(ClassLoader.java:578)
05-14 15:26:52.914 18124 18124 E LoadedApk: 	at android.app.LoadedApk.createAppFactory(LoadedApk.java:301)
05-14 15:26:52.914 18124 18124 E LoadedApk: 	at android.app.LoadedApk.createOrUpdateClassLoaderLocked(LoadedApk.java:1109)
05-14 15:26:52.914 18124 18124 E LoadedApk: 	at android.app.LoadedApk.getClassLoader(LoadedApk.java:1207)
05-14 15:26:52.914 18124 18124 E LoadedApk: 	at android.app.LoadedApk.getResources(LoadedApk.java:1459)
05-14 15:26:52.914 18124 18124 E LoadedApk: 	at android.app.ContextImpl.createAppContext(ContextImpl.java:3584)
05-14 15:26:52.914 18124 18124 E LoadedApk: 	at android.app.ContextImpl.createAppContext(ContextImpl.java:3575)
05-14 15:26:52.914 18124 18124 E LoadedApk: 	at android.app.ActivityThread.handleBindApplication(ActivityThread.java:8514)
05-14 15:26:52.914 18124 18124 E LoadedApk: 	at android.app.ActivityThread.-$$Nest$mhandleBindApplication(Unknown Source:0)
05-14 15:26:52.914 18124 18124 E LoadedApk: 	at android.app.ActivityThread$H.handleMessage(ActivityThread.java:2813)
05-14 15:26:52.914 18124 18124 E LoadedApk: 	at android.os.Handler.dispatchMessage(Handler.java:115)
05-14 15:26:52.914 18124 18124 E LoadedApk: 	at android.os.Looper.loopOnce(Looper.java:302)
05-14 15:26:52.914 18124 18124 E LoadedApk: 	at android.os.Looper.loop(Looper.java:412)
05-14 15:26:52.914 18124 18124 E LoadedApk: 	at android.app.ActivityThread.main(ActivityThread.java:9998)
05-14 15:26:52.914 18124 18124 E LoadedApk: 	at java.lang.reflect.Method.invoke(Native Method)
05-14 15:26:52.914 18124 18124 E LoadedApk: 	at com.android.internal.os.RuntimeInit$MethodAndArgsCaller.run(RuntimeInit.java:613)
05-14 15:26:52.914 18124 18124 E LoadedApk: 	at com.android.internal.os.ZygoteInit.main(ZygoteInit.java:1074)
05-14 15:26:52.914 18124 18124 E LoadedApk: 	Suppressed: java.io.IOException: Failed to open dex files from /data/app/~~IvtDAnIMVDGjkkhS8BBjBA==/com.axis.mobile-WOUDRbnbZEFc7G-ttuKB5g==/split_config.arm64_v8a.apk because: Failed to find entry 'classes.dex': Entry not found
05-14 15:26:52.914 18124 18124 E LoadedApk: 		at dalvik.system.DexFile.openDexFileNative(Native Method)
05-14 15:26:52.914 18124 18124 E LoadedApk: 		at dalvik.system.DexFile.openDexFile(DexFile.java:406)
05-14 15:26:52.914 18124 18124 E LoadedApk: 		at dalvik.system.DexFile.<init>(DexFile.java:128)
05-14 15:26:52.914 18124 18124 E LoadedApk: 		at dalvik.system.DexFile.<init>(DexFile.java:101)
05-14 15:26:52.914 18124 18124 E LoadedApk: 		at dalvik.system.DexPathList.loadDexFile(DexPathList.java:438)
05-14 15:26:52.914 18124 18124 E LoadedApk: 		at dalvik.system.DexPathList.makeDexElements(DexPathList.java:397)
05-14 15:26:52.914 18124 18124 E LoadedApk: 		at dalvik.system.DexPathList.<init>(DexPathList.java:166)
05-14 15:26:52.914 18124 18124 E LoadedApk: 		at dalvik.system.BaseDexClassLoader.<init>(BaseDexClassLoader.java:160)
05-14 15:26:52.914 18124 18124 E LoadedApk: 		at dalvik.system.BaseDexClassLoader.<init>(BaseDexClassLoader.java:130)
05-14 15:26:52.914 18124 18124 E LoadedApk: 		at dalvik.system.PathClassLoader.<init>(PathClassLoader.java:146)
05-14 15:26:52.914 18124 18124 E LoadedApk: 		at com.android.internal.os.ClassLoaderFactory.createClassLoader(ClassLoaderFactory.java:93)
05-14 15:26:52.914 18124 18124 E LoadedApk: 		at com.android.internal.os.ClassLoaderFactory.createClassLoader(ClassLoaderFactory.java:134)
05-14 15:26:52.914 18124 18124 E LoadedApk: 		at android.app.ApplicationLoaders.getClassLoader(ApplicationLoaders.java:131)
05-14 15:26:52.914 18124 18124 E LoadedApk: 		at android.app.ApplicationLoaders.getClassLoaderWithSharedLibraries(ApplicationLoaders.java:64)
05-14 15:26:52.914 18124 18124 E LoadedApk: 		at android.app.LoadedApk.createOrUpdateClassLoaderLocked(LoadedApk.java:1104)
05-14 15:26:52.914 18124 18124 E LoadedApk: 		... 14 more
05-14 15:26:52.914 18124 18124 E LoadedApk: 	Suppressed: java.io.IOException: Failed to open dex files from /data/app/~~IvtDAnIMVDGjkkhS8BBjBA==/com.axis.mobile-WOUDRbnbZEFc7G-ttuKB5g==/split_config.xxxhdpi.apk because: Failed to find entry 'classes.dex': Entry not found
05-14 15:26:52.914 18124 18124 E LoadedApk: 		at dalvik.system.DexFile.openDexFileNative(Native Method)
05-14 15:26:52.914 18124 18124 E LoadedApk: 		at dalvik.system.DexFile.openDexFile(DexFile.java:406)
05-14 15:26:52.914 18124 18124 E LoadedApk: 		at dalvik.system.DexFile.<init>(DexFile.java:128)
05-14 15:26:52.914 18124 18124 E LoadedApk: 		at dalvik.system.DexFile.<init>(DexFile.java:101)
05-14 15:26:52.914 18124 18124 E LoadedApk: 		at dalvik.system.DexPathList.loadDexFile(DexPathList.java:438)
05-14 15:26:52.914 18124 18124 E LoadedApk: 		at dalvik.system.DexPathList.makeDexElements(DexPathList.java:397)
05-14 15:26:52.914 18124 18124 E LoadedApk: 		at dalvik.system.DexPathList.<init>(DexPathList.java:166)
05-14 15:26:52.914 18124 18124 E LoadedApk: 		at dalvik.system.BaseDexClassLoader.<init>(BaseDexClassLoader.java:160)
05-14 15:26:52.914 18124 18124 E LoadedApk: 		at dalvik.system.BaseDexClassLoader.<init>(BaseDexClassLoader.java:130)
05-14 15:26:52.914 18124 18124 E LoadedApk: 		at dalvik.system.PathClassLoader.<init>(PathClassLoader.java:146)
05-14 15:26:52.914 18124 18124 E LoadedApk: 		at com.android.internal.os.ClassLoaderFactory.createClassLoader(ClassLoaderFactory.java:93)
05-14 15:26:52.914 18124 18124 E LoadedApk: 		at com.android.internal.os.ClassLoaderFactory.createClassLoader(ClassLoaderFactory.java:134)
05-14 15:26:52.914 18124 18124 E LoadedApk: 		at android.app.ApplicationLoaders.getClassLoader(ApplicationLoaders.java:131)
05-14 15:26:52.914 18124 18124 E LoadedApk: 		at android.app.ApplicationLoaders.getClassLoaderWithSharedLibraries(ApplicationLoaders.java:64)
05-14 15:26:52.914 18124 18124 E LoadedApk: 		at android.app.LoadedApk.createOrUpdateClassLoaderLocked(LoadedApk.java:1104)
05-14 15:26:52.914 18124 18124 E LoadedApk: 		... 14 more
05-14 15:26:52.936 18135 18135 D ResourcesManagerExtImpl: applyConfigurationToAppResourcesLocked app.getDisplayId() return callback.displayId:-1
05-14 15:26:52.959 18131 18131 D ResourcesManagerExtImpl: applyConfigurationToAppResourcesLocked app.getDisplayId() return callback.displayId:-1
05-14 15:26:52.976  3167  5223 I ActivityManager: Flag disabled. Ignoring finishAttachApplication from uid: 10120. pid: 18135
05-14 15:26:52.976  3167  3457 W QosScheduler: getScenario failed! scenarios is null, mask=4
05-14 15:26:52.976  3167  3457 W QosScheduler: executeSceneQosStrategy get scenario failed! scenario is null
05-14 15:26:52.976  3167  4205 V AlarmManager: sending alarm Alarm{e959f6b type 1 origWhen 1778752612976 whenElapsed 746038919 android} uid 1000 whenElapsed 746038919 windowLength 0 maxWhenElapsed 746038919 repeatInterval 0 action null component null tag StorgaeBandInfoAlarmTag flags 0x9 procName system_server
05-14 15:26:52.993 18124 18124 D ResourcesManagerExtImpl: applyConfigurationToAppResourcesLocked app.getDisplayId() return callback.displayId:-1
05-14 15:26:53.000 18165 18165 D ResourcesManagerExtImpl: applyConfigurationToAppResourcesLocked app.getDisplayId() return callback.displayId:-1
05-14 15:26:53.002 18151 18151 D ResourcesManagerExtImpl: applyConfigurationToAppResourcesLocked app.getDisplayId() return callback.displayId:-1
05-14 15:26:53.004 18126 18126 D ResourcesManagerExtImpl: applyConfigurationToAppResourcesLocked app.getDisplayId() return callback.displayId:-1
05-14 15:26:53.063  3167  4205 V AlarmManager: sending alarm Alarm{902281a type 3 origWhen 746039006 whenElapsed 746039006 android} uid 1000 whenElapsed 746039006 windowLength 0 maxWhenElapsed 746039006 repeatInterval 0 action null component null tag *job.delay* flags 0x0 procName system_server
05-14 15:26:53.064  3167  4205 V AlarmManager: sending alarm Alarm{c3f2f4b type 2 origWhen 746039006 whenElapsed 746039006 android} uid 1000 whenElapsed 746039006 windowLength 0 maxWhenElapsed 746039006 repeatInterval 0 action null component null tag *job.deadline* flags 0x0 procName system_server
05-14 15:26:53.093  3167  5223 W JobScheduler: Job didn't exist in JobStore: #com.google.android.partnersetup/4096
05-14 15:26:53.205  3167  5292 I ActivityManager: Flag disabled. Ignoring finishAttachApplication from uid: 10187. pid: 18165
05-14 15:26:53.228  1437 18300 I keystore2: system/security/keystore2/src/database.rs:1412 - First database operation finished.
05-14 15:26:53.270  3167  4858 D ActivityManager: Async freezing 18135 com.google.android.partnersetup
05-14 15:26:53.317  3167  4858 D QuickBackInputPolicy: setInterceptInputKeyStatus, enable=false, enableFlag=1, inputCallback=android.window.IRemoteTransitionInputCallback$Stub$Proxy@999e651
05-14 15:26:53.319  4567  4642 V ShellRecents: [224775445] RecentsController.finishInner: toHome=true userLeave=true willFinishToHome=true state=0 hasPausingTasks=true reason=requested
05-14 15:26:53.319  4567  4642 V ShellRecents:   normal finish
05-14 15:26:53.319  4567  4642 V ShellRecents: [224775445] RecentsController.finishInner: Completing finish
05-14 15:26:53.320  3167  5703 D OplusWindowAnimationManager: setInputConsumerEnabled from launcher enabled=false last=true
05-14 15:26:53.320  4567  4642 V WindowManagerShell: Transition animation finished (aborted=false), notifying core (#8974) android.os.BinderProxy@1cf5cf6@0
05-14 15:26:53.320  4567  4642 D SplitScreen-->AppLockManager: setStartFromSafeControl mStartFromSafeControl=false
05-14 15:26:53.320  3167  5703 D VRR [OPlusRefreshRateService]:  HandleSetAppFrameRate [ 0 , com.instagram.android , false , version-1 ]
05-14 15:26:53.321  4567  4642 D ShellTaskOrganizer: onLandScapeSceneExit, isRecent is: false
05-14 15:26:53.322  3167  4992 D ActivityTaskManager: setAppVisibility(Token{b66d8b0 ActivityRecord{229130966 u0 com.instagram.android/com.instagram.mainactivity.InstagramMainActivity t13114}}, visible=false):  visible=true mVisibleRequested=true
05-14 15:26:53.322  3167  4992 D ActivityTaskManager: setVisibility defer change visibility for:ActivityRecord{229130966 u0 com.instagram.android/com.instagram.mainactivity.InstagramMainActivity t13114} visible:false
05-14 15:26:53.322  3167  4992 D ActivityTaskManager: setVisibility(Token{b66d8b0 ActivityRecord{229130966 u0 com.instagram.android/com.instagram.mainactivity.InstagramMainActivity t13114}}, visible=false) defer commitVisibility for inFinishingTransition
05-14 15:26:53.323  3167  4992 D Transition: finishTransition ar ActivityRecord{73533606 u0 com.android.launcher/.Launcher t5}, isVisibleRequested=true, state=RESUMED, visibleAtTransitionEndTokens={}, this=TransitionRecord{9ca47b7 id=8974 track=0 type=TO_FRONT flags=0x80 state=2 c=[
05-14 15:26:53.323  3167  4992 D Transition:    ChangeInfo{b847b24 container=Task{2d712fb #5 type=home I=com.android.launcher/.Launcher} flags=0x30}
05-14 15:26:53.323  3167  4992 D Transition:    ChangeInfo{6c5968d container=ActivityRecord{73533606 u0 com.android.launcher/.Launcher t5} flags=0x0}
05-14 15:26:53.323  3167  4992 D Transition:    ChangeInfo{40e4042 container=DefaultTaskDisplayArea@141608693 flags=0x0}
05-14 15:26:53.323  3167  4992 D Transition:    ChangeInfo{75c1115 container=Task{a9c6a34 #1 type=home} flags=0x30}
05-14 15:26:53.323  3167  4992 D Transition:    ChangeInfo{42fba1b container=WallpaperWindowToken{b99d6d3 showWhenLocked=false} flags=0x0}
05-14 15:26:53.323  3167  4992 D Transition:    ChangeInfo{aa5dc2a container=Task{ca4b651 #13114 type=standard A=10262:com.instagram.android} flags=0x4}
05-14 15:26:53.323  3167  4992 D Transition:    ChangeInfo{6b1a853 container=Display{#0 state=ON size=1080x2378 ROTATION_0} flags=0x0}
05-14 15:26:53.323  3167  4992 D Transition: ]
05-14 15:26:53.323  3167  4992 D Transition: }
05-14 15:26:53.323  3167  4992 D Transition: finishTransition ar ActivityRecord{229130966 u0 com.instagram.android/com.instagram.mainactivity.InstagramMainActivity t13114}, isVisibleRequested=false, state=RESUMED, visibleAtTransitionEndTokens={}, this=TransitionRecord{9ca47b7 id=8974 track=0 type=TO_FRONT flags=0x80 state=2 c=[
05-14 15:26:53.323  3167  4992 D Transition:    ChangeInfo{b847b24 container=Task{2d712fb #5 type=home I=com.android.launcher/.Launcher} flags=0x30}
05-14 15:26:53.323  3167  4992 D Transition:    ChangeInfo{6c5968d container=ActivityRecord{73533606 u0 com.android.launcher/.Launcher t5} flags=0x0}
05-14 15:26:53.323  3167  4992 D Transition:    ChangeInfo{40e4042 container=DefaultTaskDisplayArea@141608693 flags=0x0}
05-14 15:26:53.323  3167  4992 D Transition:    ChangeInfo{75c1115 container=Task{a9c6a34 #1 type=home} flags=0x30}
05-14 15:26:53.323  3167  4992 D Transition:    ChangeInfo{42fba1b container=WallpaperWindowToken{b99d6d3 showWhenLocked=false} flags=0x0}
05-14 15:26:53.323  3167  4992 D Transition:    ChangeInfo{aa5dc2a container=Task{ca4b651 #13114 type=standard A=10262:com.instagram.android} flags=0x4}
05-14 15:26:53.323  3167  4992 D Transition:    ChangeInfo{6b1a853 container=Display{#0 state=ON size=1080x2378 ROTATION_0} flags=0x0}
05-14 15:26:53.323  3167  4992 D Transition: ]
05-14 15:26:53.323  3167  4992 D Transition: }
05-14 15:26:53.324  3167  4992 D OplusDexSceneManager:  High temp 399 with highTemperatureThreshold 380 pkg:com.instagram.android reason: extra-second-dex
05-14 15:26:53.325  3167  4992 D ActivityTaskManager: commitVisibility: ActivityRecord{229130966 u0 com.instagram.android/com.instagram.mainactivity.InstagramMainActivity t13114}: visible=false visibleRequested=false, isInTransition=false 
05-14 15:26:53.325  3167  4992 D WindowManager: NFW_setClientVisible:ActivityRecord{229130966 u0 com.instagram.android/com.instagram.mainactivity.InstagramMainActivity t13114} clientVisible:false
05-14 15:26:53.325  3167  4992 I WindowManager: Window{63a22a u0 com.instagram.android/com.instagram.mainactivity.InstagramMainActivity} state from HAS_DRAWN to DRAW_PENDING; reason: resetDrawState
05-14 15:26:53.325  3167  4992 I OplusAppSwitchManagerService:  handleAppVisible , r = ActivityRecord{73533606 u0 com.android.launcher/.Launcher t5}
05-14 15:26:53.325  3167  4992 D OplusTransitionController: finishTransition, transition: TransitionRecord{9ca47b7 id=8974 track=0 type=TO_FRONT flags=0x80 state=4 c=[
05-14 15:26:53.325  3167  4992 D OplusTransitionController:    ChangeInfo{b847b24 container=Task{2d712fb #5 type=home I=com.android.launcher/.Launcher} flags=0x30}
05-14 15:26:53.325  3167  4992 D OplusTransitionController:    ChangeInfo{6c5968d container=ActivityRecord{73533606 u0 com.android.launcher/.Launcher t5} flags=0x0}
05-14 15:26:53.325  3167  4992 D OplusTransitionController:    ChangeInfo{40e4042 container=DefaultTaskDisplayArea@141608693 flags=0x0}
05-14 15:26:53.325  3167  4992 D OplusTransitionController:    ChangeInfo{75c1115 container=Task{a9c6a34 #1 type=home} flags=0x30}
05-14 15:26:53.325  3167  4992 D OplusTransitionController:    ChangeInfo{42fba1b container=WallpaperWindowToken{b99d6d3 showWhenLocked=false} flags=0x0}
05-14 15:26:53.325  3167  4992 D OplusTransitionController:    ChangeInfo{aa5dc2a container=Task{ca4b651 #13114 type=standard A=10262:com.instagram.android} flags=0x4}
05-14 15:26:53.325  3167  4992 D OplusTransitionController:    ChangeInfo{6b1a853 container=Display{#0 state=ON size=1080x2378 ROTATION_0} flags=0x0}
05-14 15:26:53.325  3167  4992 D OplusTransitionController: ]
05-14 15:26:53.325  3167  4992 D OplusTransitionController: }
05-14 15:26:53.326  3167  4992 I OplusRecentsAnimationController: finishTransition transition.mType=3,task=Task{527479a #13065 type=standard A=10136:android.task.contacts}
05-14 15:26:53.326  3167  4992 I TaskFragmentExtImpl: reset pause in recents anim for mTaskFragment: Task{527479a #13065 type=standard A=10136:android.task.contacts}
05-14 15:26:53.326  3167  4992 D FlexibleTaskTransitionController:  finishTransition pendingRecentToFlexibleTask:null,isRotationTransition:false ,pendingRecentToFlexible:null ,transition:TransitionRecord{9ca47b7 id=8974 track=0 type=TO_FRONT flags=0x80 state=4 c=[
05-14 15:26:53.326  3167  4992 D FlexibleTaskTransitionController:    ChangeInfo{b847b24 container=Task{2d712fb #5 type=home I=com.android.launcher/.Launcher} flags=0x30}
05-14 15:26:53.326  3167  4992 D FlexibleTaskTransitionController:    ChangeInfo{6c5968d container=ActivityRecord{73533606 u0 com.android.launcher/.Launcher t5} flags=0x0}
05-14 15:26:53.326  3167  4992 D FlexibleTaskTransitionController:    ChangeInfo{40e4042 container=DefaultTaskDisplayArea@141608693 flags=0x0}
05-14 15:26:53.326  3167  4992 D FlexibleTaskTransitionController:    ChangeInfo{75c1115 container=Task{a9c6a34 #1 type=home} flags=0x30}
05-14 15:26:53.326  3167  4992 D FlexibleTaskTransitionController:    ChangeInfo{42fba1b container=WallpaperWindowToken{b99d6d3 showWhenLocked=false} flags=0x0}
05-14 15:26:53.326  3167  4992 D FlexibleTaskTransitionController:    ChangeInfo{aa5dc2a container=Task{ca4b651 #13114 type=standard A=10262:com.instagram.android} flags=0x4}
05-14 15:26:53.326  3167  4992 D FlexibleTaskTransitionController:    ChangeInfo{6b1a853 container=Display{#0 state=ON size=1080x2378 ROTATION_0} flags=0x0}
05-14 15:26:53.326  3167  4992 D FlexibleTaskTransitionController: ]
05-14 15:26:53.326  3167  4992 D FlexibleTaskTransitionController: }
05-14 15:26:53.326  3167  4992 D OplusShortcutContinuesTransitionPolicy: finishTransition transition=TransitionRecord{9ca47b7 id=8974 track=0 type=TO_FRONT flags=0x80 state=4 c=[
05-14 15:26:53.326  3167  4992 D OplusShortcutContinuesTransitionPolicy:    ChangeInfo{b847b24 container=Task{2d712fb #5 type=home I=com.android.launcher/.Launcher} flags=0x30}
05-14 15:26:53.326  3167  4992 D OplusShortcutContinuesTransitionPolicy:    ChangeInfo{6c5968d container=ActivityRecord{73533606 u0 com.android.launcher/.Launcher t5} flags=0x0}
05-14 15:26:53.326  3167  4992 D OplusShortcutContinuesTransitionPolicy:    ChangeInfo{40e4042 container=DefaultTaskDisplayArea@141608693 flags=0x0}
05-14 15:26:53.326  3167  4992 D OplusShortcutContinuesTransitionPolicy:    ChangeInfo{75c1115 container=Task{a9c6a34 #1 type=home} flags=0x30}
05-14 15:26:53.326  3167  4992 D OplusShortcutContinuesTransitionPolicy:    ChangeInfo{42fba1b container=WallpaperWindowToken{b99d6d3 showWhenLocked=false} flags=0x0}
05-14 15:26:53.326  3167  4992 D OplusShortcutContinuesTransitionPolicy:    ChangeInfo{aa5dc2a container=Task{ca4b651 #13114 type=standard A=10262:com.instagram.android} flags=0x4}
05-14 15:26:53.326  3167  4992 D OplusShortcutContinuesTransitionPolicy:    ChangeInfo{6b1a853 container=Display{#0 state=ON size=1080x2378 ROTATION_0} flags=0x0}
05-14 15:26:53.326  3167  4992 D OplusShortcutContinuesTransitionPolicy: ]
05-14 15:26:53.326  3167  4992 D OplusShortcutContinuesTransitionPolicy: }
05-14 15:26:53.326  3167  4992 D ActivityTaskManager: setVisibility after transition for:ActivityRecord{229130966 u0 com.instagram.android/com.instagram.mainactivity.InstagramMainActivity t13114}
05-14 15:26:53.327  3167  4992 D TransitionControllerExtImpl: NFW_send RECOMPUTE_FOCUS in finishTransition
05-14 15:26:53.327  4567  4642 D ShellTaskOrganizer: onTransitionFinish, isRecent:true
05-14 15:26:53.327  4567  4642 V WindowManagerShell: Track 0 became idle
05-14 15:26:53.327  4567  4642 V WindowManagerShell: All active transition animations finished
05-14 15:26:53.327  4567  4642 V ShellRecents: [224775445] RecentsController.cleanup
05-14 15:26:53.328  4567  4642 V ShellRecents: RecentsController.setInputConsumerEnabled: skip, cb?=false enabled?=false
05-14 15:26:53.330  3167  4992 D Transition: finishTransaction-onCommitted syncId=8974
05-14 15:26:53.330  3167  3443 D QuickBackInputPolicy: hasMultiChildrenInTask: false
05-14 15:26:53.330  3167  3443 D WindowManager: NFW_findFocusedWindowIfNeeded:Window{af62e61 u0 com.android.launcher/com.android.launcher.Launcher} mCurrentFocus:Window{af62e61 u0 com.android.launcher/com.android.launcher.Launcher}
05-14 15:26:53.332  3167  3457 I UserAwareMgr: handleAppChangedToBg, pkgName: com.instagram.android, pid: 836
05-14 15:26:53.336  3167  4364 D BackgroundInstallControlService: Package event received: 0
05-14 15:26:53.338  1437 18300 I keystore2: system/security/keystore2/src/database.rs:1412 - First database operation finished.
05-14 15:26:53.338  3167  3444 D OplusAONSmartDim: onWakeLockReleaseLocked: lock=173971501, flags=0x2000000a, packageName=android, tag="WindowManager/displayId:0", ws=WorkSource{10262 com.instagram.android}, uid=1000, pid=3167
05-14 15:26:53.338  3167  3444 D PowerManagerService: userActivityNoUpdateLocked: groupId=0, eventTime=330742660, event=other, flags=0x1, uid=1000
05-14 15:26:53.339  3167  3444 I TaskOrganizerController: onTaskInfoChanged taskid 13114 config { mBounds=Rect(0, 0 - 1080, 2378) mAppBounds=Rect(0, 0 - 1080, 2378) mMaxBounds=Rect(0, 0 - 1080, 2378) mDisplayRotation=ROTATION_0 mWindowingMode=fullscreen mActivityType=standard mAlwaysOnTop=undefined mRotation=ROTATION_0}
05-14 15:26:53.340  3167  3444 D OplusFlexibleDragToSplitAnimController: visibleFlexibleTaskInfos delete:13114
05-14 15:26:53.340  3167  3444 E FlexibleWindowManagerService: notifyTaskObserverToAttachController not need to notify!
05-14 15:26:53.340  3167  3444 I FlexibleWindowManagerService: onFlexibleWindowTaskInfoChanged, return for cur task not embedded
05-14 15:26:53.341  3167  3444 D CoreBackPreview:  return markWindowHasDrawn mComposed: false  mWaitTransition: false
05-14 15:26:53.341  3167  3444 D ActivityTaskManager: Clearing startingData for activity=ActivityRecord{73533606 u0 com.android.launcher/.Launcher t5} mStartingData=null mStartingSurface=null
05-14 15:26:53.341  3167  3498 D VRR [OPlusRefreshRateService]:  setDirectorStates [flag: 1, state: 0, directorStateOff: 0]
05-14 15:26:53.355  3167  4245 D InputMethodManagerService: isSecurity: attribute.packageName = com.android.launcher mCurMethodId = com.google.android.inputmethod.latin/com.android.inputmethod.latin.LatinIME isSecurity = false ( enable = true needShow = false inBlackList = false isExist = true )
05-14 15:26:53.357  3167  3443 V WindowManager: Unknown focus tokens, dropping reportFocusChanged
05-14 15:26:53.358  3167  4205 V AlarmManager: sending alarm Alarm{39012c0 type 2 origWhen 746039301 whenElapsed 746039301 android} uid 1000 whenElapsed 746039301 windowLength 0 maxWhenElapsed 746039301 repeatInterval 0 action null component null tag *job.deadline* flags 0x0 procName system_server
05-14 15:26:53.362  3167  5292 W PackageConfigPersister: App-specific configuration not found for packageName: com.android.launcher and userId: 0
05-14 15:26:53.376  3167  3454 D AppProfilerExtImpl: Skipped pss collection for CPU busy
05-14 15:26:53.377  3167  4103 D ActivityManager: Cancel freezing 18135 com.google.android.partnersetup
05-14 15:26:53.380  3167  3444 D CoreBackPreview:  return markWindowHasDrawn mComposed: false  mWaitTransition: false
05-14 15:26:53.380  3167  3444 D ActivityTaskManager: Clearing startingData for activity=ActivityRecord{73533606 u0 com.android.launcher/.Launcher t5} mStartingData=null mStartingSurface=null
05-14 15:26:53.388  3167  3444 D CoreBackPreview:  return markWindowHasDrawn mComposed: false  mWaitTransition: false
05-14 15:26:53.389  3167  3444 D ActivityTaskManager: Clearing startingData for activity=ActivityRecord{73533606 u0 com.android.launcher/.Launcher t5} mStartingData=null mStartingSurface=null
05-14 15:26:53.413  3167  5703 E AppOps  : attributionTag  not declared in manifest of com.instagram.android
05-14 15:26:53.413  3167  5703 E AppOps  : attributionTag  not declared in manifest of com.instagram.android
05-14 15:26:53.435  3167  6894 D ActivityTaskManager: Skipping, invisible task: Task{2d712fb #5 type=home I=com.android.launcher/.Launcher}
05-14 15:26:53.435  3167  6894 D ActivityTaskManager: Skipping, invisible task: Task{bd6acdd #13125 type=standard A=10201:com.google.android.youtube}
05-14 15:26:53.435  3167  6894 D OplusSplitScreenManagerService: net.one97.paytm unSupportsSplitScreen by blockList or ForbidActivityList
05-14 15:26:53.436  3167  6894 D OplusSplitScreenManagerService: com.android.settings unSupportsSplitScreen by blockList or ForbidActivityList
05-14 15:26:53.436  3167  6894 D OplusSplitScreenManagerService: com.android.settings unSupportsSplitScreen by blockList or ForbidActivityList
05-14 15:26:53.436  3167  6894 D ActivityTaskManager: after skip size:11,pre-Filtered:com.instagram.android # com.profujjwal007.FRename # com.whatsapp # com.oplus.stdsp # net.one97.paytm # com.oneplus.filemanager # com.android.settings # com.oneplus.deskclock # com.netflix.mediaclient # com.amazon.avod.thirdpartyclient # com.oppo.quicksearchbox # 
05-14 15:26:53.441  3167  4858 W JobScheduler: Job didn't exist in JobStore: #com.google.android.apps.walletnfcrel/10391
05-14 15:26:53.475  3167  4858 D OplusAONSmartDim: onWakeLockReleaseLocked: lock=256417569, flags=0xa, packageName=com.instagram.android, tag="GrootPlayer:WakeLock", ws=null, uid=10262, pid=836
05-14 15:26:53.505   836   836 D VRI[InstagramMainActivity]: relayoutWindow result, sizeChanged:false, surfaceControlChanged:false, transformHintChanged:false, mSurfaceSize:Point(1080, 2378), mLastSurfaceSize:Point(1080, 2378), mWidth:1080, mHeight:2378, requestedWidth:1080, requestedHeight:2378, transformHint:0, installOrientation:0, displayRotation:0, isSurfaceValid:true, attr.flag:-2122252032, tmpFrames:ClientWindowFrames{frame=[0,0][1080,2378] display=[0,0][1080,2378] parentFrame=[0,0][1080,2378]}, relayoutAsync:true, mSyncSeqId:0
05-14 15:26:53.505   836   836 W VRI[InstagramMainActivity]: updateBlastSurfaceIfNeeded, surfaceSize:Point(1080, 2378), lastSurfaceSize:Point(1080, 2378), format:-3, blastBufferQueue:android.graphics.BLASTBufferQueue@63c9a5d
05-14 15:26:53.505  3167  5292 V WindowManager: Relayout Window{63a22a u0 com.instagram.android/com.instagram.mainactivity.InstagramMainActivity}: viewVisibility=0, oldvis=0, req=1080x2378 , apr = 0, vsysui=LAYOUT_STABLE LAYOUT_HIDE_NAVIGATION LAYOUT_FULLSCREEN, x=0, y=0
05-14 15:26:53.510  3167  3444 D CoreBackPreview:  return markWindowHasDrawn mComposed: false  mWaitTransition: false
05-14 15:26:53.511  3167  3444 D ActivityTaskManager: Clearing startingData for activity=ActivityRecord{73533606 u0 com.android.launcher/.Launcher t5} mStartingData=null mStartingSurface=null
05-14 15:26:53.582  3167  3287 D OplusStartingWindowManager: updateRecordSurfaceViewState windowToken = android.os.BinderProxy@5fd2f15, surfaceState = false, attachedToWindow = true, inList = false, win = Window{63a22a u0 com.instagram.android/com.instagram.mainactivity.InstagramMainActivity}
05-14 15:26:53.584  3167  5292 W PresentationStatsEventLogger: Shouldn't be logging AutofillPresentationEventReported again for same event
05-14 15:26:53.618  3167  3445 D OplusWallpaperSurfaceAnimation: resetEnable curState: STARTED
05-14 15:26:53.618  3167  3445 D OplusWallpaperAnimationManager: onAnimationEnd
05-14 15:26:53.618  3167  3445 D OplusWallpaperAnimationManager: setSkipUpdateWallpaperPosition skip: false, wallpaper: Window{d24bd0b u0 com.android.systemui.wallpapers.ImageWallpaper}
05-14 15:26:53.618  3167  3445 D OplusWallpaperSurfaceAnimation: setAnimationState curState: IDLE
05-14 15:26:53.694  3167  4407 D NotificationService--OplusNotificationFixHelper: fixAppIcon: pkg=android
05-14 15:26:53.694  3167  4407 D NotificationService--OplusNotificationFixHelper: fixAppIcon: appIcon = null, pkg = android
05-14 15:26:53.695  3167  4407 I OplusStatusBarManagerServiceEnhance:  getTopIsFullscreen mTopIsFullscreen: false
05-14 15:26:53.708  3167  5292 I ActivityManager: Flag disabled. Ignoring finishAttachApplication from uid: 10359. pid: 18124
05-14 15:26:53.716  3167  5084 D CompatChangeReporter: Compat change id reported: 297989574; UID 10359; state: ENABLED
05-14 15:26:53.718  3167  4205 V AlarmManager: sending alarm Alarm{b9f7141 type 2 origWhen 746039621 whenElapsed 746039621 android} uid 1000 whenElapsed 746039621 windowLength 0 maxWhenElapsed 746039621 repeatInterval 0 action null component null tag *job.deadline* flags 0x0 procName system_server
05-14 15:26:53.721  3167  3167 D NotificationService--OplusNotificationManagerServiceExtImpl: isForwardToAssistants: false, case : Is in mMcsNotInterceptPkgList or is isSystemApp
05-14 15:26:53.721  3167  3167 D NotificationService: This application enqueue notifications is not need postDelayed
05-14 15:26:53.739  3167  4992 V WindowManager: Relayout Window{63a22a u0 com.instagram.android/com.instagram.mainactivity.InstagramMainActivity}: viewVisibility=8, oldvis=0, req=1080x2378 , apr = 0, vsysui=LAYOUT_STABLE LAYOUT_HIDE_NAVIGATION LAYOUT_FULLSCREEN, x=0, y=0
05-14 15:26:53.740  3167  4992 D QuickBackInputPolicy: hasMultiChildrenInTask: false
05-14 15:26:53.740  3167  4992 D WindowManager: NFW_findFocusedWindowIfNeeded:Window{af62e61 u0 com.android.launcher/com.android.launcher.Launcher} mCurrentFocus:Window{af62e61 u0 com.android.launcher/com.android.launcher.Launcher}
05-14 15:26:53.742   836   836 D VRI[InstagramMainActivity]: relayoutWindow result, sizeChanged:false, surfaceControlChanged:true, transformHintChanged:false, mSurfaceSize:Point(1080, 2378), mLastSurfaceSize:Point(1080, 2378), mWidth:1080, mHeight:2378, requestedWidth:1080, requestedHeight:2378, transformHint:0, installOrientation:0, displayRotation:0, isSurfaceValid:false, attr.flag:-2122252032, tmpFrames:ClientWindowFrames{frame=[0,0][1080,2378] display=[0,0][1080,2378] parentFrame=[0,0][0,0]}, relayoutAsync:false, mSyncSeqId:0
05-14 15:26:53.743  3167  3444 D CoreBackPreview:  return markWindowHasDrawn mComposed: false  mWaitTransition: false
05-14 15:26:53.743  3167  3444 D ActivityTaskManager: Clearing startingData for activity=ActivityRecord{73533606 u0 com.android.launcher/.Launcher t5} mStartingData=null mStartingSurface=null
05-14 15:26:53.753  3167  5226 I WindowManager: Window{63a22a u0 com.instagram.android/com.instagram.mainactivity.InstagramMainActivity} state from DRAW_PENDING to NO_SURFACE; reason: destroySurface
05-14 15:26:53.754  3167  5226 D OplusStartingWindowManager: skip remove starting window for activity = ActivityRecord{229130966 u0 com.instagram.android/com.instagram.mainactivity.InstagramMainActivity t13114} ,ar != topActivityContainsStartingWindow on activityStopped
05-14 15:26:53.760  3167  3444 D CoreBackPreview:  return markWindowHasDrawn mComposed: false  mWaitTransition: false
05-14 15:26:53.760  3167  3444 D ActivityTaskManager: Clearing startingData for activity=ActivityRecord{73533606 u0 com.android.launcher/.Launcher t5} mStartingData=null mStartingSurface=null
05-14 15:26:53.798  3167  6844 D ActivityManager: Async freezing 18135 com.google.android.partnersetup
05-14 15:26:53.809  3167  4364 D BackgroundInstallControlService: Package event received: 0
05-14 15:26:53.839  3167  3287 I AS.FadeOutManager: unfadeOutUid() uid:10201
05-14 15:26:53.842 12116 12116 I AudioManager: dispatching onAudioFocusChange(1) to android.media.AudioManager@f853b05andl@cc03c5e
05-14 15:26:53.847  3167  4518 I TaskOrganizerController: onTaskInfoChanged taskid 13125 config { mBounds=Rect(442, 1950 - 1032, 2282) mAppBounds=Rect(442, 1950 - 1032, 2282) mMaxBounds=Rect(0, 0 - 1080, 2378) mDisplayRotation=ROTATION_0 mWindowingMode=pinned mActivityType=standard mAlwaysOnTop=undefined mRotation=ROTATION_0}
05-14 15:26:53.848  3167  4518 D OplusFlexibleDragToSplitAnimController: visibleFlexibleTaskInfos delete:13125
