05-14 15:26:59.297  3167  3440 V WindowManager:         {WCT{RemoteToken{d9eaaec Task{ca4b651 #13114 type=standard A=10262:com.instagram.android}}} m=TO_BACK f=NONE leash=Surface(name=Task=13114)/@0xef7b131 sb=Rect(0, 0 - 1080, 2378) eb=Rect(0, 0 - 1080, 2378) epz=Point(1080, 2378) d=0 taskParent=-1},
05-14 15:26:59.297  3167  3440 V WindowManager:         {m=TO_FRONT f=IS_WALLPAPER leash=Surface(name=WallpaperWindowToken{b99d6d3 showWhenLocked=false})/@0x1b67fa6 sb=Rect(0, 0 - 1080, 2378) eb=Rect(0, 0 - 1080, 2378) epz=Point(1080, 2378) d=0}
05-14 15:26:59.297  3167  3440 V WindowManager:     ] 
05-14 15:26:59.297  3167  3440 V WindowManager: extendInfo=[
05-14 15:26:59.297  3167  3440 V WindowManager:  OplusTransitionExtendedInfo{mTmpFinishT=null, mInOplusCompatMode=false, mIsProcessRunning=true, mHasMismatchBoundsTarget=false, mRecentsController=null, mRemoteTransition=null, mIsTranslucentActivityToHome=false, mAvoidInterceptKeyEventToHome=false, mIsFromHome=false, mParentLeash=null, mBackAnimClosingLeash=null, mIsOplusAnimRes=false, mKeepBgForContinuous=false, mIsBalAllow=false, mTaskNotInRecent=false, mIsPredictiveBackAnim=false, mIsMergedWithPredictive=false, mIsLaunchFromSpruce=false, mIsLaunchFromDrive=false, mGlobalSearchPageSwitch=false, mNeedNoAlphaGlobalSearchScene=false, mAssistScreenShowing=false, mSwipeUpBrowserScreenShowing=false, mUserIdTransition=0
05-14 15:26:59.297  3167  3440 V WindowManager: , mInRemoteScene=false, mInPreReady=false, mPreStart=false, mToken=null, mAbortByRemoteFromHome=false, mShellApplyToken=null, mRequestTransitionTaskId=-1, mAbortTransitionOnShell=0, mStartFromShortcut=false, mRemovedTaskId=-1, mTransitionInterruptType=0, mMergeSecondTaskId=-1, mTaskIdStartFromRecents=0, mTransitionId=8976, mCanUseSpringSlideAnim=false, mTransitionLaunchFrom=0, mFoldChangeType=-1, mAnimStartingPosition=[0, 0, 0, 0], mIsOpeningStkDialogActivity=false, mSecondaryHomeToFrontWhenUnFolding=false, mIsNeedApplyStartTForEmbedded=false
05-14 15:26:59.297  3167  3440 V WindowManager: , mNeedCanvasExitAnim=false, mMergeSecondTaskAnimation=false, mIsLaunchUnityStart=false, mIsLaunchFromAssistantByDefault=false, mSkipRemoteTransitionfalse, mIsStartFromKeyguard=false flags=0x0, mWCT=null, mIsOpenMergeToInValidPredictive=false, mPromoteTaskWhenKeyguard-1, mRootLayerZOrderArray={}}]}
05-14 15:26:59.297  3167  5061 D OplusAppSwitchRuleInfo: generateAppEnterInfo - launch_source_type =  , launch_source_traceid = 
05-14 15:26:59.297  3167  5061 D OplusEapManager: mTargetEnterName :com.android.launcher
05-14 15:26:59.297  3167  5061 D OplusAppSwitchRuleInfo: generateAppEnterInfo - launch_source_type =  , launch_source_traceid = 
05-14 15:26:59.297  3167  5061 D OplusAppSwitchRuleInfo: generateAppEnterInfo - launch_source_type =  , launch_source_traceid = 
05-14 15:26:59.298  3167  5061 D OplusAppSwitchRuleInfo: generateAppEnterInfo - launch_source_type =  , launch_source_traceid = 
05-14 15:26:59.298  3167  3441 D WindowManager: DeferredDisplayUpdater: partially applying DisplayInfo(1272 x 2800) immediately
05-14 15:26:59.299  3167  5061 D OplusAppSwitchRuleInfo: generateAppEnterInfo - launch_source_type =  , launch_source_traceid = 
05-14 15:26:59.299  3167  5061 D OplusAppSwitchRuleInfo: generateAppEnterInfo - launch_source_type =  , launch_source_traceid = 
05-14 15:26:59.299  3167  3441 D OplusVFXScreenEffectFeature: notifySFCompatWindowStateChange entered false
05-14 15:26:59.299  3167  3441 D FSS_FoldScreenBlackCoverController: displayChangeToOn, dc:Display{#0 state=ON size=1080x2378 ROTATION_0}
05-14 15:26:59.300  4794  4794 D AppWidgetHostView: inflateAsync(rvToApply), appWidgetId: 2
05-14 15:26:59.300  3167  5061 D OplusAppSwitchRuleInfo: generateAppEnterInfo - launch_source_type =  , launch_source_traceid = 
05-14 15:26:59.301  3167  3444 D CoreBackPreview:  return markWindowHasDrawn mComposed: false  mWaitTransition: false
05-14 15:26:59.301  3167  3444 D ActivityTaskManager: Clearing startingData for activity=ActivityRecord{73533606 u0 com.android.launcher/.Launcher t5} mStartingData=null mStartingSurface=null
05-14 15:26:59.303  3167  5061 D OplusAppSwitchRuleInfo: generateAppEnterInfo - launch_source_type =  , launch_source_traceid = 
05-14 15:26:59.303  3167  5061 D OplusAppSwitchRuleInfo: generateAppEnterInfo - launch_source_type =  , launch_source_traceid = 
05-14 15:26:59.303  3167  3287 I ActivityManager: Death received, pid = 19443, processName = in.amazon.mShop.android.shopping:upiSdkProcess for thread android.os.BinderProxy@f902dfd
05-14 15:26:59.304  3167  5061 D OplusAppSwitchRuleInfo: generateActivityEnterInfo - launch_source_type =  , launch_source_traceid = 
05-14 15:26:59.304  3167  5061 D OplusAppSwitchRuleInfo: generateActivityEnterInfo - launch_source_type =  , launch_source_traceid = 
05-14 15:26:59.304  3167  5061 D OplusAppSwitchRuleInfo: generateActivityEnterInfo - launch_source_type =  , launch_source_traceid = 
05-14 15:26:59.305  3167  6721 I ActivityManager: Process in.amazon.mShop.android.shopping:upiSdkProcess (pid 19443) has died: cch+15 CEM 
05-14 15:26:59.325  3167  3498 D VRR [OPlusRefreshRateService]: handleFrontAppChange pkgName: com.android.launcher
05-14 15:26:59.332  3167  4518 D FlexibleTaskController: check task which not have enough child, isInSingleWhiteList:false isCloneTask:false
05-14 15:26:59.332  3167  4518 D FlexibleTaskController: check task which not have enough child, isInSingleWhiteList:false isCloneTask:false
05-14 15:26:59.333  3167  4364 D BackgroundInstallControlService: Package event received: 0
05-14 15:26:59.356  3167  3287 I ActivityManager: Death received, pid = 19052, processName = com.google.android.webview:sandboxed_process0:org.chromium.content.app.SandboxedProcessService0:0 for thread android.os.BinderProxy@30d58fb
05-14 15:26:59.366  3167  4670 I ActivityManager: Process com.google.android.webview:sandboxed_process0:org.chromium.content.app.SandboxedProcessService0:0 (pid 19052) has died: cch+35 CEM 
05-14 15:26:59.383  3167  3474 D BatteryExternalStatsWorker: begin updateExternalStatsSync reason=remove-uid flag:1
05-14 15:26:59.385  3167  3287 I ActivityManager: Death received, pid = 19018, processName = com.google.android.apps.chromecast.app for thread android.os.BinderProxy@5827170
05-14 15:26:59.387  3167  6721 I ActivityManager: Process com.google.android.apps.chromecast.app (pid 19018) has died: prcl IMPF
05-14 15:26:59.398  3167  4595 I ActivityManager: Death received, pid = 18151, processName = in.amazon.mShop.android.shopping for thread android.os.BinderProxy@cc576fe
05-14 15:26:59.407  3167  4670 I ActivityManager: Process in.amazon.mShop.android.shopping (pid 18151) has died: cch+25 CEM 
05-14 15:26:59.436  3167  4752 I ActivityManager: Death received, pid = 18131, processName = com.ril.ajio for thread android.os.BinderProxy@359d868
05-14 15:26:59.437  3167  6721 I ActivityManager: Process com.ril.ajio (pid 18131) has died: cch+35 CEM 
05-14 15:26:59.444  3167  4983 I ActivityManager: Death received, pid = 18124, processName = com.axis.mobile for thread android.os.BinderProxy@64e9d05
05-14 15:26:59.447  3167  3474 D BatteryExternalStatsWorker: end updateExternalStatsSync
05-14 15:26:59.452  3167  4983 I AppWidgetServiceImpl: lookupWidgetLocked widgetId=2, uid=10211, packageName=com.oneplus.deskclock, mWidgets.size=2
05-14 15:26:59.452  3167  4983 I AppWidgetServiceImpl: isDifferentPackageFromProvider provider.id=ProviderId{user:0, app:10211, cmp:ComponentInfo{com.oneplus.deskclock/com.coloros.widget.smallweather.OxygenWeatherSingle}}, provider.id.componentName=ComponentInfo{com.oneplus.deskclock/com.coloros.widget.smallweather.OxygenWeatherSingle}, packageName=com.oneplus.deskclock, providerpackgename=com.oneplus.deskclock
05-14 15:26:59.453  3167  4670 I ActivityManager: Process com.axis.mobile (pid 18124) has died: cch+55 CEM 
05-14 15:26:59.477 30446 30493 I AppWidgetManager: updateAppWidgetIds, mPackageName: com.oneplus.deskclock, appWidgetIds: [2], views:android.widget.RemoteViews@1f4621f
05-14 15:26:59.479  3167  4552 D AppWidgetServiceImpl: updateAppWidgetIds remoteViews = android.widget.RemoteViews@d4d4a3a
05-14 15:26:59.479  3167  4552 D AppWidgetServiceImpl: action size = 41
05-14 15:26:59.479  3167  4552 I AppWidgetServiceImpl: lookupWidgetLocked widgetId=2, uid=10211, packageName=com.oneplus.deskclock, mWidgets.size=2
05-14 15:26:59.479  3167  4552 I AppWidgetServiceImpl: isDifferentPackageFromProvider provider.id=ProviderId{user:0, app:10211, cmp:ComponentInfo{com.oneplus.deskclock/com.coloros.widget.smallweather.OxygenWeatherSingle}}, provider.id.componentName=ComponentInfo{com.oneplus.deskclock/com.coloros.widget.smallweather.OxygenWeatherSingle}, packageName=com.oneplus.deskclock, providerpackgename=com.oneplus.deskclock
05-14 15:26:59.480  3167  4552 I AppWidgetServiceImpl: updateViews: 157447915 widget:AppWidgetId{2:Host{HostId{user:0, app:10250, hostId:1024, pkg:com.android.launcher}}:Provider{ProviderId{user:0, app:10211, cmp:ComponentInfo{com.oneplus.deskclock/com.coloros.widget.smallweather.OxygenWeatherSingle}}}}
05-14 15:26:59.480  3167  4341 I AppWidgetServiceImpl: handleNotifyUpdateAppWidget,appWidgetId: 2,packageName:com.oneplus.deskclock
05-14 15:26:59.480  3167  4341 D AppWidgetServiceImpl: Trying to notify widget update for package com.oneplus.deskclock with widget id: 2 callbacks:com.android.internal.appwidget.IAppWidgetHost$Stub$Proxy@e0398e7
05-14 15:26:59.481  4794  4794 D AppWidgetHostView: inflateAsync(rvToApply), appWidgetId: 2
05-14 15:26:59.824  3167  4407 D NotificationService--OplusNotificationFixHelper: fixAppIcon: pkg=android
05-14 15:26:59.824  3167  4407 D NotificationService--OplusNotificationFixHelper: fixAppIcon: appIcon = null, pkg = android
05-14 15:26:59.825  3167  4407 I OplusStatusBarManagerServiceEnhance:  getTopIsFullscreen mTopIsFullscreen: false
05-14 15:26:59.827  3167  3167 D NotificationService--OplusNotificationManagerServiceExtImpl: isForwardToAssistants: false, case : Is in mMcsNotInterceptPkgList or is isSystemApp
05-14 15:26:59.827  3167  3167 D NotificationService: This application enqueue notifications is not need postDelayed
05-14 15:26:59.907  3167  5082 D QuickBackInputPolicy: setInterceptInputKeyStatus, enable=false, enableFlag=1, inputCallback=android.window.IRemoteTransitionInputCallback$Stub$Proxy@bad15f2
05-14 15:26:59.907  3167  3287 D OplusWindowAnimationManager: setInputConsumerEnabled from launcher enabled=false last=true
05-14 15:26:59.907  4567  4642 V ShellRecents: [138685370] RecentsController.finishInner: toHome=true userLeave=true willFinishToHome=true state=0 hasPausingTasks=true reason=requested
05-14 15:26:59.908  4567  4642 V ShellRecents:   normal finish
05-14 15:26:59.908  3167  5082 D VRR [OPlusRefreshRateService]:  HandleSetAppFrameRate [ 0 , com.instagram.android , false , version-1 ]
05-14 15:26:59.908  4567  4642 V ShellRecents: [138685370] RecentsController.finishInner: Completing finish
05-14 15:26:59.908  4567  4642 V WindowManagerShell: Transition animation finished (aborted=false), notifying core (#8976) android.os.BinderProxy@2f5247@0
05-14 15:26:59.908  4567  4642 D SplitScreen-->AppLockManager: setStartFromSafeControl mStartFromSafeControl=false
05-14 15:26:59.909  4567  4642 D ShellTaskOrganizer: onLandScapeSceneExit, isRecent is: false
05-14 15:26:59.914  3167  3287 D ActivityTaskManager: setAppVisibility(Token{b66d8b0 ActivityRecord{229130966 u0 com.instagram.android/com.instagram.mainactivity.InstagramMainActivity t13114}}, visible=false):  visible=true mVisibleRequested=true
05-14 15:26:59.914  3167  3287 D ActivityTaskManager: setVisibility defer change visibility for:ActivityRecord{229130966 u0 com.instagram.android/com.instagram.mainactivity.InstagramMainActivity t13114} visible:false
05-14 15:26:59.914  3167  3287 D ActivityTaskManager: setVisibility(Token{b66d8b0 ActivityRecord{229130966 u0 com.instagram.android/com.instagram.mainactivity.InstagramMainActivity t13114}}, visible=false) defer commitVisibility for inFinishingTransition
05-14 15:26:59.914  3167  4552 D Transition: finishTransaction-onCommitted syncId=8976
05-14 15:26:59.915  3167  3287 D Transition: finishTransition ar ActivityRecord{73533606 u0 com.android.launcher/.Launcher t5}, isVisibleRequested=true, state=RESUMED, visibleAtTransitionEndTokens={}, this=TransitionRecord{431aac0 id=8976 track=0 type=TO_FRONT flags=0x80 state=2 c=[
05-14 15:26:59.915  3167  3287 D Transition:    ChangeInfo{bac63f9 container=Task{2d712fb #5 type=home I=com.android.launcher/.Launcher} flags=0x30}
05-14 15:26:59.915  3167  3287 D Transition:    ChangeInfo{a729f3e container=ActivityRecord{73533606 u0 com.android.launcher/.Launcher t5} flags=0x0}
05-14 15:26:59.915  3167  3287 D Transition:    ChangeInfo{746e19f container=DefaultTaskDisplayArea@141608693 flags=0x0}
05-14 15:26:59.915  3167  3287 D Transition:    ChangeInfo{f361257 container=Task{a9c6a34 #1 type=home} flags=0x30}
05-14 15:26:59.915  3167  3287 D Transition:    ChangeInfo{11ff22d container=WallpaperWindowToken{b99d6d3 showWhenLocked=false} flags=0x0}
05-14 15:26:59.915  3167  3287 D Transition:    ChangeInfo{9e68144 container=Task{ca4b651 #13114 type=standard A=10262:com.instagram.android} flags=0x4}
05-14 15:26:59.915  3167  3287 D Transition:    ChangeInfo{1e6b2ec container=Display{#0 state=ON size=1080x2378 ROTATION_0} flags=0x0}
05-14 15:26:59.915  3167  3287 D Transition: ]
05-14 15:26:59.915  3167  3287 D Transition: }
05-14 15:26:59.915  3167  3287 D Transition: finishTransition ar ActivityRecord{229130966 u0 com.instagram.android/com.instagram.mainactivity.InstagramMainActivity t13114}, isVisibleRequested=false, state=RESUMED, visibleAtTransitionEndTokens={}, this=TransitionRecord{431aac0 id=8976 track=0 type=TO_FRONT flags=0x80 state=2 c=[
05-14 15:26:59.915  3167  3287 D Transition:    ChangeInfo{bac63f9 container=Task{2d712fb #5 type=home I=com.android.launcher/.Launcher} flags=0x30}
05-14 15:26:59.915  3167  3287 D Transition:    ChangeInfo{a729f3e container=ActivityRecord{73533606 u0 com.android.launcher/.Launcher t5} flags=0x0}
05-14 15:26:59.915  3167  3287 D Transition:    ChangeInfo{746e19f container=DefaultTaskDisplayArea@141608693 flags=0x0}
05-14 15:26:59.915  3167  3287 D Transition:    ChangeInfo{f361257 container=Task{a9c6a34 #1 type=home} flags=0x30}
05-14 15:26:59.915  3167  3287 D Transition:    ChangeInfo{11ff22d container=WallpaperWindowToken{b99d6d3 showWhenLocked=false} flags=0x0}
05-14 15:26:59.915  3167  3287 D Transition:    ChangeInfo{9e68144 container=Task{ca4b651 #13114 type=standard A=10262:com.instagram.android} flags=0x4}
05-14 15:26:59.915  3167  3287 D Transition:    ChangeInfo{1e6b2ec container=Display{#0 state=ON size=1080x2378 ROTATION_0} flags=0x0}
05-14 15:26:59.915  3167  3287 D Transition: ]
05-14 15:26:59.915  3167  3287 D Transition: }
05-14 15:26:59.917  3167  3287 D OplusDexSceneManager:  High temp 397 with highTemperatureThreshold 380 pkg:com.instagram.android reason: extra-second-dex
05-14 15:26:59.919  3167  3287 D ActivityTaskManager: commitVisibility: ActivityRecord{229130966 u0 com.instagram.android/com.instagram.mainactivity.InstagramMainActivity t13114}: visible=false visibleRequested=false, isInTransition=false 
05-14 15:26:59.919  3167  3287 D WindowManager: NFW_setClientVisible:ActivityRecord{229130966 u0 com.instagram.android/com.instagram.mainactivity.InstagramMainActivity t13114} clientVisible:false
05-14 15:26:59.920  3167  3287 I WindowManager: Window{14369e7 u0 KHCD.CGF} state from HAS_DRAWN to DRAW_PENDING; reason: resetDrawState
05-14 15:26:59.920  3167  3287 I WindowManager: Window{63a22a u0 com.instagram.android/com.instagram.mainactivity.InstagramMainActivity} state from HAS_DRAWN to DRAW_PENDING; reason: resetDrawState
05-14 15:26:59.920  3167  3287 I OplusAppSwitchManagerService:  handleAppVisible , r = ActivityRecord{73533606 u0 com.android.launcher/.Launcher t5}
05-14 15:26:59.922  3167  3287 D OplusTransitionController: finishTransition, transition: TransitionRecord{431aac0 id=8976 track=0 type=TO_FRONT flags=0x80 state=4 c=[
05-14 15:26:59.922  3167  3287 D OplusTransitionController:    ChangeInfo{bac63f9 container=Task{2d712fb #5 type=home I=com.android.launcher/.Launcher} flags=0x30}
05-14 15:26:59.922  3167  3287 D OplusTransitionController:    ChangeInfo{a729f3e container=ActivityRecord{73533606 u0 com.android.launcher/.Launcher t5} flags=0x0}
05-14 15:26:59.922  3167  3287 D OplusTransitionController:    ChangeInfo{746e19f container=DefaultTaskDisplayArea@141608693 flags=0x0}
05-14 15:26:59.922  3167  3287 D OplusTransitionController:    ChangeInfo{f361257 container=Task{a9c6a34 #1 type=home} flags=0x30}
05-14 15:26:59.922  3167  3287 D OplusTransitionController:    ChangeInfo{11ff22d container=WallpaperWindowToken{b99d6d3 showWhenLocked=false} flags=0x0}
05-14 15:26:59.922  3167  3287 D OplusTransitionController:    ChangeInfo{9e68144 container=Task{ca4b651 #13114 type=standard A=10262:com.instagram.android} flags=0x4}
05-14 15:26:59.922  3167  3287 D OplusTransitionController:    ChangeInfo{1e6b2ec container=Display{#0 state=ON size=1080x2378 ROTATION_0} flags=0x0}
05-14 15:26:59.922  3167  3287 D OplusTransitionController: ]
05-14 15:26:59.922  3167  3287 D OplusTransitionController: }
05-14 15:26:59.922  3167  3287 I OplusRecentsAnimationController: finishTransition transition.mType=3,task=Task{527479a #13065 type=standard A=10136:android.task.contacts}
05-14 15:26:59.923  3167  3287 I TaskFragmentExtImpl: reset pause in recents anim for mTaskFragment: Task{527479a #13065 type=standard A=10136:android.task.contacts}
05-14 15:26:59.923  3167  3287 D FlexibleTaskTransitionController:  finishTransition pendingRecentToFlexibleTask:null,isRotationTransition:false ,pendingRecentToFlexible:null ,transition:TransitionRecord{431aac0 id=8976 track=0 type=TO_FRONT flags=0x80 state=4 c=[
05-14 15:26:59.923  3167  3287 D FlexibleTaskTransitionController:    ChangeInfo{bac63f9 container=Task{2d712fb #5 type=home I=com.android.launcher/.Launcher} flags=0x30}
05-14 15:26:59.923  3167  3287 D FlexibleTaskTransitionController:    ChangeInfo{a729f3e container=ActivityRecord{73533606 u0 com.android.launcher/.Launcher t5} flags=0x0}
05-14 15:26:59.923  3167  3287 D FlexibleTaskTransitionController:    ChangeInfo{746e19f container=DefaultTaskDisplayArea@141608693 flags=0x0}
05-14 15:26:59.923  3167  3287 D FlexibleTaskTransitionController:    ChangeInfo{f361257 container=Task{a9c6a34 #1 type=home} flags=0x30}
05-14 15:26:59.923  3167  3287 D FlexibleTaskTransitionController:    ChangeInfo{11ff22d container=WallpaperWindowToken{b99d6d3 showWhenLocked=false} flags=0x0}
05-14 15:26:59.923  3167  3287 D FlexibleTaskTransitionController:    ChangeInfo{9e68144 container=Task{ca4b651 #13114 type=standard A=10262:com.instagram.android} flags=0x4}
05-14 15:26:59.923  3167  3287 D FlexibleTaskTransitionController:    ChangeInfo{1e6b2ec container=Display{#0 state=ON size=1080x2378 ROTATION_0} flags=0x0}
05-14 15:26:59.923  3167  3287 D FlexibleTaskTransitionController: ]
05-14 15:26:59.923  3167  3287 D FlexibleTaskTransitionController: }
05-14 15:26:59.923  3167  3287 D OplusShortcutContinuesTransitionPolicy: finishTransition transition=TransitionRecord{431aac0 id=8976 track=0 type=TO_FRONT flags=0x80 state=4 c=[
05-14 15:26:59.923  3167  3287 D OplusShortcutContinuesTransitionPolicy:    ChangeInfo{bac63f9 container=Task{2d712fb #5 type=home I=com.android.launcher/.Launcher} flags=0x30}
05-14 15:26:59.923  3167  3287 D OplusShortcutContinuesTransitionPolicy:    ChangeInfo{a729f3e container=ActivityRecord{73533606 u0 com.android.launcher/.Launcher t5} flags=0x0}
05-14 15:26:59.923  3167  3287 D OplusShortcutContinuesTransitionPolicy:    ChangeInfo{746e19f container=DefaultTaskDisplayArea@141608693 flags=0x0}
05-14 15:26:59.923  3167  3287 D OplusShortcutContinuesTransitionPolicy:    ChangeInfo{f361257 container=Task{a9c6a34 #1 type=home} flags=0x30}
05-14 15:26:59.923  3167  3287 D OplusShortcutContinuesTransitionPolicy:    ChangeInfo{11ff22d container=WallpaperWindowToken{b99d6d3 showWhenLocked=false} flags=0x0}
05-14 15:26:59.923  3167  3287 D OplusShortcutContinuesTransitionPolicy:    ChangeInfo{9e68144 container=Task{ca4b651 #13114 type=standard A=10262:com.instagram.android} flags=0x4}
05-14 15:26:59.923  3167  3287 D OplusShortcutContinuesTransitionPolicy:    ChangeInfo{1e6b2ec container=Display{#0 state=ON size=1080x2378 ROTATION_0} flags=0x0}
05-14 15:26:59.923  3167  3287 D OplusShortcutContinuesTransitionPolicy: ]
05-14 15:26:59.923  3167  3287 D OplusShortcutContinuesTransitionPolicy: }
05-14 15:26:59.924  3167  3287 D ActivityTaskManager: setVisibility after transition for:ActivityRecord{229130966 u0 com.instagram.android/com.instagram.mainactivity.InstagramMainActivity t13114}
05-14 15:26:59.925  3167  3287 D TransitionControllerExtImpl: NFW_send RECOMPUTE_FOCUS in finishTransition
05-14 15:26:59.925  3167  3444 D CoreBackPreview:  return markWindowHasDrawn mComposed: false  mWaitTransition: false
05-14 15:26:59.925  3167  3444 D ActivityTaskManager: Clearing startingData for activity=ActivityRecord{73533606 u0 com.android.launcher/.Launcher t5} mStartingData=null mStartingSurface=null
05-14 15:26:59.925  4567  4642 D ShellTaskOrganizer: onTransitionFinish, isRecent:true
05-14 15:26:59.925  4567  4642 V WindowManagerShell: Track 0 became idle
05-14 15:26:59.925  4567  4642 V WindowManagerShell: All active transition animations finished
05-14 15:26:59.925  4567  4642 V ShellRecents: [138685370] RecentsController.cleanup
05-14 15:26:59.925  3167  3287 E AppOps  : attributionTag  not declared in manifest of com.instagram.android
05-14 15:26:59.925  4567  4642 V ShellRecents: RecentsController.setInputConsumerEnabled: skip, cb?=false enabled?=false
05-14 15:26:59.926  3167  6895 E AppOps  : attributionTag  not declared in manifest of com.instagram.android
05-14 15:26:59.926  3167  4858 D OplusAONSmartDim: onWakeLockReleaseLocked: lock=51551592, flags=0xa, packageName=com.instagram.android, tag="GrootPlayer:WakeLock", ws=null, uid=10262, pid=836
05-14 15:26:59.935  3167  3444 I TaskOrganizerController: onTaskInfoChanged taskid 13114 config { mBounds=Rect(0, 0 - 1080, 2378) mAppBounds=Rect(0, 0 - 1080, 2378) mMaxBounds=Rect(0, 0 - 1080, 2378) mDisplayRotation=ROTATION_0 mWindowingMode=fullscreen mActivityType=standard mAlwaysOnTop=undefined mRotation=ROTATION_0}
05-14 15:26:59.937  3167  3444 D OplusFlexibleDragToSplitAnimController: visibleFlexibleTaskInfos delete:13114
05-14 15:26:59.937  3167  3444 E FlexibleWindowManagerService: notifyTaskObserverToAttachController not need to notify!
05-14 15:26:59.937  3167  3444 I FlexibleWindowManagerService: onFlexibleWindowTaskInfoChanged, return for cur task not embedded
05-14 15:26:59.941  3167  3444 D OplusAONSmartDim: onWakeLockReleaseLocked: lock=173971501, flags=0x2000000a, packageName=android, tag="WindowManager/displayId:0", ws=WorkSource{10262 com.instagram.android}, uid=1000, pid=3167
05-14 15:26:59.941  3167  3444 D PowerManagerService: userActivityNoUpdateLocked: groupId=0, eventTime=330749263, event=other, flags=0x1, uid=1000
05-14 15:26:59.943  3167  3498 D VRR [OPlusRefreshRateService]:  setDirectorStates [flag: 1, state: 0, directorStateOff: 0]
05-14 15:26:59.944  3167  3443 D QuickBackInputPolicy: hasMultiChildrenInTask: false
05-14 15:26:59.944  3167  3443 D WindowManager: NFW_findFocusedWindowIfNeeded:Window{af62e61 u0 com.android.launcher/com.android.launcher.Launcher} mCurrentFocus:Window{af62e61 u0 com.android.launcher/com.android.launcher.Launcher}
05-14 15:26:59.945  3167  4364 D BackgroundInstallControlService: Package event received: 0
05-14 15:26:59.947  3167  3444 D CoreBackPreview:  return markWindowHasDrawn mComposed: false  mWaitTransition: false
05-14 15:26:59.947  3167  3444 D ActivityTaskManager: Clearing startingData for activity=ActivityRecord{73533606 u0 com.android.launcher/.Launcher t5} mStartingData=null mStartingSurface=null
05-14 15:26:59.950   836   836 D VRI[InstagramMainActivity]: relayoutWindow result, sizeChanged:false, surfaceControlChanged:false, transformHintChanged:false, mSurfaceSize:Point(1080, 2378), mLastSurfaceSize:Point(1080, 2378), mWidth:1080, mHeight:2378, requestedWidth:1080, requestedHeight:2378, transformHint:0, installOrientation:0, displayRotation:0, isSurfaceValid:true, attr.flag:-2122252032, tmpFrames:ClientWindowFrames{frame=[0,0][1080,2378] display=[0,0][1080,2378] parentFrame=[0,0][1080,2378]}, relayoutAsync:true, mSyncSeqId:0
05-14 15:26:59.950   836   836 W VRI[InstagramMainActivity]: updateBlastSurfaceIfNeeded, surfaceSize:Point(1080, 2378), lastSurfaceSize:Point(1080, 2378), format:-3, blastBufferQueue:android.graphics.BLASTBufferQueue@1158952
05-14 15:26:59.955  3167  5703 V WindowManager: Relayout Window{63a22a u0 com.instagram.android/com.instagram.mainactivity.InstagramMainActivity}: viewVisibility=0, oldvis=0, req=1080x2378 , apr = 0, vsysui=LAYOUT_STABLE LAYOUT_HIDE_NAVIGATION LAYOUT_FULLSCREEN, x=0, y=0
05-14 15:26:59.957  3167  4858 D OplusStartingWindowManager: updateRecordSurfaceViewState windowToken = android.os.BinderProxy@5fd2f15, surfaceState = false, attachedToWindow = true, inList = false, win = Window{63a22a u0 com.instagram.android/com.instagram.mainactivity.InstagramMainActivity}
05-14 15:26:59.957  3167  3443 V WindowManager: Unknown focus tokens, dropping reportFocusChanged
05-14 15:26:59.958  3167  3457 I UserAwareMgr: handleAppChangedToBg, pkgName: com.instagram.android, pid: 836
05-14 15:26:59.960  3167  3444 D CoreBackPreview:  return markWindowHasDrawn mComposed: false  mWaitTransition: false
05-14 15:26:59.960  3167  3444 D ActivityTaskManager: Clearing startingData for activity=ActivityRecord{73533606 u0 com.android.launcher/.Launcher t5} mStartingData=null mStartingSurface=null
05-14 15:26:59.965  3167  4245 D InputMethodManagerService: isSecurity: attribute.packageName = com.android.launcher mCurMethodId = com.google.android.inputmethod.latin/com.android.inputmethod.latin.LatinIME isSecurity = false ( enable = true needShow = false inBlackList = false isExist = true )
05-14 15:26:59.965  3167  3444 D CoreBackPreview:  return markWindowHasDrawn mComposed: false  mWaitTransition: false
05-14 15:26:59.965  3167  3444 D ActivityTaskManager: Clearing startingData for activity=ActivityRecord{73533606 u0 com.android.launcher/.Launcher t5} mStartingData=null mStartingSurface=null
05-14 15:26:59.973  3167  6895 W PackageConfigPersister: App-specific configuration not found for packageName: com.android.launcher and userId: 0
05-14 15:26:59.975  3167  3444 D CoreBackPreview:  return markWindowHasDrawn mComposed: false  mWaitTransition: false
05-14 15:26:59.976  3167  3444 D ActivityTaskManager: Clearing startingData for activity=ActivityRecord{73533606 u0 com.android.launcher/.Launcher t5} mStartingData=null mStartingSurface=null
05-14 15:26:59.980  3167  3444 D CoreBackPreview:  return markWindowHasDrawn mComposed: false  mWaitTransition: false
05-14 15:26:59.980  3167  3444 D ActivityTaskManager: Clearing startingData for activity=ActivityRecord{73533606 u0 com.android.launcher/.Launcher t5} mStartingData=null mStartingSurface=null
05-14 15:26:59.988  3167  6895 W PresentationStatsEventLogger: Shouldn't be logging AutofillPresentationEventReported again for same event
05-14 15:27:00.001  3167  4205 V AlarmManager: sending alarm Alarm{7fd7b77 type 3 origWhen 746045943 whenElapsed 746045943 android} uid 1000 whenElapsed 746045943 windowLength 0 maxWhenElapsed 746045943 repeatInterval 0 action null component null tag TIME_TICK flags 0x9 procName system_server
05-14 15:27:00.009  3167  3496 D OplusDisplayBrightnessBroadcastReceiver: onReceive action = android.intent.action.TIME_TICK , listeners = [com.android.server.display.feature.ambience.events.event.TimeEvent$TimeChangeReceiver@dd51ec9, com.android.server.display.color.eyeprotect.manager.AiCurveManager$RhythmBroadcastReceiverWithUpgradeUI@b9589ce]
05-14 15:27:00.017  3167  4858 I AS.FadeOutManager: unfadeOutUid() uid:10201
05-14 15:27:00.018 12116 12116 I AudioManager: dispatching onAudioFocusChange(1) to android.media.AudioManager@f853b05andl@cc03c5e
05-14 15:27:00.023  3167  4552 I TaskOrganizerController: onTaskInfoChanged taskid 13125 config { mBounds=Rect(442, 1950 - 1032, 2282) mAppBounds=Rect(442, 1950 - 1032, 2282) mMaxBounds=Rect(0, 0 - 1080, 2378) mDisplayRotation=ROTATION_0 mWindowingMode=pinned mActivityType=standard mAlwaysOnTop=undefined mRotation=ROTATION_0}
05-14 15:27:00.023  3167  4552 D OplusFlexibleDragToSplitAnimController: visibleFlexibleTaskInfos delete:13125
05-14 15:27:00.023  3167  4552 E FlexibleWindowManagerService: notifyTaskObserverToAttachController not need to notify!
05-14 15:27:00.023  3167  4552 I FlexibleWindowManagerService: onFlexibleWindowTaskInfoChanged, return for cur task not embedded
05-14 15:27:00.024  3167  4552 I TaskOrganizerController: onTaskInfoChanged taskid 13125 config { mBounds=Rect(442, 1950 - 1032, 2282) mAppBounds=Rect(442, 1950 - 1032, 2282) mMaxBounds=Rect(0, 0 - 1080, 2378) mDisplayRotation=ROTATION_0 mWindowingMode=pinned mActivityType=standard mAlwaysOnTop=undefined mRotation=ROTATION_0}
05-14 15:27:00.025  3167  4552 D OplusFlexibleDragToSplitAnimController: visibleFlexibleTaskInfos delete:13125
05-14 15:27:00.025  3167  4552 E FlexibleWindowManagerService: notifyTaskObserverToAttachController not need to notify!
05-14 15:27:00.025  3167  4552 I FlexibleWindowManagerService: onFlexibleWindowTaskInfoChanged, return for cur task not embedded
05-14 15:27:00.025  4567  4642 D WindowManagerShell: onTaskInfoChanged: ComponentInfo{com.google.android.youtube/com.google.android.apps.youtube.app.watchwhile.MainActivity}, state=PipTransitionState(mState=entered-pip, mInSwipePipToHomeTransition=false) oldParams=PictureInPictureParams( aspectRatio=16/9 expandedAspectRatio=null sourceRectHint=Rect(4862, 21450 - 5452, 21782) hasSetActions=true hasSetCloseAction=false isAutoPipEnabled=false isSeamlessResizeEnabled=true title=null subtitle=null isLaunchIntoPip=false) newParams=PictureInPictureParams( aspectRatio=16/9 expandedAspectRatio=null sourceRectHint=Rect(5304, 23400 - 5894, 23732) hasSetActions=true hasSetCloseAction=false isAutoPipEnabled=true isSeamlessResizeEnabled=true title=null subtitle=null isLaunchIntoPip=false)
05-14 15:27:00.025  4567  4642 D WindowManagerShell: PipTaskOrganizer: PIP remote actions=[Go to background|Play/Pause|Next]
05-14 15:27:00.026  4567  4642 D WindowManagerShell: onTaskInfoChanged: ComponentInfo{com.google.android.youtube/com.google.android.apps.youtube.app.watchwhile.MainActivity}, state=PipTransitionState(mState=entered-pip, mInSwipePipToHomeTransition=false) oldParams=PictureInPictureParams( aspectRatio=16/9 expandedAspectRatio=null sourceRectHint=Rect(5304, 23400 - 5894, 23732) hasSetActions=true hasSetCloseAction=false isAutoPipEnabled=true isSeamlessResizeEnabled=true title=null subtitle=null isLaunchIntoPip=false) newParams=PictureInPictureParams( aspectRatio=16/9 expandedAspectRatio=null sourceRectHint=Rect(5746, 25350 - 6336, 25682) hasSetActions=true hasSetCloseAction=false isAutoPipEnabled=true isSeamlessResizeEnabled=true title=null subtitle=null isLaunchIntoPip=false)
05-14 15:27:00.026  4567  4642 D WindowManagerShell: PipTaskOrganizer: PIP remote actions=[Go to background|Play/Pause|Next]
05-14 15:27:00.027  3167  3457 W QosScheduler: getScenario failed! scenarios is null, mask=32
05-14 15:27:00.027  3167  3457 W QosScheduler: executeSceneQosStrategy get scenario failed! scenario is null
05-14 15:27:00.027  3167  3457 W QosScheduler: getScenario failed! scenarios is null, mask=64
05-14 15:27:00.027  3167  3457 W QosScheduler: executeSceneQosStrategy get scenario failed! scenario is null
05-14 15:27:00.027  3167  4552 D ActivityTaskManager: Skipping, invisible task: Task{2d712fb #5 type=home I=com.android.launcher/.Launcher}
05-14 15:27:00.028  3167  3287 I MediaSessionStack: onPlaybackStateChanged - Pushing session to top | record: com.google.android.youtube/YouTube playerlib/122 (userId=0)
05-14 15:27:00.028  3167  4552 D ActivityTaskManager: Skipping, invisible task: Task{bd6acdd #13125 type=standard A=10201:com.google.android.youtube}
05-14 15:27:00.028  3167  4552 D OplusSplitScreenManagerService: net.one97.paytm unSupportsSplitScreen by blockList or ForbidActivityList
05-14 15:27:00.028  3167  4552 D OplusSplitScreenManagerService: com.android.settings unSupportsSplitScreen by blockList or ForbidActivityList
05-14 15:27:00.028  3167  4552 D OplusSplitScreenManagerService: com.android.settings unSupportsSplitScreen by blockList or ForbidActivityList
05-14 15:27:00.028  3167  4552 D ActivityTaskManager: after skip size:11,pre-Filtered:com.instagram.android # com.profujjwal007.FRename # com.whatsapp # com.oplus.stdsp # net.one97.paytm # com.oneplus.filemanager # com.android.settings # com.oneplus.deskclock # com.netflix.mediaclient # com.amazon.avod.thirdpartyclient # com.oppo.quicksearchbox # 
05-14 15:27:00.029  3167  3287 E AppOps  : attributionTag  not declared in manifest of com.google.android.youtube
05-14 15:27:00.029  3167  4983 E AppOps  : attributionTag  not declared in manifest of com.google.android.youtube
05-14 15:27:00.036  3167  3462 D NotificationService--OplusNotificationFixHelper: fixAppIcon: pkg=com.google.android.youtube
05-14 15:27:00.036  3167  3462 D NotificationService--OplusNotificationFixHelper: fixAppIcon: appIcon = null, pkg = com.google.android.youtube
05-14 15:27:00.039 12116 12116 D VRI[Shell$HomeActivity]: relayoutWindow result, sizeChanged:false, surfaceControlChanged:false, transformHintChanged:false, mSurfaceSize:Point(590, 332), mLastSurfaceSize:Point(590, 332), mWidth:590, mHeight:332, requestedWidth:590, requestedHeight:332, transformHint:0, installOrientation:0, displayRotation:0, isSurfaceValid:true, attr.flag:-2122251904, tmpFrames:ClientWindowFrames{frame=[442,1950][1032,2282] display=[442,1950][1032,2282] parentFrame=[442,1950][1032,2282]}, relayoutAsync:true, mSyncSeqId:4
05-14 15:27:00.039 12116 12116 W VRI[Shell$HomeActivity]: updateBlastSurfaceIfNeeded, surfaceSize:Point(590, 332), lastSurfaceSize:Point(590, 332), format:-3, blastBufferQueue:android.graphics.BLASTBufferQueue@1fcbaf8
05-14 15:27:00.039  3167  5082 V WindowManager: Relayout Window{986dd79 u0 com.google.android.youtube/com.google.android.youtube.app.honeycomb.Shell$HomeActivity}: viewVisibility=0, oldvis=0, req=590x332 , apr = 0, vsysui=LAYOUT_STABLE LAYOUT_HIDE_NAVIGATION LAYOUT_FULLSCREEN IMMERSIVE_STICKY, x=0, y=0
05-14 15:27:00.040  3167  5082 D OplusAONSmartDim: onWakeLockAcquireLocked: lock=173971501, flags=0x2000000a, packageName=android, tag="WindowManager/displayId:0", ws=WorkSource{10201 com.google.android.youtube}, uid=1000, pid=3167
05-14 15:27:00.041  3167  3462 I OplusStatusBarManagerServiceEnhance:  getTopIsFullscreen mTopIsFullscreen: false
05-14 15:27:00.043  3167  3167 D NotificationService--OplusNotificationManagerServiceExtImpl: isForwardToAssistants: true, case : Is local notification
05-14 15:27:00.043  3167  3167 D NotificationService: This application enqueue notifications is need postDelayed mcsAssistantDelayTime: 200
05-14 15:27:00.045  3167  3444 D CoreBackPreview:  return markWindowHasDrawn mComposed: false  mWaitTransition: false
05-14 15:27:00.045  3167  3444 D ActivityTaskManager: Clearing startingData for activity=ActivityRecord{73533606 u0 com.android.launcher/.Launcher t5} mStartingData=null mStartingSurface=null
05-14 15:27:00.121  3167  4983 V WindowManager: Relayout Window{14369e7 u0 KHCD.CGF}: viewVisibility=8, oldvis=0, req=1x2210 , apr = 0, vsysui=
05-14 15:27:00.123  3167  4983 D QuickBackInputPolicy: hasMultiChildrenInTask: false
05-14 15:27:00.123  3167  4983 D WindowManager: NFW_findFocusedWindowIfNeeded:Window{af62e61 u0 com.android.launcher/com.android.launcher.Launcher} mCurrentFocus:Window{af62e61 u0 com.android.launcher/com.android.launcher.Launcher}
05-14 15:27:00.128  3167  3444 D CoreBackPreview:  return markWindowHasDrawn mComposed: false  mWaitTransition: false
05-14 15:27:00.128  3167  3444 D ActivityTaskManager: Clearing startingData for activity=ActivityRecord{73533606 u0 com.android.launcher/.Launcher t5} mStartingData=null mStartingSurface=null
05-14 15:27:00.151  3167  5226 V WindowManager: Relayout Window{63a22a u0 com.instagram.android/com.instagram.mainactivity.InstagramMainActivity}: viewVisibility=8, oldvis=0, req=1080x2378 , apr = 0, vsysui=LAYOUT_STABLE LAYOUT_HIDE_NAVIGATION LAYOUT_FULLSCREEN, x=0, y=0
05-14 15:27:00.154  3167  5226 D QuickBackInputPolicy: hasMultiChildrenInTask: false
05-14 15:27:00.155  3167  5226 D WindowManager: NFW_findFocusedWindowIfNeeded:Window{af62e61 u0 com.android.launcher/com.android.launcher.Launcher} mCurrentFocus:Window{af62e61 u0 com.android.launcher/com.android.launcher.Launcher}
05-14 15:27:00.159   836   836 D VRI[InstagramMainActivity]: relayoutWindow result, sizeChanged:false, surfaceControlChanged:true, transformHintChanged:false, mSurfaceSize:Point(1080, 2378), mLastSurfaceSize:Point(1080, 2378), mWidth:1080, mHeight:2378, requestedWidth:1080, requestedHeight:2378, transformHint:0, installOrientation:0, displayRotation:0, isSurfaceValid:false, attr.flag:-2122252032, tmpFrames:ClientWindowFrames{frame=[0,0][1080,2378] display=[0,0][1080,2378] parentFrame=[0,0][0,0]}, relayoutAsync:false, mSyncSeqId:0
05-14 15:27:00.161  3167  3444 D CoreBackPreview:  return markWindowHasDrawn mComposed: false  mWaitTransition: false
05-14 15:27:00.161  3167  3444 D ActivityTaskManager: Clearing startingData for activity=ActivityRecord{73533606 u0 com.android.launcher/.Launcher t5} mStartingData=null mStartingSurface=null
05-14 15:27:00.173  3167  3457 W SmartWindowScene: updateWindowState fail! invalid window type: -1
05-14 15:27:00.173  3167  4983 I WindowManager: Window{14369e7 u0 KHCD.CGF} state from DRAW_PENDING to NO_SURFACE; reason: destroySurface
05-14 15:27:00.174  3167  4983 I WindowManager: Window{63a22a u0 com.instagram.android/com.instagram.mainactivity.InstagramMainActivity} state from DRAW_PENDING to NO_SURFACE; reason: destroySurface
05-14 15:27:00.176  3167  4983 D OplusStartingWindowManager: skip remove starting window for activity = ActivityRecord{229130966 u0 com.instagram.android/com.instagram.mainactivity.InstagramMainActivity t13114} ,ar != topActivityContainsStartingWindow on activityStopped
05-14 15:27:00.176  3167  4364 D BackgroundInstallControlService: Package event received: 0
05-14 15:27:00.178  3167  3444 D CoreBackPreview:  return markWindowHasDrawn mComposed: false  mWaitTransition: false
05-14 15:27:00.178  3167  3444 D ActivityTaskManager: Clearing startingData for activity=ActivityRecord{73533606 u0 com.android.launcher/.Launcher t5} mStartingData=null mStartingSurface=null
05-14 15:27:00.211  3167  3445 D OplusWallpaperSurfaceAnimation: resetEnable curState: STARTED
05-14 15:27:00.211  3167  3445 D OplusWallpaperAnimationManager: onAnimationEnd
05-14 15:27:00.211  3167  3445 D OplusWallpaperAnimationManager: setSkipUpdateWallpaperPosition skip: false, wallpaper: Window{d24bd0b u0 com.android.systemui.wallpapers.ImageWallpaper}
05-14 15:27:00.211  3167  3445 D OplusWallpaperSurfaceAnimation: setAnimationState curState: IDLE
05-14 15:27:00.211  3167  3457 W UserAwareMgr: event can not be released, id: 5006, count: 2, releasePid: 3167
05-14 15:27:00.246  3167  4056 D osense.compress: com.google.android.gms do shrink, target ratio = 53, final ratio = 70, cur ratio = 36
05-14 15:27:00.420  3167  3457 W QosScheduler: getScenario failed! scenarios is null, mask=32
05-14 15:27:00.420  3167  3457 W QosScheduler: executeSceneQosStrategy get scenario failed! scenario is null
05-14 15:27:00.420  3167  3457 W QosScheduler: getScenario failed! scenarios is null, mask=64
05-14 15:27:00.420  3167  3457 W QosScheduler: executeSceneQosStrategy get scenario failed! scenario is null
05-14 15:27:00.509  3167  3457 W QosScheduler: getScenario failed! scenarios is null, mask=4
05-14 15:27:00.509  3167  3457 W QosScheduler: executeSceneQosStrategy get scenario failed! scenario is null
05-14 15:27:00.987  3167  4205 V AlarmManager: sending alarm Alarm{51e1c27 type 1 origWhen 1778752620987 whenElapsed 746046930 android} uid 1000 whenElapsed 746046930 windowLength 0 maxWhenElapsed 746046930 repeatInterval 0 action null component null tag StorgaeBandInfoAlarmTag flags 0x9 procName system_server
05-14 15:27:01.133  3167  3492 D OplusFeatureReduceBrightness: setAnimating : animating = false
05-14 15:27:01.133  3167  3492 D OplusBrightnessAmbientAdapter: setAnimating: from true to false
05-14 15:27:01.134  3167  3492 D RampAnimatorExtImpl[display=0][Primary]: onAnimationEnd id[0]=[true],changed=[1427->1427->1461],duration:1977,phaseCounts=[0, 0, 0]
05-14 15:27:01.135  3167  3492 D OplusBiometricsDisplayHelper: isFold: false, isUnblockByFp: null
05-14 15:27:01.149  3167  3287 W SettingsStatsUtil: Can not parse value to float: +network
05-14 15:27:01.572  3167  3493 D PowerManagerService: userActivityNoUpdateLocked: groupId=0, eventTime=330750889, event=touch, flags=0x0, uid=1000
05-14 15:27:01.573  3167  3493 D PowerManagerService: userActivityNoUpdateLocked: groupId=0, eventTime=330750889, event=touch, flags=0x0, uid=1000
05-14 15:27:01.825  3167  4205 V AlarmManager: sending alarm Alarm{83c9715 type 3 origWhen 746044762 whenElapsed 746047768 com.google.android.gms} uid 10132 whenElapsed 746047768 windowLength 0 maxWhenElapsed 746047768 repeatInterval 0 action com.google.android.gms.gcm.ACTION_CHECK_QUEUE component ComponentInfo{com.google.android.gms/com.google.android.gms.gcm.nts.SchedulerInternalReceiver} flags 0x0 procName com.google.android.gms.persistent
05-14 15:27:02.851  3167  4291 V NetworkPolicy: updateNetworkEnabledNL() return
05-14 15:27:02.851  3167  4291 V NetworkPolicy: updateNotificationsNL not process
05-14 15:27:02.855  3167  4407 D NotificationService--OplusNotificationFixHelper: fixAppIcon: pkg=android
05-14 15:27:02.855  3167  4407 D NotificationService--OplusNotificationFixHelper: fixAppIcon: appIcon = null, pkg = android
05-14 15:27:02.856  3167  4407 I OplusStatusBarManagerServiceEnhance:  getTopIsFullscreen mTopIsFullscreen: false
05-14 15:27:02.856  3167  3167 D NotificationService--OplusNotificationManagerServiceExtImpl: isForwardToAssistants: false, case : Is in mMcsNotInterceptPkgList or is isSystemApp
05-14 15:27:02.856  3167  3167 D NotificationService: This application enqueue notifications is not need postDelayed
05-14 15:27:02.989  3167  4205 V AlarmManager: sending alarm Alarm{13f3daf type 1 origWhen 1778752622989 whenElapsed 746048932 android} uid 1000 whenElapsed 746048932 windowLength 0 maxWhenElapsed 746048932 repeatInterval 0 action null component null tag StorgaeBandInfoAlarmTag flags 0x9 procName system_server
05-14 15:27:03.875  3167  4468 D OAppNetControlService: Hans update:[10361=true][0|0] blackList:[10472, 10355, 10361]
05-14 15:27:04.203  3167  3498 D VRR [OPlusRefreshRateService]: handleConfigIdChange physicalDisplayId: 4630946292893219971 configId: 0 renderPeriod: 16666667
05-14 15:27:04.929  3167  3287 W PackageManager: package com.android.vending uid 10130 pid 18637 call SetEnabledSetting(com.android.vending component = com.google.android.finsky.wearsupport.WearSupportService, 2, 0)
05-14 15:27:04.930  3167  3287 W PackageManager: package com.android.vending uid 10130 pid 18637 call SetEnabledSetting(com.android.vending component = com.google.android.finsky.wearsupport.WearChangeListenerService, 2, 0)
05-14 15:27:04.991  3167  4205 V AlarmManager: sending alarm Alarm{ef54a80 type 1 origWhen 1778752624991 whenElapsed 746050934 android} uid 1000 whenElapsed 746050934 windowLength 0 maxWhenElapsed 746050934 repeatInterval 0 action null component null tag StorgaeBandInfoAlarmTag flags 0x9 procName system_server
05-14 15:27:05.275  3167  4199 D ActivityManager: freezing 18165 com.google.android.apps.walletnfcrel
05-14 15:27:05.280  3167  4199 D ActivityManager: Freeze process 18165, not check file locks
05-14 15:27:05.280  3167  4199 D ActivityManager: reportOneUidFrozenStateChanged uid 10187 frozen = true
05-14 15:27:05.886  3167  4407 D NotificationService--OplusNotificationFixHelper: fixAppIcon: pkg=android
05-14 15:27:05.886  3167  4407 D NotificationService--OplusNotificationFixHelper: fixAppIcon: appIcon = null, pkg = android
05-14 15:27:05.887  3167  4407 I OplusStatusBarManagerServiceEnhance:  getTopIsFullscreen mTopIsFullscreen: false
05-14 15:27:05.892  3167  3167 D NotificationService--OplusNotificationManagerServiceExtImpl: isForwardToAssistants: false, case : Is in mMcsNotInterceptPkgList or is isSystemApp
05-14 15:27:05.892  3167  3167 D NotificationService: This application enqueue notifications is not need postDelayed
05-14 15:27:06.719  3167  3462 W ActivityManager: Stopping service due to app idle: u0a147 -1m5s985ms com.oneplus.account/com.platform.usercenter.main.push.AcPushServiceAfterQ
05-14 15:27:06.992  3167  4205 V AlarmManager: sending alarm Alarm{f5dd0c2 type 1 origWhen 1778752626992 whenElapsed 746052935 android} uid 1000 whenElapsed 746052935 windowLength 0 maxWhenElapsed 746052935 repeatInterval 0 action null component null tag StorgaeBandInfoAlarmTag flags 0x9 procName system_server
05-14 15:27:07.321  3167  3287 D ActivityManager: Async freezing 30446 com.oneplus.deskclock:clockWidget
05-14 15:27:08.012  1437 18237 I keystore2: system/security/keystore2/watchdog/src/lib.rs:377 - Watchdog thread idle -> terminating. Have a great day.
05-14 15:27:08.791  3167  4199 D ActivityManager: freezing 19405 com.google.android.webview:webview_service
05-14 15:27:08.793  3167  4199 D ActivityManager: Freeze process 19405, not check file locks
05-14 15:27:08.793  3167  4199 D ActivityManager: reportOneUidFrozenStateChanged uid 10194 frozen = true
05-14 15:27:08.803  3167  4199 D ActivityManager: freezing 18135 com.google.android.partnersetup
05-14 15:27:08.805  3167  4199 D ActivityManager: Freeze process 18135, not check file locks
05-14 15:27:08.806  3167  4199 D ActivityManager: reportOneUidFrozenStateChanged uid 10120 frozen = true
05-14 15:27:08.867  3167  4056 D osense.compress: net.one97.paytm do shrink, target ratio = 58, final ratio = 90, cur ratio = 27
05-14 15:27:08.910  3167  4291 V NetworkPolicy: updateNetworkEnabledNL() return
05-14 15:27:08.910  3167  4291 V NetworkPolicy: updateNotificationsNL not process
05-14 15:27:08.914  3167  4407 D NotificationService--OplusNotificationFixHelper: fixAppIcon: pkg=android
05-14 15:27:08.914  3167  4407 D NotificationService--OplusNotificationFixHelper: fixAppIcon: appIcon = null, pkg = android
05-14 15:27:08.915  3167  4407 I OplusStatusBarManagerServiceEnhance:  getTopIsFullscreen mTopIsFullscreen: false
05-14 15:27:08.919  3167  3462 W ProcessStats: Tracking association SourceState{5f1dc13 com.oplus.pantanal.ums/10163 BFgs #1428992} whose proc state 4 is better than process ProcessState{ad11b5d com.oplus.wirelesssettings:seed/1000 pkg=com.oplus.wirelesssettings} proc state 14 (48 skipped)
05-14 15:27:08.919  3167  3167 D NotificationService--OplusNotificationManagerServiceExtImpl: isForwardToAssistants: false, case : Is in mMcsNotInterceptPkgList or is isSystemApp
05-14 15:27:08.919  3167  3167 D NotificationService: This application enqueue notifications is not need postDelayed
05-14 15:27:08.995  3167  4205 V AlarmManager: sending alarm Alarm{c5221ed type 1 origWhen 1778752628995 whenElapsed 746054938 android} uid 1000 whenElapsed 746054938 windowLength 0 maxWhenElapsed 746054938 repeatInterval 0 action null component null tag StorgaeBandInfoAlarmTag flags 0x9 procName system_server
05-14 15:27:09.438  3167  4205 V AlarmManager: sending alarm Alarm{eb93070 type 2 origWhen 746045381 whenElapsed 746045381 com.heytap.mcs} uid 1000 whenElapsed 746045381 windowLength 10000 maxWhenElapsed 746055381 repeatInterval 0 action com.heytap.mcs.action component null flags 0x8 procName com.heytap.mcs
05-14 15:27:10.292  3167  3474 D BatteryStatsImplExtImpl: mActiveProcesses size = 53
05-14 15:27:10.292  3167  3474 D BatteryStatsImplExtImpl: rpmhStats is null or interval time is too short.
05-14 15:27:10.528  3167  4205 V AlarmManager: sending alarm Alarm{258e39c type 1 origWhen 1778752630528 whenElapsed 746056471 com.instagram.android} uid 10262 whenElapsed 746056471 windowLength 0 maxWhenElapsed 746056471 repeatInterval 0 action com.instagram.warm_heartbeat component ComponentInfo{com.instagram.android/com.instagram.util.startup.appwarmer.KeepWarmReceiver} flags 0x0 procName com.instagram.android
05-14 15:27:11.000  3167  4205 V AlarmManager: sending alarm Alarm{3f5497a type 1 origWhen 1778752631000 whenElapsed 746056943 android} uid 1000 whenElapsed 746056943 windowLength 0 maxWhenElapsed 746056943 repeatInterval 0 action null component null tag StorgaeBandInfoAlarmTag flags 0x9 procName system_server
05-14 15:27:11.955  3167  4291 V NetworkPolicy: updateNetworkEnabledNL() return
05-14 15:27:11.955  3167  4291 V NetworkPolicy: updateNotificationsNL not process
05-14 15:27:11.960  3167  4407 D NotificationService--OplusNotificationFixHelper: fixAppIcon: pkg=android
05-14 15:27:11.960  3167  4407 D NotificationService--OplusNotificationFixHelper: fixAppIcon: appIcon = null, pkg = android
05-14 15:27:11.960  3167  4407 I OplusStatusBarManagerServiceEnhance:  getTopIsFullscreen mTopIsFullscreen: false
05-14 15:27:11.962  3167  3167 D NotificationService--OplusNotificationManagerServiceExtImpl: isForwardToAssistants: false, case : Is in mMcsNotInterceptPkgList or is isSystemApp
05-14 15:27:11.962  3167  3167 D NotificationService: This application enqueue notifications is not need postDelayed
