05-14 15:28:53.213  4990 11974 D SubsysRadioIndication[0]: radioQosPeriodReportInd result [8, -64, -3, -47, -89, 9, 34, 10, 8, -120, -15, -47, -89, 9, 16, 1, 32, 3, 66, 0, 90, 0, 98, 0]
05-14 15:28:53.213  3167  4407 D OplusWifiSarManager: set wifi_dbs_enable to false
05-14 15:28:53.213  3167  4407 D OplusWifiSarManager: wifiBand mWifi2gState:true mWifi5gState: false mWifi5gBand:WIFI_5G_DISABLE mWifi6gBand:WIFI_5G_DISABLE
05-14 15:28:53.213  3167  4407 I OplusWifiSarManager: sar sensor state:
05-14 15:28:53.213  3167  4407 I OplusWifiSarManager: sensor index: 0, state: null
05-14 15:28:53.213  3167  4407 I OplusWifiSarManager: sensor index: 1, state: null
05-14 15:28:53.213  3167  4407 I OplusWifiSarManager: sensor index: 2, state: null
05-14 15:28:53.213  3167  4407 I OplusWifiSarManager: sensor index: 3, state: null
05-14 15:28:53.213  3167  4407 I OplusWifiSarManager: sensor index: 4, state: null
05-14 15:28:53.213  3167  4407 I OplusWifiSarManager: sensor index: 5, state: null
05-14 15:28:53.213  3167  4407 I OplusWifiSarManager: sensor index: 6, state: null
05-14 15:28:53.213  3167  4407 I OplusWifiSarManager: sensor index: 7, state: null
05-14 15:28:53.213  3167  4407 I OplusWifiSarManager: sensor index: 8, state: null
05-14 15:28:53.213  3167  4407 I OplusWifiSarManager: sensor index: 9, state: null
05-14 15:28:53.213  3167  4407 I OplusWifiSarManager: sensor index: 10, state: null
05-14 15:28:53.213  3167  4407 I OplusWifiSarManager: sensor index: 11, state: null
05-14 15:28:53.213  3167  4407 I OplusWifiSarManager: sensor index: 12, state: null
05-14 15:28:53.213  3167  4407 I OplusWifiSarManager: sensor index: 13, state: null
05-14 15:28:53.213  3167  4407 I OplusWifiSarManager: sensor index: 14, state: null
05-14 15:28:53.213  3167  4407 I OplusWifiSarManager: sensor index: 15, state: null
05-14 15:28:53.213  3167  4407 I OplusWifiSarManager: project: 24881, country: IN
05-14 15:28:53.213  3167  4407 I OplusWifiSarManager: sensor state: earpiece: 128, sensor: null, isScreenOn: true
05-14 15:28:53.213  3167  4407 I OplusWifiSarManager: modem state: mCellOn: false mDataOn: true mData5gOn: true
05-14 15:28:53.213 16732 23938 D oplus_bt_power: [oplus_bt_power.cc:130]  set_max_power_impl, state = 0x161
05-14 15:28:53.213  3167  4407 I OplusWifiSarManager: wifi state: mWifiConnected: false mWifiSapEnabled: true mWifiP2pConnected: false mWifi2gState: true mWifi5gState: false mWifi5gBand: WIFI_5G_DISABLE mWifi6gBand: WIFI_5G_DISABLE mIsBluetoothTxOn: true
05-14 15:28:53.213  3167  4407 I OplusWifiSarManager: mSta5gBand: WIFI_5G_DISABLE , mP2p5gBand: WIFI_5G_DISABLE , mSap5gBand: WIFI_5G_DISABLE , mSta6gBand: WIFI_5G_DISABLE , mP2p6gBand: WIFI_5G_DISABLE , mSap6gBand: WIFI_5G_DISABLE , wifiBand5g: WIFI_5G_DISABLE , wifiBand6g: WIFI_5G_DISABLE
05-14 15:28:53.213 16732 23938 E oplus_bt_power: [oplus_bt_power.cc:145]  dcsar not support or not on
05-14 15:28:53.213  3167  4407 I OplusWifiSarManager: wifisar engineerMode state: enable: false, Regdomain: , modemWorkType(2:4G, 3:5G): -1, sensorWorkType: -1, wifiChannel2.4G: -1, wifiChannel5G: -1, wifiChannel6G: -1 mWifiSarTestFoldWorkType((1=unfold,0=fold)):-1, bt work type: -1, hotspot work type: -1
05-14 15:28:53.213 16732 23938 D oplus_bt_power: [oplus_bt_power.cc:203]  set_max_power_impl, state_key = 0000000101100001, br_sar=0x44, edr_sar=0x3e, ble_sar=0x18
05-14 15:28:53.213 16732 23938 D oplus_bt_iot_deivice_identity: [oplus_bt_stack_device_identity.cc:661] oplus_is_tv: cod is 0x240404
05-14 15:28:53.213  3167  4407 I OplusWifiSarManager: sensor index: 13, max: 16
05-14 15:28:53.213 16732 23938 D oplus_bt_hpm: [oplus_bt_hpm.cc:724] oplus_bt_hpm_is_processed_sar: acl_num = 1, is_oplus_active_link = true, sar_edr = 62
05-14 15:28:53.213  3167  4407 D OplusWifiSarManager:  state: 11110001001110000 country: IN
05-14 15:28:53.213 16732 23938 D oplus_bt_hpm: [oplus_bt_hpm.cc:675] oplus_bt_hpm_notify_sar_state: edr_sar = 62, edr_normal = 56, edr_hpm = 62
05-14 15:28:53.213 16732 23938 D oplus_bt_power: [oplus_bt_power.cc:219]  send_vendor_sar_command, br_sar=0x44, edr_sar=0x3e, ble_sar=0x18
05-14 15:28:53.213 16732 23938 D bt_shim_hci: [hci_layer.cc:235] transmit_command: Sending command Unknown OpCode(0xfcda)
05-14 15:28:53.213  4990  5848 D SubsysRadioIndication[1]: radioQosPeriodReportInd result [8, -64, -3, -47, -89, 9, 18, 19, 8, -34, -5, -47, -89, 9, 16, 3, 32, -114, 2, 40, 7, 56, 102, 64, 7, 72, 50, 26, 13, 8, -89, -3, -47, -89, 9, 16, 6, 40, 7, 56, -120, 7, 34, 10, 8, -120, -15, -47, -89, 9, 16, 1, 32, 3, 58, 61, 8, -19, -4, -47, -89, 9, 16, 5, 24, -50, -56, 9, 32, -109, 5, 40, -99, -1, -1, -1, -1, -1, -1, -1, -1, 1, 48, -10, -1, -1, -1, -1, -1, -1, -1, -1, 1, 56, 17, 64, -99, -1, -1, -1, -1, -1, -1, -1, -1, 1, 72, -112, -1, -1, -1, -1, -1, -1, -1, -1, 1, 66, 46, 8, -61, -7, -47, -89, 9, 16, 5, 24, 2, 34, 19, 8, -50, -56, 9, 16, -109, 5, 24, 28, 32, 2, 40, -110, -128, -98, -127, 12, 48, 1, 34, 13, 8, -32, -39, 38, 16, -35, 2, 24, 78, 32, 13, 48, 2, 90, 0, 98, 10, 8, -120, -15, -47, -89, 9, 16, 3, 24, 5, 122, 20, 8, -89, -3, -47, -89, 9, 16, -1, -1, 1, 24, -1, -1, 1, 32, -1, -1, -1, -1, 15]
05-14 15:28:53.214  1853  1853 D vendor.qti.bluetooth@1.1-ibs_handler: SerialClockVote: vote for UART CLK ON
05-14 15:28:53.214  4990  4990 D SubsysEventListenerManager-SubsysTelephonyCallback[1]: onDataActivity
05-14 15:28:53.214  4990  4990 D DataService[1]: onDataActivity direction:3
05-14 15:28:53.215  4990  4990 D NetworkService[0]: handleMessage what:1005
05-14 15:28:53.215  4990  4990 D RadioAtomTracker: parseQosPeriodData ModemQos:CellularQosInfo-1{0G, -1/-1, EndcState=0, Band=-1, DLBW=-1, Rsrp=-1, Rsrq=-1, Snr=-999, SvcStatus=0, ULPDCPNumDataPdu=-1, ULPDCPNumDropPdu=-1, ULPDCPTput=-1, ULRLCNumDataPdu=-1, ULRLCNumRetxPdu=-1, ULGrant=-1, ULBSR=-1, ULBler=-1, DLPDCPNumDataPdu=-1, DLPDCPTput=-1, DLRLCNumDataPdu=-1, DLRLCNumRetxPdu=-1, DLRLCNumDropPdu=-1, DLMACPaddingBytes=-1, DLPdcpNumMissToUppPdu=-1, DLBler=-1, RlfCount=0, CellChangeCount=0, IsRedirectionOccur=0, IsDualSimConflict=0, Latency=0, Sub1RrcState=0, Sub2RrcState=3, RachCount=0, CalcPower=-1, Mtpl=-1, PathLoss=-1, CellLoad=0}
05-14 15:28:53.215  4990  4990 D NetworkService[0]: EVENT_REG_QOS_PERIOD_REPORT_IND_CHANGED ENTER
05-14 15:28:53.215  4990  4990 D NetworkService[1]: handleMessage what:1005
05-14 15:28:53.216  1853  1853 E vendor.qti.bluetooth@1.1-wake_lock: Acquire write to wakelock file failed -1 - Operation not permitted
05-14 15:28:53.216  1853  1853 I vendor.qti.bluetooth@1.1-ibs_handler: DeviceWakeUp: Writing IBS_WAKE_IND
05-14 15:28:53.216  1853 16819 I vendor.qti.bluetooth@1.1-ibs_handler: ProcessIbsCmd: Received IBS_WAKE_ACK: 0xFC
05-14 15:28:53.216  1853 16819 I vendor.qti.bluetooth@1.1-ibs_handler: ProcessIbsCmd: Signal wack_cond_
05-14 15:28:53.216  1853  1853 D vendor.qti.bluetooth@1.1-ibs_handler: DeviceWakeUp: Unblocked from waiting for FC, pthread_cond_timedwait ret = 0
05-14 15:28:53.216  4990  4990 D RadioAtomTracker: parseQosPeriodData ModemQos:CellularQosInfo1{5G, 156750/659, EndcState=2, Band=28, DLBW=2, Rsrp=-99, Rsrq=-10, Snr=17, SvcStatus=3, ULPDCPNumDataPdu=3, ULPDCPNumDropPdu=0, ULPDCPTput=270, ULRLCNumDataPdu=7, ULRLCNumRetxPdu=0, ULGrant=102, ULBSR=7, ULBler=50, DLPDCPNumDataPdu=7, DLPDCPTput=904, DLRLCNumDataPdu=6, DLRLCNumRetxPdu=0, DLRLCNumDropPdu=0, DLMACPaddingBytes=0, DLPdcpNumMissToUppPdu=0, DLBler=0, RlfCount=0, CellChangeCount=0, IsRedirectionOccur=0, IsDualSimConflict=0, Latency=0, Sub1RrcState=0, Sub2RrcState=3, RachCount=0, CalcPower=32767, Mtpl=32767, PathLoss=-1, CellLoad=0}
05-14 15:28:53.217  1853 16819 I vendor.qti.bluetooth@1.1-ibs_handler: ProcessIbsCmd: Received IBS_WAKE_IND: 0xFD
05-14 15:28:53.217  1853 16819 I vendor.qti.bluetooth@1.1-ibs_handler: ProcessIbsCmd: Writing IBS_WAKE_ACK
05-14 15:28:53.219 16732 16838 I BluetoothHciVendorSpecificJni: [com_android_bluetooth_BluetoothHciVendorSpecific.cpp:84] onEvent: 
05-14 15:28:53.219 16732 16791 D bt_shim_hci: [hci_layer.cc:196] OnTransmitPacketCommandComplete: Received cmd complete for Unknown OpCode(0xfcda)
05-14 15:28:53.218  4567  4567 D Tile.OplusCellularTile: refreshState: tile not listening, ignore
05-14 15:28:53.219 16732 16781 D oplus_bt_power: [oplus_bt_power.cc:345]  power_cntrl_callback: param->opcode=fcda subopcode=e status=0
05-14 15:28:53.220  4567  4767 I SystemUi--Statusbar: MobileConnectionRepositoryImpl-->subId:1 isSoftSimCard:false slotId:1
05-14 15:28:53.220  4990  4990 D NetworkService[1]: EVENT_REG_QOS_PERIOD_REPORT_IND_CHANGED ENTER
05-14 15:28:53.245  1980  1980 D SensorFeature: name=ssc_screenshot_info ,index = 22
05-14 15:28:53.245  1980  1980 D SensorFeature: write 39 bytes:746159176955531,746159188066642,59597,0
05-14 15:28:53.258  1853 16819 I vendor.qti.bluetooth@1.1-ibs_handler: ProcessIbsCmd: Received IBS_SLEEP_IND: 0xFE
05-14 15:28:53.351  4990  5763 D RadioProxyJ[1]: [80231]> getRRCStatus
05-14 15:28:53.352  3332  3380 D QmiNasClient: getRRCStatus - enter
05-14 15:28:53.355  3332  3775 D QmiNasClient: getRRCStatus callback - enter
05-14 15:28:53.355  3332  3775 D QmiNasClient: getRRCStatus result.rsp.rrcStatusInfo.rrcStatus = 1
05-14 15:28:53.355  3332  3380 D NasProxy: handleMessage msg is 4001
05-14 15:28:53.356  3332  3380 D RadioProxy: getRRCStatus : response cb for instance 1
05-14 15:28:53.356  4990  5848 D RadioProxyJ[1]: [80231]< getRRCStatusResponse 1
05-14 15:28:53.356  4990  5763 D CoexRfService: report RRC state:true
05-14 15:28:53.425  1868 26641 I sensors-hal: handle_oplus_wise_rgb_event:160, wise_rgb:(34406)(cct,lux,ir)[7444.15, 73.35, 59.676662](rgbc)[4336.04, 3498.34, 2376.81, 9128.74](pwm,hbm,brl,algo)[0.0 0.0 1259.0 2.0],flag 59597
05-14 15:28:53.459  4990  7375 D ShortVideoApp-167-10201: transport layer data is invalid
05-14 15:28:53.460  4990  7375 D ScorePolicy: handleScoreChanged: []
05-14 15:28:53.460  4990  7375 D ScorePolicy: handleScoreChanged: []
05-14 15:28:53.460  4990  7375 D ScorePolicy: handleScoreChanged: []
05-14 15:28:53.520  1980  1980 D SensorFeature: name=ssc_screenshot_info ,index = 22
05-14 15:28:53.520  1980  1980 D SensorFeature: write 39 bytes:746159451407302,746159462518413,59598,0
05-14 15:28:53.548  1946 15903 W QC2Comp : [vp9D_157] Skipping empty output buffer
05-14 15:28:53.612  1922 24762 I [UAH_CLIENT]: UahRelease, handle:311944
05-14 15:28:53.615  1922 22674 I [UAH_CLIENT]: UahPlatformResAcquire
05-14 15:28:53.615  1922 22674 I [UAH_CLIENT]: UahEventAcquire, cmdid:-3, pkg:1922 22674, identity:qcom-perfd
05-14 15:28:53.618  1922  2093 E ANDR-PERF-UTIL: ANDR-PERF-UTIL: save_node_val() 366: Failed to read /sys/devices/system/cpu/cpu3/cpufreq/walt/pl
05-14 15:28:53.619  1922  2093 E ANDR-PERF-OPTSHANDLER: ANDR-PERF-OPTSHANDLER: modify_sysfsnode() 1095: Failed to read /sys/devices/system/cpu/cpu3/cpufreq/walt/pl
05-14 15:28:53.619  1922  2093 E ANDR-PERF-RESOURCEQS: ANDR-PERF-RESOURCEQS: AddAndApply() 167: Failed to apply optimization [5, 17]
05-14 15:28:53.619  1922  2093 E ANDR-PERF-UTIL: ANDR-PERF-UTIL: save_node_val() 366: Failed to read /sys/devices/system/cpu/cpu0/cpufreq/walt/pl
05-14 15:28:53.619  1922  2093 E ANDR-PERF-OPTSHANDLER: ANDR-PERF-OPTSHANDLER: modify_sysfsnode() 1095: Failed to read /sys/devices/system/cpu/cpu0/cpufreq/walt/pl
05-14 15:28:53.619  1922  2093 E ANDR-PERF-RESOURCEQS: ANDR-PERF-RESOURCEQS: AddAndApply() 167: Failed to apply optimization [5, 17]
05-14 15:28:53.619  1922  2093 E ANDR-PERF-UTIL: ANDR-PERF-UTIL: save_node_val() 366: Failed to read /sys/devices/system/cpu/cpu7/cpufreq/walt/pl
05-14 15:28:53.619  1922  2093 E ANDR-PERF-OPTSHANDLER: ANDR-PERF-OPTSHANDLER: modify_sysfsnode() 1095: Failed to read /sys/devices/system/cpu/cpu7/cpufreq/walt/pl
05-14 15:28:53.619  1922  2093 E ANDR-PERF-RESOURCEQS: ANDR-PERF-RESOURCEQS: AddAndApply() 167: Failed to apply optimization [5, 17]
05-14 15:28:53.619  1922  2093 E ANDR-PERF-RESOURCEQS: ANDR-PERF-RESOURCEQS: AddAndApply() 125: Resource with major=16, minor=41 not supported
05-14 15:28:53.640  3332  3821 D QmiClient: qmiServiceEventCallback recv msg id 47
05-14 15:28:53.640  3332  3821 D QmiClient: enter -mServiceType 10 onQmiServiceEventCallback msgId 47
05-14 15:28:53.640  3332  3821 D QmiClient: onQmiServiceEventCallback - enter. msgId=47
05-14 15:28:53.640  3332  3375 D OttProxy: handleMessage msg is 3001
05-14 15:28:53.641  4990  5848 D SubsysRadioIndication[1]: radioLinkLatencyInfoInd
05-14 15:28:53.641  4990  5848 D SubsysRadioIndication[1]: notify enter
05-14 15:28:53.642  4990  4990 D NetworkService[1]: handleMessage what:1008
05-14 15:28:53.642  4990  4990 D NetworkService[1]: EVENT_REG_LINK_LATENCY_INFO_CHANGE ulLatency:19361
05-14 15:28:53.664 12116 15900 W OplusFeedbackInfo: 0xb400007a2c552200 c2.qti.vp9.decoder codec[0xb400007a4ffe6800] 854x480 inputFps=26 outputFps=26 renderFps=25, discardFps=0
05-14 15:28:53.688  1868 23867 I sensors-hal: handle_oplus_wise_rgb_event:189, high_pwm_light:lux 71.1,cct 7358.7,brl/algo/ir 1259.0/2.0/59.0,pwm/dc 0.0/0.0,rgbc 4450.753906/3596.197510/2441.190918/9391.037109,ts 746159423758530,cnt 34410,flag 59598
05-14 15:28:53.688  1868 26641 I sensors-hal: handle_oplus_wise_rgb_event:160, wise_rgb:(34411)(cct,lux,ir)[7358.71, 71.07, 59.034393](rgbc)[4524.17, 3689.16, 2527.04, 9540.92](pwm,hbm,brl,algo)[0.0 0.0 1259.0 2.0],flag 59598
05-14 15:28:53.726 16732 16781 D bt_shim_hci: [hci_layer.cc:235] transmit_command: Sending command LE_ENERGY_INFO(0xfd59)
05-14 15:28:53.728  1853 16819 I vendor.qti.bluetooth@1.1-ibs_handler: ProcessIbsCmd: Received IBS_WAKE_IND: 0xFD
05-14 15:28:53.728  1853 16819 I vendor.qti.bluetooth@1.1-ibs_handler: ProcessIbsCmd: Writing IBS_WAKE_ACK
05-14 15:28:53.730 16732 16791 D bt_shim_hci: [hci_layer.cc:196] OnTransmitPacketCommandComplete: Received cmd complete for LE_ENERGY_INFO(0xfd59)
05-14 15:28:53.731 16732 16781 D bt_btm_pm: [btm_pm.cc:1009] BTM_PM_ReadBleScanDutyCycle: LE scan_window:256 scan interval:5120
05-14 15:28:53.731 16732 16781 I bluetooth: [client.cc:1210] IsInStreaming: audio_sender_state_: IDLE, audio_receiver_state_: IDLE
05-14 15:28:53.731 16732 16781 D bt_bta_dm: [bta_dm_act.cc:1751] bta_dm_obtain_system_context: active_acl_num 1 sniff_acl_num 0 le_acl_num 0 le_adv_num 0 le_scan_duty 5 inquiry false sco false a2dp true le_audio false ctrl_state 0x410001
05-14 15:28:53.734 16732 23938 I OplusBluetoothSarManager: is same sar state, keep current sar value
05-14 15:28:53.769  1853 16819 I vendor.qti.bluetooth@1.1-ibs_handler: ProcessIbsCmd: Received IBS_SLEEP_IND: 0xFE
05-14 15:28:53.778  6172 12315 E oiface  : sched_setaffinity failed
05-14 15:28:53.798  1980  1980 D SensorFeature: name=ssc_screenshot_info ,index = 22
05-14 15:28:53.799  1980  1980 D SensorFeature: write 39 bytes:746159726154142,746159741185808,59599,0
